0 verbose cli C:\Program Files\nodejs\node.exe C:\Program Files\nodejs\node_modules\npm\bin\npm-cli.js
1 info using npm@11.19.0
2 info using node@v26.7.0
3 silly config load:file:C:\Program Files\nodejs\node_modules\npm\npmrc
4 silly config load:file:C:\Users\G E N O\Downloads\dody-birth\.npmrc
5 silly config load:file:C:\Users\G E N O\.npmrc
6 silly config load:file:C:\Users\G E N O\AppData\Roaming\npm\etc\npmrc
7 verbose title npm install
8 verbose argv "install" "--cache" ".npm-cache" "--loglevel" "error"
9 verbose logfile logs-max:10 dir:C:\Users\G E N O\Downloads\dody-birth\.npm-cache\_logs\2026-09-01T20_05_56_888Z-
10 verbose logfile C:\Users\G E N O\Downloads\dody-birth\.npm-cache\_logs\2026-09-01T20_05_56_888Z-debug-0.log
11 silly logfile done cleaning log files
12 silly packumentCache heap:2248146944 maxSize:562036736 maxEntrySize:281018368
13 silly idealTree buildDeps
14 silly fetch manifest @vitejs/plugin-react@latest
15 silly packumentCache full:https://registry.npmjs.org/@vitejs%2fplugin-react cache-miss
16 http fetch GET 200 https://registry.npmjs.org/@vitejs%2fplugin-react 10160ms (cache miss)
17 silly packumentCache full:https://registry.npmjs.org/@vitejs%2fplugin-react set size:undefined disposed:false
18 silly fetch manifest @rolldown/plugin-babel@^0.1.7 || ^0.2.0
19 silly packumentCache full:https://registry.npmjs.org/@rolldown%2fplugin-babel cache-miss
20 http fetch GET 200 https://registry.npmjs.org/@rolldown%2fplugin-babel 242ms (cache miss)
21 silly packumentCache full:https://registry.npmjs.org/@rolldown%2fplugin-babel set size:undefined disposed:false
22 silly fetch manifest @babel/core@^7.29.0 || ^8.0.0-rc.1
23 silly packumentCache full:https://registry.npmjs.org/@babel%2fcore cache-miss
24 http fetch GET 200 https://registry.npmjs.org/npm 11752ms
25 http fetch GET 200 https://registry.npmjs.org/@babel%2fcore 1402ms (cache miss)
26 silly packumentCache full:https://registry.npmjs.org/@babel%2fcore set size:undefined disposed:false
27 silly fetch manifest @babel/plugin-transform-runtime@^7.29.0 || ^8.0.0-rc.1
28 silly packumentCache full:https://registry.npmjs.org/@babel%2fplugin-transform-runtime cache-miss
29 http fetch GET 200 https://registry.npmjs.org/@babel%2fplugin-transform-runtime 875ms (cache miss)
30 silly packumentCache full:https://registry.npmjs.org/@babel%2fplugin-transform-runtime set size:undefined disposed:false
31 silly fetch manifest @babel/runtime@^7.27.0 || ^8.0.0-rc.1
32 silly packumentCache full:https://registry.npmjs.org/@babel%2fruntime cache-miss
33 http fetch GET 200 https://registry.npmjs.org/@babel%2fruntime 909ms (cache miss)
34 silly packumentCache full:https://registry.npmjs.org/@babel%2fruntime set size:undefined disposed:false
35 silly fetch manifest rolldown@^1.0.0-rc.5
36 silly packumentCache full:https://registry.npmjs.org/rolldown cache-miss
37 http fetch GET 200 https://registry.npmjs.org/rolldown 1677ms (cache miss)
38 silly packumentCache full:https://registry.npmjs.org/rolldown set size:undefined disposed:false
39 silly fetch manifest vite@latest
40 silly packumentCache full:https://registry.npmjs.org/vite cache-miss
41 http fetch GET 200 https://registry.npmjs.org/vite 106933ms (cache miss)
42 silly packumentCache full:https://registry.npmjs.org/vite set size:undefined disposed:false
43 silly fetch manifest @types/node@^20.19.0 || >=22.12.0
44 silly packumentCache full:https://registry.npmjs.org/@types%2fnode cache-miss
45 http fetch GET 200 https://registry.npmjs.org/@types%2fnode 11407ms (cache miss)
46 silly packumentCache full:https://registry.npmjs.org/@types%2fnode set size:undefined disposed:false
47 silly fetch manifest @vitejs/devtools@^0.4.0 || ^0.5.0
48 silly packumentCache full:https://registry.npmjs.org/@vitejs%2fdevtools cache-miss
49 http fetch GET 200 https://registry.npmjs.org/@vitejs%2fdevtools 4298ms (cache miss)
50 silly packumentCache full:https://registry.npmjs.org/@vitejs%2fdevtools set size:undefined disposed:false
51 silly fetch manifest @vitejs/devtools-oxc@^0.5.2
52 silly packumentCache full:https://registry.npmjs.org/@vitejs%2fdevtools-oxc cache-miss
53 http fetch GET 200 https://registry.npmjs.org/@vitejs%2fdevtools-oxc 844ms (cache miss)
54 silly packumentCache full:https://registry.npmjs.org/@vitejs%2fdevtools-oxc set size:undefined disposed:false
55 silly fetch manifest @vitejs/devtools-rolldown@^0.5.2
56 silly packumentCache full:https://registry.npmjs.org/@vitejs%2fdevtools-rolldown cache-miss
57 http fetch GET 200 https://registry.npmjs.org/@vitejs%2fdevtools-rolldown 1311ms (cache miss)
58 silly packumentCache full:https://registry.npmjs.org/@vitejs%2fdevtools-rolldown set size:undefined disposed:false
59 silly fetch manifest @vitejs/devtools-vite@^0.5.2
60 silly packumentCache full:https://registry.npmjs.org/@vitejs%2fdevtools-vite cache-miss
61 http fetch GET 200 https://registry.npmjs.org/@vitejs%2fdevtools-vite 808ms (cache miss)
62 silly packumentCache full:https://registry.npmjs.org/@vitejs%2fdevtools-vite set size:undefined disposed:false
63 silly fetch manifest @vitejs/devtools-vitest@^0.5.2
64 silly packumentCache full:https://registry.npmjs.org/@vitejs%2fdevtools-vitest cache-miss
65 http cache https://registry.npmjs.org/@vitejs%2fdevtools-vitest 287ms (cache hit)
66 silly packumentCache full:https://registry.npmjs.org/@vitejs%2fdevtools-vitest set size:42113 disposed:false
67 silly fetch manifest vitest@*
68 silly packumentCache full:https://registry.npmjs.org/vitest cache-miss
69 http fetch GET 200 https://registry.npmjs.org/vitest 11548ms (cache miss)
70 silly packumentCache full:https://registry.npmjs.org/vitest set size:undefined disposed:false
71 silly fetch manifest @edge-runtime/vm@*
72 silly packumentCache full:https://registry.npmjs.org/@edge-runtime%2fvm cache-miss
73 http cache https://registry.npmjs.org/@edge-runtime%2fvm 13ms (cache hit)
74 silly packumentCache full:https://registry.npmjs.org/@edge-runtime%2fvm set size:269934 disposed:false
75 silly fetch manifest @opentelemetry/api@^1.9.0
76 silly packumentCache full:https://registry.npmjs.org/@opentelemetry%2fapi cache-miss
77 http cache https://registry.npmjs.org/@opentelemetry%2fapi 102ms (cache hit)
78 silly packumentCache full:https://registry.npmjs.org/@opentelemetry%2fapi set size:272967 disposed:false
79 silly fetch manifest @vitest/browser-playwright@4.1.11
80 silly packumentCache full:https://registry.npmjs.org/@vitest%2fbrowser-playwright cache-miss
81 http cache https://registry.npmjs.org/@vitest%2fbrowser-playwright 60ms (cache hit)
82 silly packumentCache full:https://registry.npmjs.org/@vitest%2fbrowser-playwright set size:151058 disposed:false
83 silly fetch manifest playwright@*
84 silly packumentCache full:https://registry.npmjs.org/playwright cache-miss
85 http fetch GET 200 https://registry.npmjs.org/playwright 19982ms (cache miss)
86 silly packumentCache full:https://registry.npmjs.org/playwright set size:undefined disposed:false
87 silly fetch manifest @vitest/browser-preview@4.1.11
88 silly packumentCache full:https://registry.npmjs.org/@vitest%2fbrowser-preview cache-miss
89 http fetch GET 200 https://registry.npmjs.org/@vitest%2fbrowser-preview 592ms (cache miss)
90 silly packumentCache full:https://registry.npmjs.org/@vitest%2fbrowser-preview set size:undefined disposed:false
91 silly fetch manifest @vitest/browser-webdriverio@4.1.11
92 silly packumentCache full:https://registry.npmjs.org/@vitest%2fbrowser-webdriverio cache-miss
93 http fetch GET 200 https://registry.npmjs.org/@vitest%2fbrowser-webdriverio 177ms (cache miss)
94 silly packumentCache full:https://registry.npmjs.org/@vitest%2fbrowser-webdriverio set size:undefined disposed:false
95 silly fetch manifest webdriverio@*
96 silly packumentCache full:https://registry.npmjs.org/webdriverio cache-miss
97 http fetch GET 200 https://registry.npmjs.org/webdriverio 7468ms (cache miss)
98 silly packumentCache full:https://registry.npmjs.org/webdriverio set size:undefined disposed:false
99 silly fetch manifest puppeteer-core@>=22.x <=24.x
100 silly packumentCache full:https://registry.npmjs.org/puppeteer-core cache-miss
101 http fetch GET 200 https://registry.npmjs.org/puppeteer-core 1331ms (cache miss)
102 silly packumentCache full:https://registry.npmjs.org/puppeteer-core set size:undefined disposed:false
103 silly fetch manifest @vitest/coverage-istanbul@4.1.11
104 silly packumentCache full:https://registry.npmjs.org/@vitest%2fcoverage-istanbul cache-miss
105 http fetch GET 200 https://registry.npmjs.org/@vitest%2fcoverage-istanbul 1344ms (cache miss)
106 silly packumentCache full:https://registry.npmjs.org/@vitest%2fcoverage-istanbul set size:undefined disposed:false
107 silly fetch manifest @vitest/coverage-v8@4.1.11
108 silly packumentCache full:https://registry.npmjs.org/@vitest%2fcoverage-v8 cache-miss
109 http fetch GET 200 https://registry.npmjs.org/@vitest%2fcoverage-v8 873ms (cache miss)
110 silly packumentCache full:https://registry.npmjs.org/@vitest%2fcoverage-v8 set size:undefined disposed:false
111 silly fetch manifest @vitest/browser@4.1.11
112 silly packumentCache full:https://registry.npmjs.org/@vitest%2fbrowser cache-miss
113 http fetch GET 200 https://registry.npmjs.org/@vitest%2fbrowser 1660ms (cache miss)
114 silly packumentCache full:https://registry.npmjs.org/@vitest%2fbrowser set size:undefined disposed:false
115 silly fetch manifest @vitest/ui@4.1.11
116 silly packumentCache full:https://registry.npmjs.org/@vitest%2fui cache-miss
117 http fetch GET 200 https://registry.npmjs.org/@vitest%2fui 1954ms (cache miss)
118 silly packumentCache full:https://registry.npmjs.org/@vitest%2fui set size:undefined disposed:false
119 silly fetch manifest happy-dom@*
120 silly packumentCache full:https://registry.npmjs.org/happy-dom cache-miss
121 http fetch GET 200 https://registry.npmjs.org/happy-dom 5659ms (cache miss)
122 silly packumentCache full:https://registry.npmjs.org/happy-dom set size:undefined disposed:false
123 silly fetch manifest jsdom@*
124 silly packumentCache full:https://registry.npmjs.org/jsdom cache-miss
125 http cache https://registry.npmjs.org/jsdom 139ms (cache hit)
126 silly packumentCache full:https://registry.npmjs.org/jsdom set size:1074418 disposed:false
127 silly fetch manifest canvas@^3.2.3
128 silly packumentCache full:https://registry.npmjs.org/canvas cache-miss
129 http fetch GET 200 https://registry.npmjs.org/canvas 330ms (cache miss)
130 silly packumentCache full:https://registry.npmjs.org/canvas set size:undefined disposed:false
131 silly fetch manifest esbuild@^0.27.0 || ^0.28.0
132 silly packumentCache full:https://registry.npmjs.org/esbuild cache-miss
133 http fetch GET 200 https://registry.npmjs.org/esbuild 2476ms (cache miss)
134 silly packumentCache full:https://registry.npmjs.org/esbuild set size:undefined disposed:false
135 silly fetch manifest jiti@>=1.21.0
136 silly packumentCache full:https://registry.npmjs.org/jiti cache-miss
137 http fetch GET 200 https://registry.npmjs.org/jiti 412ms (cache miss)
138 silly packumentCache full:https://registry.npmjs.org/jiti set size:undefined disposed:false
139 silly fetch manifest less@^4.0.0
140 silly packumentCache full:https://registry.npmjs.org/less cache-miss
141 http fetch GET 200 https://registry.npmjs.org/less 647ms (cache miss)
142 silly packumentCache full:https://registry.npmjs.org/less set size:undefined disposed:false
143 silly fetch manifest sass@^1.70.0
144 silly packumentCache full:https://registry.npmjs.org/sass cache-miss
145 http fetch GET 200 https://registry.npmjs.org/sass 1061ms (cache miss)
146 silly packumentCache full:https://registry.npmjs.org/sass set size:undefined disposed:false
147 silly fetch manifest sass-embedded@^1.70.0
148 silly packumentCache full:https://registry.npmjs.org/sass-embedded cache-miss
149 http fetch GET 200 https://registry.npmjs.org/sass-embedded 628ms (cache miss)
150 silly packumentCache full:https://registry.npmjs.org/sass-embedded set size:undefined disposed:false
151 silly fetch manifest stylus@>=0.54.8
152 silly packumentCache full:https://registry.npmjs.org/stylus cache-miss
153 http cache https://registry.npmjs.org/stylus 205ms (cache hit)
154 silly packumentCache full:https://registry.npmjs.org/stylus set size:286766 disposed:false
155 silly fetch manifest sugarss@^5.0.0
156 silly packumentCache full:https://registry.npmjs.org/sugarss cache-miss
157 http cache https://registry.npmjs.org/sugarss 33ms (cache hit)
158 silly packumentCache full:https://registry.npmjs.org/sugarss set size:44975 disposed:false
159 silly fetch manifest postcss@^8.3.3
160 silly packumentCache full:https://registry.npmjs.org/postcss cache-miss
161 http fetch GET 200 https://registry.npmjs.org/postcss 685ms (cache miss)
162 silly packumentCache full:https://registry.npmjs.org/postcss set size:undefined disposed:false
163 silly fetch manifest terser@^5.16.0
164 silly packumentCache full:https://registry.npmjs.org/terser cache-miss
165 http fetch GET 200 https://registry.npmjs.org/terser 1256ms (cache miss)
166 silly packumentCache full:https://registry.npmjs.org/terser set size:undefined disposed:false
167 silly fetch manifest tsx@^4.8.1
168 silly packumentCache full:https://registry.npmjs.org/tsx cache-miss
169 http fetch GET 200 https://registry.npmjs.org/tsx 531ms (cache miss)
170 silly packumentCache full:https://registry.npmjs.org/tsx set size:undefined disposed:false
171 silly fetch manifest yaml@^2.4.2
172 silly packumentCache full:https://registry.npmjs.org/yaml cache-miss
173 http fetch GET 200 https://registry.npmjs.org/yaml 870ms (cache miss)
174 silly packumentCache full:https://registry.npmjs.org/yaml set size:undefined disposed:false
175 silly fetch manifest babel-plugin-react-compiler@^1.0.0
176 silly packumentCache full:https://registry.npmjs.org/babel-plugin-react-compiler cache-miss
177 http fetch GET 200 https://registry.npmjs.org/babel-plugin-react-compiler 1035ms (cache miss)
178 silly packumentCache full:https://registry.npmjs.org/babel-plugin-react-compiler set size:undefined disposed:false
179 silly fetch manifest oxc-transform-react@^0.145.0
180 silly packumentCache full:https://registry.npmjs.org/oxc-transform-react cache-miss
181 http fetch GET 200 https://registry.npmjs.org/oxc-transform-react 327ms (cache miss)
182 silly packumentCache full:https://registry.npmjs.org/oxc-transform-react set size:undefined disposed:false
183 silly fetch manifest react@latest
184 silly packumentCache full:https://registry.npmjs.org/react cache-miss
185 http fetch GET 200 https://registry.npmjs.org/react 5558ms (cache miss)
186 silly packumentCache full:https://registry.npmjs.org/react set size:undefined disposed:false
187 silly fetch manifest react-dom@latest
188 silly packumentCache full:https://registry.npmjs.org/react-dom cache-miss
189 http fetch GET 200 https://registry.npmjs.org/react-dom 9943ms (cache miss)
190 silly packumentCache full:https://registry.npmjs.org/react-dom set size:undefined disposed:false
191 silly placeDep ROOT @vitejs/plugin-react@6.1.1 OK for: mawada-memories@1.0.0 want: latest
192 silly placeDep ROOT vite@8.2.2 OK for: @vitejs/plugin-react@6.1.1 want: ^8.0.0
193 silly placeDep ROOT react@19.2.8 OK for: mawada-memories@1.0.0 want: latest
194 silly placeDep ROOT react-dom@19.2.8 OK for: mawada-memories@1.0.0 want: latest
195 silly fetch manifest @rolldown/pluginutils@^1.0.1
196 silly packumentCache full:https://registry.npmjs.org/@rolldown%2fpluginutils cache-miss
197 silly fetch manifest postcss@^8.5.26
198 silly packumentCache full:https://registry.npmjs.org/postcss cache-miss
199 silly fetch manifest rolldown@~1.2.4
200 silly packumentCache full:https://registry.npmjs.org/rolldown cache-miss
201 http cache https://registry.npmjs.org/postcss 26ms (cache hit)
202 silly packumentCache full:https://registry.npmjs.org/postcss set size:760024 disposed:false
203 silly fetch manifest picomatch@^4.0.5
204 silly packumentCache full:https://registry.npmjs.org/picomatch cache-miss
205 http cache https://registry.npmjs.org/rolldown 62ms (cache hit)
206 silly packumentCache full:https://registry.npmjs.org/rolldown set size:3801673 disposed:false
207 silly fetch manifest tinyglobby@^0.2.17
208 silly packumentCache full:https://registry.npmjs.org/tinyglobby cache-miss
209 http fetch GET 200 https://registry.npmjs.org/@rolldown%2fpluginutils 560ms (cache miss)
210 silly packumentCache full:https://registry.npmjs.org/@rolldown%2fpluginutils set size:undefined disposed:false
211 silly fetch manifest lightningcss@^1.33.0
212 silly packumentCache full:https://registry.npmjs.org/lightningcss cache-miss
213 http fetch GET 200 https://registry.npmjs.org/picomatch 785ms (cache miss)
214 silly packumentCache full:https://registry.npmjs.org/picomatch set size:undefined disposed:false
215 silly fetch manifest fsevents@~2.3.3
216 silly packumentCache full:https://registry.npmjs.org/fsevents cache-miss
217 http fetch GET 200 https://registry.npmjs.org/lightningcss 480ms (cache miss)
218 silly packumentCache full:https://registry.npmjs.org/lightningcss set size:undefined disposed:false
219 silly fetch manifest scheduler@^0.27.0
220 silly packumentCache full:https://registry.npmjs.org/scheduler cache-miss
221 http fetch GET 200 https://registry.npmjs.org/fsevents 570ms (cache miss)
222 silly packumentCache full:https://registry.npmjs.org/fsevents set size:undefined disposed:false
223 http fetch GET 200 https://registry.npmjs.org/tinyglobby 1399ms (cache miss)
224 silly packumentCache full:https://registry.npmjs.org/tinyglobby set size:undefined disposed:false
225 http fetch GET 200 https://registry.npmjs.org/scheduler 4740ms (cache miss)
226 silly packumentCache full:https://registry.npmjs.org/scheduler set size:undefined disposed:false
227 silly placeDep ROOT @rolldown/pluginutils@1.0.1 OK for: @vitejs/plugin-react@6.1.1 want: ^1.0.1
228 silly placeDep ROOT scheduler@0.27.0 OK for: react-dom@19.2.8 want: ^0.27.0
229 silly placeDep ROOT fsevents@2.3.3 OK for: vite@8.2.2 want: ~2.3.3
230 silly placeDep ROOT lightningcss@1.33.0 OK for: vite@8.2.2 want: ^1.33.0
231 silly placeDep ROOT picomatch@4.0.7 OK for: vite@8.2.2 want: ^4.0.5
232 silly placeDep ROOT postcss@8.5.26 OK for: vite@8.2.2 want: ^8.5.26
233 silly placeDep ROOT rolldown@1.2.6 OK for: vite@8.2.2 want: ~1.2.4
234 silly placeDep ROOT tinyglobby@0.2.17 OK for: vite@8.2.2 want: ^0.2.17
235 silly fetch manifest detect-libc@^2.0.3
236 silly packumentCache full:https://registry.npmjs.org/detect-libc cache-miss
237 silly fetch manifest lightningcss-darwin-x64@1.33.0
238 silly packumentCache full:https://registry.npmjs.org/lightningcss-darwin-x64 cache-miss
239 silly fetch manifest lightningcss-linux-x64-gnu@1.33.0
240 silly packumentCache full:https://registry.npmjs.org/lightningcss-linux-x64-gnu cache-miss
241 http fetch GET 200 https://registry.npmjs.org/lightningcss-darwin-x64 439ms (cache miss)
242 silly packumentCache full:https://registry.npmjs.org/lightningcss-darwin-x64 set size:undefined disposed:false
243 silly fetch manifest lightningcss-win32-x64-msvc@1.33.0
244 silly packumentCache full:https://registry.npmjs.org/lightningcss-win32-x64-msvc cache-miss
245 http fetch GET 200 https://registry.npmjs.org/lightningcss-linux-x64-gnu 453ms (cache miss)
246 silly packumentCache full:https://registry.npmjs.org/lightningcss-linux-x64-gnu set size:undefined disposed:false
247 silly fetch manifest lightningcss-win32-arm64-msvc@1.33.0
248 silly packumentCache full:https://registry.npmjs.org/lightningcss-win32-arm64-msvc cache-miss
249 http fetch GET 200 https://registry.npmjs.org/detect-libc 459ms (cache miss)
250 silly packumentCache full:https://registry.npmjs.org/detect-libc set size:undefined disposed:false
251 silly fetch manifest lightningcss-darwin-arm64@1.33.0
252 silly packumentCache full:https://registry.npmjs.org/lightningcss-darwin-arm64 cache-miss
253 http fetch GET 200 https://registry.npmjs.org/lightningcss-win32-x64-msvc 298ms (cache miss)
254 silly packumentCache full:https://registry.npmjs.org/lightningcss-win32-x64-msvc set size:undefined disposed:false
255 silly fetch manifest lightningcss-linux-arm64-gnu@1.33.0
256 silly packumentCache full:https://registry.npmjs.org/lightningcss-linux-arm64-gnu cache-miss
257 http fetch GET 200 https://registry.npmjs.org/lightningcss-win32-arm64-msvc 296ms (cache miss)
258 silly packumentCache full:https://registry.npmjs.org/lightningcss-win32-arm64-msvc set size:undefined disposed:false
259 silly fetch manifest lightningcss-linux-arm-gnueabihf@1.33.0
260 silly packumentCache full:https://registry.npmjs.org/lightningcss-linux-arm-gnueabihf cache-miss
261 http fetch GET 200 https://registry.npmjs.org/lightningcss-darwin-arm64 301ms (cache miss)
262 silly packumentCache full:https://registry.npmjs.org/lightningcss-darwin-arm64 set size:undefined disposed:false
263 silly fetch manifest lightningcss-linux-arm64-musl@1.33.0
264 silly packumentCache full:https://registry.npmjs.org/lightningcss-linux-arm64-musl cache-miss
265 http fetch GET 200 https://registry.npmjs.org/lightningcss-linux-arm64-gnu 322ms (cache miss)
266 silly packumentCache full:https://registry.npmjs.org/lightningcss-linux-arm64-gnu set size:undefined disposed:false
267 silly fetch manifest lightningcss-linux-x64-musl@1.33.0
268 silly packumentCache full:https://registry.npmjs.org/lightningcss-linux-x64-musl cache-miss
269 http fetch GET 200 https://registry.npmjs.org/lightningcss-linux-arm64-musl 351ms (cache miss)
270 silly packumentCache full:https://registry.npmjs.org/lightningcss-linux-arm64-musl set size:undefined disposed:false
271 silly fetch manifest lightningcss-freebsd-x64@1.33.0
272 silly packumentCache full:https://registry.npmjs.org/lightningcss-freebsd-x64 cache-miss
273 http fetch GET 200 https://registry.npmjs.org/lightningcss-linux-arm-gnueabihf 374ms (cache miss)
274 silly packumentCache full:https://registry.npmjs.org/lightningcss-linux-arm-gnueabihf set size:undefined disposed:false
275 silly fetch manifest lightningcss-android-arm64@1.33.0
276 silly packumentCache full:https://registry.npmjs.org/lightningcss-android-arm64 cache-miss
277 http fetch GET 200 https://registry.npmjs.org/lightningcss-freebsd-x64 297ms (cache miss)
278 silly packumentCache full:https://registry.npmjs.org/lightningcss-freebsd-x64 set size:undefined disposed:false
279 silly fetch manifest nanoid@^3.3.17
280 silly packumentCache full:https://registry.npmjs.org/nanoid cache-miss
281 http fetch GET 200 https://registry.npmjs.org/lightningcss-android-arm64 300ms (cache miss)
282 silly packumentCache full:https://registry.npmjs.org/lightningcss-android-arm64 set size:undefined disposed:false
283 silly fetch manifest picocolors@^1.1.1
284 silly packumentCache full:https://registry.npmjs.org/picocolors cache-miss
285 http fetch GET 200 https://registry.npmjs.org/lightningcss-linux-x64-musl 403ms (cache miss)
286 silly packumentCache full:https://registry.npmjs.org/lightningcss-linux-x64-musl set size:undefined disposed:false
287 silly fetch manifest source-map-js@^1.2.1
288 silly packumentCache full:https://registry.npmjs.org/source-map-js cache-miss
289 http fetch GET 200 https://registry.npmjs.org/picocolors 210ms (cache miss)
290 silly packumentCache full:https://registry.npmjs.org/picocolors set size:undefined disposed:false
291 silly fetch manifest @oxc-project/types@=0.147.0
292 silly packumentCache full:https://registry.npmjs.org/@oxc-project%2ftypes cache-miss
293 http fetch GET 200 https://registry.npmjs.org/source-map-js 273ms (cache miss)
294 silly packumentCache full:https://registry.npmjs.org/source-map-js set size:undefined disposed:false
295 silly fetch manifest @rolldown/binding-darwin-x64@1.2.6
296 silly packumentCache full:https://registry.npmjs.org/@rolldown%2fbinding-darwin-x64 cache-miss
297 http fetch GET 200 https://registry.npmjs.org/nanoid 471ms (cache miss)
298 silly packumentCache full:https://registry.npmjs.org/nanoid set size:undefined disposed:false
299 silly fetch manifest @rolldown/binding-freebsd-x64@1.2.6
300 silly packumentCache full:https://registry.npmjs.org/@rolldown%2fbinding-freebsd-x64 cache-miss
301 http fetch GET 200 https://registry.npmjs.org/@oxc-project%2ftypes 364ms (cache miss)
302 silly packumentCache full:https://registry.npmjs.org/@oxc-project%2ftypes set size:undefined disposed:false
303 silly fetch manifest @rolldown/binding-darwin-arm64@1.2.6
304 silly packumentCache full:https://registry.npmjs.org/@rolldown%2fbinding-darwin-arm64 cache-miss
305 http fetch GET 200 https://registry.npmjs.org/@rolldown%2fbinding-freebsd-x64 743ms (cache miss)
306 silly packumentCache full:https://registry.npmjs.org/@rolldown%2fbinding-freebsd-x64 set size:undefined disposed:false
307 silly fetch manifest @rolldown/binding-android-arm64@1.2.6
308 silly packumentCache full:https://registry.npmjs.org/@rolldown%2fbinding-android-arm64 cache-miss
309 http fetch GET 200 https://registry.npmjs.org/@rolldown%2fbinding-android-arm64 386ms (cache miss)
310 silly packumentCache full:https://registry.npmjs.org/@rolldown%2fbinding-android-arm64 set size:undefined disposed:false
311 silly fetch manifest @rolldown/binding-linux-x64-gnu@1.2.6
312 silly packumentCache full:https://registry.npmjs.org/@rolldown%2fbinding-linux-x64-gnu cache-miss
313 http fetch GET 200 https://registry.npmjs.org/@rolldown%2fbinding-darwin-arm64 1032ms (cache miss)
314 silly packumentCache full:https://registry.npmjs.org/@rolldown%2fbinding-darwin-arm64 set size:undefined disposed:false
315 silly fetch manifest @rolldown/binding-linux-x64-musl@1.2.6
316 silly packumentCache full:https://registry.npmjs.org/@rolldown%2fbinding-linux-x64-musl cache-miss
317 http fetch GET 200 https://registry.npmjs.org/@rolldown%2fbinding-darwin-x64 1911ms (cache miss)
318 silly packumentCache full:https://registry.npmjs.org/@rolldown%2fbinding-darwin-x64 set size:undefined disposed:false
319 silly fetch manifest @rolldown/binding-win32-x64-msvc@1.2.6
320 silly packumentCache full:https://registry.npmjs.org/@rolldown%2fbinding-win32-x64-msvc cache-miss
321 http fetch GET 200 https://registry.npmjs.org/@rolldown%2fbinding-linux-x64-gnu 949ms (cache miss)
322 silly packumentCache full:https://registry.npmjs.org/@rolldown%2fbinding-linux-x64-gnu set size:undefined disposed:false
323 silly fetch manifest @rolldown/binding-linux-arm64-gnu@1.2.6
324 silly packumentCache full:https://registry.npmjs.org/@rolldown%2fbinding-linux-arm64-gnu cache-miss
325 http fetch GET 200 https://registry.npmjs.org/@rolldown%2fbinding-linux-x64-musl 1294ms (cache miss)
326 silly packumentCache full:https://registry.npmjs.org/@rolldown%2fbinding-linux-x64-musl set size:undefined disposed:false
327 silly fetch manifest @rolldown/binding-linux-ppc64-gnu@1.2.6
328 silly packumentCache full:https://registry.npmjs.org/@rolldown%2fbinding-linux-ppc64-gnu cache-miss
329 http fetch GET 200 https://registry.npmjs.org/@rolldown%2fbinding-linux-ppc64-gnu 490ms (cache miss)
330 silly packumentCache full:https://registry.npmjs.org/@rolldown%2fbinding-linux-ppc64-gnu set size:undefined disposed:false
331 silly fetch manifest @rolldown/binding-linux-s390x-gnu@1.2.6
332 silly packumentCache full:https://registry.npmjs.org/@rolldown%2fbinding-linux-s390x-gnu cache-miss
333 http fetch GET 200 https://registry.npmjs.org/@rolldown%2fbinding-linux-arm64-gnu 1027ms (cache miss)
334 silly packumentCache full:https://registry.npmjs.org/@rolldown%2fbinding-linux-arm64-gnu set size:undefined disposed:false
335 silly fetch manifest @rolldown/binding-android-arm-eabi@1.2.6
336 silly packumentCache full:https://registry.npmjs.org/@rolldown%2fbinding-android-arm-eabi cache-miss
337 http fetch GET 200 https://registry.npmjs.org/@rolldown%2fbinding-linux-s390x-gnu 479ms (cache miss)
338 silly packumentCache full:https://registry.npmjs.org/@rolldown%2fbinding-linux-s390x-gnu set size:undefined disposed:false
339 silly fetch manifest @rolldown/binding-linux-arm64-musl@1.2.6
340 silly packumentCache full:https://registry.npmjs.org/@rolldown%2fbinding-linux-arm64-musl cache-miss
341 http fetch GET 200 https://registry.npmjs.org/@rolldown%2fbinding-android-arm-eabi 409ms (cache miss)
342 silly packumentCache full:https://registry.npmjs.org/@rolldown%2fbinding-android-arm-eabi set size:undefined disposed:false
343 silly fetch manifest @rolldown/binding-win32-arm64-msvc@1.2.6
344 silly packumentCache full:https://registry.npmjs.org/@rolldown%2fbinding-win32-arm64-msvc cache-miss
345 http fetch GET 200 https://registry.npmjs.org/@rolldown%2fbinding-win32-x64-msvc 1800ms (cache miss)
346 silly packumentCache full:https://registry.npmjs.org/@rolldown%2fbinding-win32-x64-msvc set size:undefined disposed:false
347 silly fetch manifest @rolldown/binding-openharmony-arm64@1.2.6
348 silly packumentCache full:https://registry.npmjs.org/@rolldown%2fbinding-openharmony-arm64 cache-miss
349 http fetch GET 200 https://registry.npmjs.org/@rolldown%2fbinding-openharmony-arm64 515ms (cache miss)
350 silly packumentCache full:https://registry.npmjs.org/@rolldown%2fbinding-openharmony-arm64 set size:undefined disposed:false
351 silly fetch manifest @rolldown/binding-linux-arm-gnueabihf@1.2.6
352 silly packumentCache full:https://registry.npmjs.org/@rolldown%2fbinding-linux-arm-gnueabihf cache-miss
353 http fetch GET 200 https://registry.npmjs.org/@rolldown%2fbinding-win32-arm64-msvc 1158ms (cache miss)
354 silly packumentCache full:https://registry.npmjs.org/@rolldown%2fbinding-win32-arm64-msvc set size:undefined disposed:false
355 silly fetch manifest fdir@^6.5.0
356 silly packumentCache full:https://registry.npmjs.org/fdir cache-miss
357 http fetch GET 200 https://registry.npmjs.org/@rolldown%2fbinding-linux-arm64-musl 1307ms (cache miss)
358 silly packumentCache full:https://registry.npmjs.org/@rolldown%2fbinding-linux-arm64-musl set size:undefined disposed:false
359 http fetch GET 200 https://registry.npmjs.org/fdir 573ms (cache miss)
360 silly packumentCache full:https://registry.npmjs.org/fdir set size:undefined disposed:false
361 http fetch GET 200 https://registry.npmjs.org/@rolldown%2fbinding-linux-arm-gnueabihf 1765ms (cache miss)
362 silly packumentCache full:https://registry.npmjs.org/@rolldown%2fbinding-linux-arm-gnueabihf set size:undefined disposed:false
363 silly placeDep ROOT detect-libc@2.1.2 OK for: lightningcss@1.33.0 want: ^2.0.3
364 silly placeDep ROOT lightningcss-android-arm64@1.33.0 OK for: lightningcss@1.33.0 want: 1.33.0
365 silly placeDep ROOT lightningcss-darwin-arm64@1.33.0 OK for: lightningcss@1.33.0 want: 1.33.0
366 silly placeDep ROOT lightningcss-darwin-x64@1.33.0 OK for: lightningcss@1.33.0 want: 1.33.0
367 silly placeDep ROOT lightningcss-freebsd-x64@1.33.0 OK for: lightningcss@1.33.0 want: 1.33.0
368 silly placeDep ROOT lightningcss-linux-arm-gnueabihf@1.33.0 OK for: lightningcss@1.33.0 want: 1.33.0
369 silly placeDep ROOT lightningcss-linux-arm64-gnu@1.33.0 OK for: lightningcss@1.33.0 want: 1.33.0
370 silly placeDep ROOT lightningcss-linux-arm64-musl@1.33.0 OK for: lightningcss@1.33.0 want: 1.33.0
371 silly placeDep ROOT lightningcss-linux-x64-gnu@1.33.0 OK for: lightningcss@1.33.0 want: 1.33.0
372 silly placeDep ROOT lightningcss-linux-x64-musl@1.33.0 OK for: lightningcss@1.33.0 want: 1.33.0
373 silly placeDep ROOT lightningcss-win32-arm64-msvc@1.33.0 OK for: lightningcss@1.33.0 want: 1.33.0
374 silly placeDep ROOT lightningcss-win32-x64-msvc@1.33.0 OK for: lightningcss@1.33.0 want: 1.33.0
375 silly placeDep ROOT nanoid@3.3.18 OK for: postcss@8.5.26 want: ^3.3.17
376 silly placeDep ROOT picocolors@1.1.1 OK for: postcss@8.5.26 want: ^1.1.1
377 silly placeDep ROOT source-map-js@1.2.1 OK for: postcss@8.5.26 want: ^1.2.1
378 silly placeDep ROOT @oxc-project/types@0.147.0 OK for: rolldown@1.2.6 want: =0.147.0
379 silly placeDep ROOT @rolldown/binding-android-arm-eabi@1.2.6 OK for: rolldown@1.2.6 want: 1.2.6
380 silly placeDep ROOT @rolldown/binding-android-arm64@1.2.6 OK for: rolldown@1.2.6 want: 1.2.6
381 silly placeDep ROOT @rolldown/binding-darwin-arm64@1.2.6 OK for: rolldown@1.2.6 want: 1.2.6
382 silly placeDep ROOT @rolldown/binding-darwin-x64@1.2.6 OK for: rolldown@1.2.6 want: 1.2.6
383 silly placeDep ROOT @rolldown/binding-freebsd-x64@1.2.6 OK for: rolldown@1.2.6 want: 1.2.6
384 silly placeDep ROOT @rolldown/binding-linux-arm-gnueabihf@1.2.6 OK for: rolldown@1.2.6 want: 1.2.6
385 silly placeDep ROOT @rolldown/binding-linux-arm64-gnu@1.2.6 OK for: rolldown@1.2.6 want: 1.2.6
386 silly placeDep ROOT @rolldown/binding-linux-arm64-musl@1.2.6 OK for: rolldown@1.2.6 want: 1.2.6
387 silly placeDep ROOT @rolldown/binding-linux-ppc64-gnu@1.2.6 OK for: rolldown@1.2.6 want: 1.2.6
388 silly placeDep ROOT @rolldown/binding-linux-s390x-gnu@1.2.6 OK for: rolldown@1.2.6 want: 1.2.6
389 silly placeDep ROOT @rolldown/binding-linux-x64-gnu@1.2.6 OK for: rolldown@1.2.6 want: 1.2.6
390 silly placeDep ROOT @rolldown/binding-linux-x64-musl@1.2.6 OK for: rolldown@1.2.6 want: 1.2.6
391 silly placeDep ROOT @rolldown/binding-openharmony-arm64@1.2.6 OK for: rolldown@1.2.6 want: 1.2.6
392 silly placeDep ROOT @rolldown/binding-win32-arm64-msvc@1.2.6 OK for: rolldown@1.2.6 want: 1.2.6
393 silly placeDep ROOT @rolldown/binding-win32-x64-msvc@1.2.6 OK for: rolldown@1.2.6 want: 1.2.6
394 silly fetch manifest picomatch@^4.0.4
395 silly packumentCache full:https://registry.npmjs.org/picomatch cache-miss
396 http cache https://registry.npmjs.org/picomatch 17ms (cache hit)
397 silly packumentCache full:https://registry.npmjs.org/picomatch set size:134451 disposed:false
398 silly placeDep ROOT fdir@6.5.0 OK for: tinyglobby@0.2.17 want: ^6.5.0
399 silly reify moves {}
400 silly audit bulk request {
400 silly audit   '@vitejs/plugin-react': [ '6.1.1' ],
400 silly audit   vite: [ '8.2.2' ],
400 silly audit   react: [ '19.2.8' ],
400 silly audit   'react-dom': [ '19.2.8' ],
400 silly audit   '@rolldown/pluginutils': [ '1.0.1' ],
400 silly audit   scheduler: [ '0.27.0' ],
400 silly audit   fsevents: [ '2.3.3' ],
400 silly audit   lightningcss: [ '1.33.0' ],
400 silly audit   picomatch: [ '4.0.7' ],
400 silly audit   postcss: [ '8.5.26' ],
400 silly audit   rolldown: [ '1.2.6' ],
400 silly audit   tinyglobby: [ '0.2.17' ],
400 silly audit   'detect-libc': [ '2.1.2' ],
400 silly audit   'lightningcss-android-arm64': [ '1.33.0' ],
400 silly audit   'lightningcss-darwin-arm64': [ '1.33.0' ],
400 silly audit   'lightningcss-darwin-x64': [ '1.33.0' ],
400 silly audit   'lightningcss-freebsd-x64': [ '1.33.0' ],
400 silly audit   'lightningcss-linux-arm-gnueabihf': [ '1.33.0' ],
400 silly audit   'lightningcss-linux-arm64-gnu': [ '1.33.0' ],
400 silly audit   'lightningcss-linux-arm64-musl': [ '1.33.0' ],
400 silly audit   'lightningcss-linux-x64-gnu': [ '1.33.0' ],
400 silly audit   'lightningcss-linux-x64-musl': [ '1.33.0' ],
400 silly audit   'lightningcss-win32-arm64-msvc': [ '1.33.0' ],
400 silly audit   'lightningcss-win32-x64-msvc': [ '1.33.0' ],
400 silly audit   nanoid: [ '3.3.18' ],
400 silly audit   picocolors: [ '1.1.1' ],
400 silly audit   'source-map-js': [ '1.2.1' ],
400 silly audit   '@oxc-project/types': [ '0.147.0' ],
400 silly audit   '@rolldown/binding-android-arm-eabi': [ '1.2.6' ],
400 silly audit   '@rolldown/binding-android-arm64': [ '1.2.6' ],
400 silly audit   '@rolldown/binding-darwin-arm64': [ '1.2.6' ],
400 silly audit   '@rolldown/binding-darwin-x64': [ '1.2.6' ],
400 silly audit   '@rolldown/binding-freebsd-x64': [ '1.2.6' ],
400 silly audit   '@rolldown/binding-linux-arm-gnueabihf': [ '1.2.6' ],
400 silly audit   '@rolldown/binding-linux-arm64-gnu': [ '1.2.6' ],
400 silly audit   '@rolldown/binding-linux-arm64-musl': [ '1.2.6' ],
400 silly audit   '@rolldown/binding-linux-ppc64-gnu': [ '1.2.6' ],
400 silly audit   '@rolldown/binding-linux-s390x-gnu': [ '1.2.6' ],
400 silly audit   '@rolldown/binding-linux-x64-gnu': [ '1.2.6' ],
400 silly audit   '@rolldown/binding-linux-x64-musl': [ '1.2.6' ],
400 silly audit   '@rolldown/binding-openharmony-arm64': [ '1.2.6' ],
400 silly audit   '@rolldown/binding-win32-arm64-msvc': [ '1.2.6' ],
400 silly audit   '@rolldown/binding-win32-x64-msvc': [ '1.2.6' ],
400 silly audit   fdir: [ '6.5.0' ]
400 silly audit }
401 http cache @rolldown/binding-win32-x64-msvc@https://registry.npmjs.org/@rolldown/binding-win32-x64-msvc/-/binding-win32-x64-msvc-1.2.6.tgz 0ms (cache hit)
402 http cache source-map-js@https://registry.npmjs.org/source-map-js/-/source-map-js-1.2.1.tgz 0ms (cache hit)
403 http cache fdir@https://registry.npmjs.org/fdir/-/fdir-6.5.0.tgz 0ms (cache hit)
404 http cache picocolors@https://registry.npmjs.org/picocolors/-/picocolors-1.1.1.tgz 0ms (cache hit)
405 http cache detect-libc@https://registry.npmjs.org/detect-libc/-/detect-libc-2.1.2.tgz 0ms (cache hit)
406 http cache nanoid@https://registry.npmjs.org/nanoid/-/nanoid-3.3.18.tgz 0ms (cache hit)
407 http cache tinyglobby@https://registry.npmjs.org/tinyglobby/-/tinyglobby-0.2.17.tgz 0ms (cache hit)
408 http cache rolldown@https://registry.npmjs.org/rolldown/-/rolldown-1.2.6.tgz 1ms (cache hit)
409 http cache postcss@https://registry.npmjs.org/postcss/-/postcss-8.5.26.tgz 0ms (cache hit)
410 http cache picomatch@https://registry.npmjs.org/picomatch/-/picomatch-4.0.7.tgz 0ms (cache hit)
411 http cache lightningcss@https://registry.npmjs.org/lightningcss/-/lightningcss-1.33.0.tgz 1ms (cache hit)
412 http cache @rolldown/pluginutils@https://registry.npmjs.org/@rolldown/pluginutils/-/pluginutils-1.0.1.tgz 0ms (cache hit)
413 http cache scheduler@https://registry.npmjs.org/scheduler/-/scheduler-0.27.0.tgz 0ms (cache hit)
414 http cache react-dom@https://registry.npmjs.org/react-dom/-/react-dom-19.2.8.tgz 0ms (cache hit)
415 http cache react@https://registry.npmjs.org/react/-/react-19.2.8.tgz 0ms (cache hit)
416 http cache vite@https://registry.npmjs.org/vite/-/vite-8.2.2.tgz 0ms (cache hit)
417 http cache @vitejs/plugin-react@https://registry.npmjs.org/@vitejs/plugin-react/-/plugin-react-6.1.1.tgz 0ms (cache hit)
418 http cache lightningcss-win32-x64-msvc@https://registry.npmjs.org/lightningcss-win32-x64-msvc/-/lightningcss-win32-x64-msvc-1.33.0.tgz 0ms (cache hit)
419 http cache @oxc-project/types@https://registry.npmjs.org/@oxc-project/types/-/types-0.147.0.tgz 0ms (cache hit)
420 silly tarball no local data for @rolldown/binding-win32-x64-msvc@https://registry.npmjs.org/@rolldown/binding-win32-x64-msvc/-/binding-win32-x64-msvc-1.2.6.tgz. Extracting by manifest.
421 silly tarball no local data for source-map-js@https://registry.npmjs.org/source-map-js/-/source-map-js-1.2.1.tgz. Extracting by manifest.
422 silly tarball no local data for fdir@https://registry.npmjs.org/fdir/-/fdir-6.5.0.tgz. Extracting by manifest.
423 silly tarball no local data for picocolors@https://registry.npmjs.org/picocolors/-/picocolors-1.1.1.tgz. Extracting by manifest.
424 silly tarball no local data for detect-libc@https://registry.npmjs.org/detect-libc/-/detect-libc-2.1.2.tgz. Extracting by manifest.
425 silly tarball no local data for nanoid@https://registry.npmjs.org/nanoid/-/nanoid-3.3.18.tgz. Extracting by manifest.
426 silly tarball no local data for tinyglobby@https://registry.npmjs.org/tinyglobby/-/tinyglobby-0.2.17.tgz. Extracting by manifest.
427 silly tarball no local data for rolldown@https://registry.npmjs.org/rolldown/-/rolldown-1.2.6.tgz. Extracting by manifest.
428 silly tarball no local data for postcss@https://registry.npmjs.org/postcss/-/postcss-8.5.26.tgz. Extracting by manifest.
429 silly tarball no local data for picomatch@https://registry.npmjs.org/picomatch/-/picomatch-4.0.7.tgz. Extracting by manifest.
430 silly tarball no local data for lightningcss@https://registry.npmjs.org/lightningcss/-/lightningcss-1.33.0.tgz. Extracting by manifest.
431 silly tarball no local data for @rolldown/pluginutils@https://registry.npmjs.org/@rolldown/pluginutils/-/pluginutils-1.0.1.tgz. Extracting by manifest.
432 silly tarball no local data for scheduler@https://registry.npmjs.org/scheduler/-/scheduler-0.27.0.tgz. Extracting by manifest.
433 silly tarball no local data for react-dom@https://registry.npmjs.org/react-dom/-/react-dom-19.2.8.tgz. Extracting by manifest.
434 silly tarball no local data for react@https://registry.npmjs.org/react/-/react-19.2.8.tgz. Extracting by manifest.
435 silly tarball no local data for vite@https://registry.npmjs.org/vite/-/vite-8.2.2.tgz. Extracting by manifest.
436 silly tarball no local data for @vitejs/plugin-react@https://registry.npmjs.org/@vitejs/plugin-react/-/plugin-react-6.1.1.tgz. Extracting by manifest.
437 silly tarball no local data for lightningcss-win32-x64-msvc@https://registry.npmjs.org/lightningcss-win32-x64-msvc/-/lightningcss-win32-x64-msvc-1.33.0.tgz. Extracting by manifest.
438 silly tarball no local data for @oxc-project/types@https://registry.npmjs.org/@oxc-project/types/-/types-0.147.0.tgz. Extracting by manifest.
439 http fetch POST 200 https://registry.npmjs.org/-/npm/v1/security/advisories/bulk 504ms
440 silly audit report {}
441 http fetch GET 200 https://registry.npmjs.org/source-map-js/-/source-map-js-1.2.1.tgz 524ms (cache miss)
442 http fetch GET 200 https://registry.npmjs.org/fdir/-/fdir-6.5.0.tgz 1237ms (cache miss)
443 http fetch GET 200 https://registry.npmjs.org/picocolors/-/picocolors-1.1.1.tgz 1260ms (cache miss)
444 http fetch GET 200 https://registry.npmjs.org/detect-libc/-/detect-libc-2.1.2.tgz 1265ms (cache miss)
445 http fetch GET 200 https://registry.npmjs.org/react/-/react-19.2.8.tgz 1387ms (cache miss)
446 http fetch GET 200 https://registry.npmjs.org/nanoid/-/nanoid-3.3.18.tgz 1834ms (cache miss)
447 http fetch GET 200 https://registry.npmjs.org/picomatch/-/picomatch-4.0.7.tgz 1899ms (cache miss)
448 http fetch GET 200 https://registry.npmjs.org/scheduler/-/scheduler-0.27.0.tgz 1904ms (cache miss)
449 http fetch GET 200 https://registry.npmjs.org/@vitejs/plugin-react/-/plugin-react-6.1.1.tgz 1916ms (cache miss)
450 http fetch GET 200 https://registry.npmjs.org/tinyglobby/-/tinyglobby-0.2.17.tgz 1960ms (cache miss)
451 http fetch GET 200 https://registry.npmjs.org/@rolldown/pluginutils/-/pluginutils-1.0.1.tgz 1963ms (cache miss)
452 http fetch GET 200 https://registry.npmjs.org/@oxc-project/types/-/types-0.147.0.tgz 2155ms (cache miss)
453 http fetch GET 200 https://registry.npmjs.org/lightningcss/-/lightningcss-1.33.0.tgz 2236ms (cache miss)
454 http fetch GET 200 https://registry.npmjs.org/postcss/-/postcss-8.5.26.tgz 2343ms (cache miss)
455 http fetch GET 200 https://registry.npmjs.org/rolldown/-/rolldown-1.2.6.tgz 3414ms (cache miss)
456 http fetch GET 200 https://registry.npmjs.org/vite/-/vite-8.2.2.tgz 7760ms (cache miss)
457 http fetch GET 200 https://registry.npmjs.org/react-dom/-/react-dom-19.2.8.tgz 18917ms (cache miss)
458 http fetch GET 200 https://registry.npmjs.org/@rolldown/binding-win32-x64-msvc/-/binding-win32-x64-msvc-1.2.6.tgz 38901ms (cache miss)
459 http fetch GET 200 https://registry.npmjs.org/lightningcss-win32-x64-msvc/-/lightningcss-win32-x64-msvc-1.33.0.tgz 63734ms (cache miss)
460 silly ADD node_modules/fdir
461 silly ADD node_modules/@rolldown/binding-win32-x64-msvc
462 silly ADD node_modules/@oxc-project/types
463 silly ADD node_modules/source-map-js
464 silly ADD node_modules/picocolors
465 silly ADD node_modules/nanoid
466 silly ADD node_modules/lightningcss-win32-x64-msvc
467 silly ADD node_modules/detect-libc
468 silly ADD node_modules/tinyglobby
469 silly ADD node_modules/rolldown
470 silly ADD node_modules/postcss
471 silly ADD node_modules/picomatch
472 silly ADD node_modules/lightningcss
473 silly ADD node_modules/scheduler
474 silly ADD node_modules/@rolldown/pluginutils
475 silly ADD node_modules/react-dom
476 silly ADD node_modules/react
477 silly ADD node_modules/vite
478 silly ADD node_modules/@vitejs/plugin-react
479 verbose cwd C:\Users\G E N O\Downloads\dody-birth
480 verbose os Windows_NT 10.0.19045
481 verbose node v26.7.0
482 verbose npm  v11.19.0
483 notice
483 notice New major version of npm available! 11.19.0 -> 12.0.2
483 notice Changelog: https://github.com/npm/cli/releases/tag/v12.0.2
483 notice To update run: npm install -g npm@12.0.2
483 notice  { force: true, Symbol(proc-log.meta): true }
484 verbose exit 0
485 info ok
