0 verbose cli C:\Program Files\nodejs\node.exe C:\Program Files\nodejs\node_modules\npm\bin\npm-cli.js
1 info using npm@11.19.0
2 info using node@v26.7.0
3 silly config load:file:C:\Program Files\nodejs\node_modules\npm\npmrc
4 silly config load:file:C:\Users\G E N O\Downloads\dody-birth\.npmrc
5 silly config load:file:C:\Users\G E N O\.npmrc
6 silly config load:file:C:\Users\G E N O\AppData\Roaming\npm\etc\npmrc
7 verbose title npm install vite@latest @vitejs/plugin-react@latest react@latest react-dom@latest
8 verbose argv "install" "vite@latest" "@vitejs/plugin-react@latest" "react@latest" "react-dom@latest" "--cache" ".npm-cache" "--prefer-offline"
9 verbose logfile logs-max:10 dir:C:\Users\G E N O\Downloads\dody-birth\.npm-cache\_logs\2026-09-01T20_27_58_120Z-
10 verbose logfile C:\Users\G E N O\Downloads\dody-birth\.npm-cache\_logs\2026-09-01T20_27_58_120Z-debug-0.log
11 silly logfile done cleaning log files
12 silly packumentCache heap:2248146944 maxSize:562036736 maxEntrySize:281018368
13 silly packumentCache corgi:https://registry.npmjs.org/vite cache-miss
14 silly packumentCache corgi:https://registry.npmjs.org/@vitejs%2fplugin-react cache-miss
15 silly packumentCache corgi:https://registry.npmjs.org/react cache-miss
16 silly packumentCache corgi:https://registry.npmjs.org/react-dom cache-miss
17 http fetch GET 200 https://registry.npmjs.org/@vitejs%2fplugin-react 1016ms (cache stale)
18 silly packumentCache corgi:https://registry.npmjs.org/@vitejs%2fplugin-react set size:120851 disposed:false
19 http fetch GET 200 https://registry.npmjs.org/vite 1131ms (cache stale)
20 silly packumentCache corgi:https://registry.npmjs.org/vite set size:2298256 disposed:false
21 http fetch GET 200 https://registry.npmjs.org/react-dom 26062ms (cache miss)
22 silly packumentCache corgi:https://registry.npmjs.org/react-dom set size:undefined disposed:false
23 http fetch GET 200 https://registry.npmjs.org/react 38353ms (cache miss)
24 silly packumentCache corgi:https://registry.npmjs.org/react set size:undefined disposed:false
25 silly idealTree buildDeps
26 silly fetch manifest @vitejs/plugin-react@6.1.1
27 silly packumentCache full:https://registry.npmjs.org/@vitejs%2fplugin-react cache-miss
28 http fetch GET 200 https://registry.npmjs.org/@vitejs%2fplugin-react 497ms (cache stale)
29 silly packumentCache full:https://registry.npmjs.org/@vitejs%2fplugin-react set size:284195 disposed:false
30 silly fetch manifest @rolldown/plugin-babel@^0.1.7 || ^0.2.0
31 silly packumentCache full:https://registry.npmjs.org/@rolldown%2fplugin-babel cache-miss
32 http fetch GET 200 https://registry.npmjs.org/@rolldown%2fplugin-babel 378ms (cache stale)
33 silly packumentCache full:https://registry.npmjs.org/@rolldown%2fplugin-babel set size:42135 disposed:false
34 silly fetch manifest @babel/core@^7.29.0 || ^8.0.0-rc.1
35 silly packumentCache full:https://registry.npmjs.org/@babel%2fcore cache-miss
36 http fetch GET 200 https://registry.npmjs.org/@babel%2fcore 268ms (cache stale)
37 silly packumentCache full:https://registry.npmjs.org/@babel%2fcore set size:788273 disposed:false
38 silly fetch manifest @babel/plugin-transform-runtime@^7.29.0 || ^8.0.0-rc.1
39 silly packumentCache full:https://registry.npmjs.org/@babel%2fplugin-transform-runtime cache-miss
40 http fetch GET 200 https://registry.npmjs.org/@babel%2fplugin-transform-runtime 619ms (cache stale)
41 silly packumentCache full:https://registry.npmjs.org/@babel%2fplugin-transform-runtime set size:468058 disposed:false
42 silly fetch manifest @babel/runtime@^7.27.0 || ^8.0.0-rc.1
43 silly packumentCache full:https://registry.npmjs.org/@babel%2fruntime cache-miss
44 http fetch GET 200 https://registry.npmjs.org/@babel%2fruntime 396ms (cache stale)
45 silly packumentCache full:https://registry.npmjs.org/@babel%2fruntime set size:3471810 disposed:false
46 silly fetch manifest rolldown@^1.0.0-rc.5
47 silly packumentCache full:https://registry.npmjs.org/rolldown cache-miss
48 http fetch GET 200 https://registry.npmjs.org/rolldown 592ms (cache stale)
49 silly packumentCache full:https://registry.npmjs.org/rolldown set size:3801673 disposed:false
50 silly fetch manifest vite@8.2.2
51 silly packumentCache full:https://registry.npmjs.org/vite cache-miss
52 http fetch GET 200 https://registry.npmjs.org/vite 3179ms (cache stale)
53 silly packumentCache full:https://registry.npmjs.org/vite set size:38929639 disposed:false
54 silly fetch manifest @types/node@^20.19.0 || >=22.12.0
55 silly packumentCache full:https://registry.npmjs.org/@types%2fnode cache-miss
56 http fetch GET 200 https://registry.npmjs.org/@types%2fnode 2933ms (cache stale)
57 silly packumentCache full:https://registry.npmjs.org/@types%2fnode set size:11096266 disposed:false
58 silly fetch manifest @vitejs/devtools@^0.4.0 || ^0.5.0
59 silly packumentCache full:https://registry.npmjs.org/@vitejs%2fdevtools cache-miss
60 http fetch GET 200 https://registry.npmjs.org/@vitejs%2fdevtools 132ms (cache stale)
61 silly packumentCache full:https://registry.npmjs.org/@vitejs%2fdevtools set size:304736 disposed:false
62 silly fetch manifest @vitejs/devtools-oxc@^0.5.2
63 silly packumentCache full:https://registry.npmjs.org/@vitejs%2fdevtools-oxc cache-miss
64 http fetch GET 200 https://registry.npmjs.org/@vitejs%2fdevtools-oxc 169ms (cache stale)
65 silly packumentCache full:https://registry.npmjs.org/@vitejs%2fdevtools-oxc set size:59502 disposed:false
66 silly fetch manifest @vitejs/devtools-rolldown@^0.5.2
67 silly packumentCache full:https://registry.npmjs.org/@vitejs%2fdevtools-rolldown cache-miss
68 http fetch GET 200 https://registry.npmjs.org/@vitejs%2fdevtools-rolldown 131ms (cache stale)
69 silly packumentCache full:https://registry.npmjs.org/@vitejs%2fdevtools-rolldown set size:217681 disposed:false
70 silly fetch manifest @vitejs/devtools-vite@^0.5.2
71 silly packumentCache full:https://registry.npmjs.org/@vitejs%2fdevtools-vite cache-miss
72 http fetch GET 200 https://registry.npmjs.org/@vitejs%2fdevtools-vite 97ms (cache stale)
73 silly packumentCache full:https://registry.npmjs.org/@vitejs%2fdevtools-vite set size:146657 disposed:false
74 silly fetch manifest @vitejs/devtools-vitest@^0.5.2
75 silly packumentCache full:https://registry.npmjs.org/@vitejs%2fdevtools-vitest cache-miss
76 http fetch GET 200 https://registry.npmjs.org/@vitejs%2fdevtools-vitest 118ms (cache stale)
77 silly packumentCache full:https://registry.npmjs.org/@vitejs%2fdevtools-vitest set size:42113 disposed:false
78 silly fetch manifest vitest@*
79 silly packumentCache full:https://registry.npmjs.org/vitest cache-miss
80 http fetch GET 200 https://registry.npmjs.org/vitest 150ms (cache stale)
81 silly packumentCache full:https://registry.npmjs.org/vitest set size:2252533 disposed:false
82 silly fetch manifest @edge-runtime/vm@*
83 silly packumentCache full:https://registry.npmjs.org/@edge-runtime%2fvm cache-miss
84 http fetch GET 200 https://registry.npmjs.org/@edge-runtime%2fvm 130ms (cache stale)
85 silly packumentCache full:https://registry.npmjs.org/@edge-runtime%2fvm set size:269934 disposed:false
86 silly fetch manifest @opentelemetry/api@^1.9.0
87 silly packumentCache full:https://registry.npmjs.org/@opentelemetry%2fapi cache-miss
88 http fetch GET 200 https://registry.npmjs.org/@opentelemetry%2fapi 67ms (cache stale)
89 silly packumentCache full:https://registry.npmjs.org/@opentelemetry%2fapi set size:272967 disposed:false
90 silly fetch manifest @vitest/browser-playwright@4.1.11
91 silly packumentCache full:https://registry.npmjs.org/@vitest%2fbrowser-playwright cache-miss
92 http fetch GET 200 https://registry.npmjs.org/@vitest%2fbrowser-playwright 68ms (cache stale)
93 silly packumentCache full:https://registry.npmjs.org/@vitest%2fbrowser-playwright set size:151058 disposed:false
94 silly fetch manifest playwright@*
95 silly packumentCache full:https://registry.npmjs.org/playwright cache-miss
96 http fetch GET 200 https://registry.npmjs.org/playwright 633ms (cache stale)
97 silly packumentCache full:https://registry.npmjs.org/playwright set size:16686488 disposed:false
98 silly fetch manifest @vitest/browser-preview@4.1.11
99 silly packumentCache full:https://registry.npmjs.org/@vitest%2fbrowser-preview cache-miss
100 http fetch GET 200 https://registry.npmjs.org/@vitest%2fbrowser-preview 817ms (cache stale)
101 silly packumentCache full:https://registry.npmjs.org/@vitest%2fbrowser-preview set size:144828 disposed:false
102 silly fetch manifest @vitest/browser-webdriverio@4.1.11
103 silly packumentCache full:https://registry.npmjs.org/@vitest%2fbrowser-webdriverio cache-miss
104 http fetch GET 200 https://registry.npmjs.org/@vitest%2fbrowser-webdriverio 101ms (cache stale)
105 silly packumentCache full:https://registry.npmjs.org/@vitest%2fbrowser-webdriverio set size:140979 disposed:false
106 silly fetch manifest webdriverio@*
107 silly packumentCache full:https://registry.npmjs.org/webdriverio cache-miss
108 http fetch GET 200 https://registry.npmjs.org/webdriverio 2745ms (cache stale)
109 silly packumentCache full:https://registry.npmjs.org/webdriverio set size:3166662 disposed:false
110 silly fetch manifest puppeteer-core@>=22.x <=24.x
111 silly packumentCache full:https://registry.npmjs.org/puppeteer-core cache-miss
112 http fetch GET 200 https://registry.npmjs.org/puppeteer-core 1060ms (cache stale)
113 silly packumentCache full:https://registry.npmjs.org/puppeteer-core set size:1576304 disposed:false
114 silly fetch manifest @vitest/coverage-istanbul@4.1.11
115 silly packumentCache full:https://registry.npmjs.org/@vitest%2fcoverage-istanbul cache-miss
116 http fetch GET 200 https://registry.npmjs.org/@vitest%2fcoverage-istanbul 477ms (cache stale)
117 silly packumentCache full:https://registry.npmjs.org/@vitest%2fcoverage-istanbul set size:706429 disposed:false
118 silly fetch manifest @vitest/coverage-v8@4.1.11
119 silly packumentCache full:https://registry.npmjs.org/@vitest%2fcoverage-v8 cache-miss
120 http fetch GET 200 https://registry.npmjs.org/@vitest%2fcoverage-v8 708ms (cache stale)
121 silly packumentCache full:https://registry.npmjs.org/@vitest%2fcoverage-v8 set size:542743 disposed:false
122 silly fetch manifest @vitest/browser@4.1.11
123 silly packumentCache full:https://registry.npmjs.org/@vitest%2fbrowser cache-miss
124 http fetch GET 200 https://registry.npmjs.org/@vitest%2fbrowser 14ms (cache stale)
125 silly packumentCache full:https://registry.npmjs.org/@vitest%2fbrowser set size:804518 disposed:false
126 silly fetch manifest @vitest/ui@4.1.11
127 silly packumentCache full:https://registry.npmjs.org/@vitest%2fui cache-miss
128 http fetch GET 200 https://registry.npmjs.org/@vitest%2fui 3688ms (cache stale)
129 silly packumentCache full:https://registry.npmjs.org/@vitest%2fui set size:1292367 disposed:false
130 silly fetch manifest happy-dom@*
131 silly packumentCache full:https://registry.npmjs.org/happy-dom cache-miss
132 http fetch GET 200 https://registry.npmjs.org/happy-dom 8790ms (cache stale)
133 silly packumentCache full:https://registry.npmjs.org/happy-dom set size:2520104 disposed:false
134 silly fetch manifest jsdom@*
135 silly packumentCache full:https://registry.npmjs.org/jsdom cache-miss
136 http fetch GET 200 https://registry.npmjs.org/jsdom 8541ms (cache stale)
137 silly packumentCache full:https://registry.npmjs.org/jsdom set size:1074418 disposed:false
138 silly fetch manifest canvas@^3.2.3
139 silly packumentCache full:https://registry.npmjs.org/canvas cache-miss
140 http fetch GET 200 https://registry.npmjs.org/canvas 4595ms (cache stale)
141 silly packumentCache full:https://registry.npmjs.org/canvas set size:353371 disposed:false
142 silly fetch manifest esbuild@^0.27.0 || ^0.28.0
143 silly packumentCache full:https://registry.npmjs.org/esbuild cache-miss
144 http fetch GET 200 https://registry.npmjs.org/esbuild 8274ms (cache stale)
145 silly packumentCache full:https://registry.npmjs.org/esbuild set size:1264676 disposed:false
146 silly fetch manifest jiti@>=1.21.0
147 silly packumentCache full:https://registry.npmjs.org/jiti cache-miss
148 http fetch GET 200 https://registry.npmjs.org/jiti 2410ms (cache stale)
149 silly packumentCache full:https://registry.npmjs.org/jiti set size:387989 disposed:false
150 silly fetch manifest less@^4.0.0
151 silly packumentCache full:https://registry.npmjs.org/less cache-miss
152 http fetch GET 200 https://registry.npmjs.org/less 31023ms (cache stale)
153 silly packumentCache full:https://registry.npmjs.org/less set size:500352 disposed:false
154 silly fetch manifest sass@^1.70.0
155 silly packumentCache full:https://registry.npmjs.org/sass cache-miss
156 http fetch GET 200 https://registry.npmjs.org/sass 25979ms (cache stale)
157 silly packumentCache full:https://registry.npmjs.org/sass set size:747752 disposed:false
158 silly fetch manifest sass-embedded@^1.70.0
159 silly packumentCache full:https://registry.npmjs.org/sass-embedded cache-miss
160 http fetch GET 200 https://registry.npmjs.org/sass-embedded 63403ms (cache stale)
161 silly packumentCache full:https://registry.npmjs.org/sass-embedded set size:428375 disposed:false
162 silly fetch manifest stylus@>=0.54.8
163 silly packumentCache full:https://registry.npmjs.org/stylus cache-miss
164 http fetch GET 200 https://registry.npmjs.org/stylus 40600ms (cache stale)
165 silly packumentCache full:https://registry.npmjs.org/stylus set size:286766 disposed:false
166 silly fetch manifest sugarss@^5.0.0
167 silly packumentCache full:https://registry.npmjs.org/sugarss cache-miss
168 http fetch GET 200 https://registry.npmjs.org/sugarss 14440ms (cache stale)
169 silly packumentCache full:https://registry.npmjs.org/sugarss set size:44975 disposed:false
170 silly fetch manifest postcss@^8.3.3
171 silly packumentCache full:https://registry.npmjs.org/postcss cache-miss
172 http fetch GET 200 https://registry.npmjs.org/postcss 31248ms (cache stale)
173 silly packumentCache full:https://registry.npmjs.org/postcss set size:760024 disposed:false
174 silly fetch manifest terser@^5.16.0
175 silly packumentCache full:https://registry.npmjs.org/terser cache-miss
176 http fetch GET 200 https://registry.npmjs.org/terser 9707ms (cache stale)
177 silly packumentCache full:https://registry.npmjs.org/terser set size:827672 disposed:false
178 silly fetch manifest tsx@^4.8.1
179 silly packumentCache full:https://registry.npmjs.org/tsx cache-miss
180 http fetch GET 200 https://registry.npmjs.org/tsx 8587ms (cache stale)
181 silly packumentCache full:https://registry.npmjs.org/tsx set size:344351 disposed:false
182 silly fetch manifest yaml@^2.4.2
183 silly packumentCache full:https://registry.npmjs.org/yaml cache-miss
184 http fetch GET 200 https://registry.npmjs.org/yaml 6776ms (cache stale)
185 silly packumentCache full:https://registry.npmjs.org/yaml set size:385754 disposed:false
186 silly fetch manifest babel-plugin-react-compiler@^1.0.0
187 silly packumentCache full:https://registry.npmjs.org/babel-plugin-react-compiler cache-miss
188 http fetch GET 200 https://registry.npmjs.org/babel-plugin-react-compiler 1432ms (cache stale)
189 silly packumentCache full:https://registry.npmjs.org/babel-plugin-react-compiler set size:1356999 disposed:false
190 silly fetch manifest oxc-transform-react@^0.145.0
191 silly packumentCache full:https://registry.npmjs.org/oxc-transform-react cache-miss
192 http fetch GET 200 https://registry.npmjs.org/oxc-transform-react 10373ms (cache stale)
193 silly packumentCache full:https://registry.npmjs.org/oxc-transform-react set size:42918 disposed:false
194 silly fetch manifest react@19.2.8
195 silly packumentCache full:https://registry.npmjs.org/react cache-miss
196 http fetch GET 200 https://registry.npmjs.org/react 7943ms (cache stale)
197 silly packumentCache full:https://registry.npmjs.org/react set size:6936662 disposed:false
198 silly fetch manifest react-dom@19.2.8
199 silly packumentCache full:https://registry.npmjs.org/react-dom cache-miss
200 http fetch GET 200 https://registry.npmjs.org/react-dom 821ms (cache stale)
201 silly packumentCache full:https://registry.npmjs.org/react-dom set size:9329140 disposed:false
202 silly placeDep ROOT @vitejs/plugin-react@6.1.1 REPLACE for: mawada-memories@1.0.0 want: 6.1.1
203 silly placeDep ROOT vite@8.2.2 OK for: @vitejs/plugin-react@6.1.1 want: ^8.0.0
204 silly placeDep ROOT react@19.2.8 REPLACE for: mawada-memories@1.0.0 want: 19.2.8
205 silly placeDep ROOT react-dom@19.2.8 REPLACE for: mawada-memories@1.0.0 want: 19.2.8
206 silly placeDep ROOT vite@8.2.2 REPLACE for: mawada-memories@1.0.0 want: 8.2.2
207 silly fetch manifest @rolldown/pluginutils@^1.0.1
208 silly packumentCache full:https://registry.npmjs.org/@rolldown%2fpluginutils cache-miss
209 silly fetch manifest postcss@^8.5.26
210 silly packumentCache full:https://registry.npmjs.org/postcss cache-hit
211 silly fetch manifest rolldown@~1.2.4
212 silly packumentCache full:https://registry.npmjs.org/rolldown cache-miss
213 silly fetch manifest picomatch@^4.0.5
214 silly packumentCache full:https://registry.npmjs.org/picomatch cache-miss
215 http fetch GET 200 https://registry.npmjs.org/rolldown 696ms (cache stale)
216 silly packumentCache full:https://registry.npmjs.org/rolldown set size:3801673 disposed:false
217 silly fetch manifest tinyglobby@^0.2.17
218 silly packumentCache full:https://registry.npmjs.org/tinyglobby cache-miss
219 http fetch GET 200 https://registry.npmjs.org/@rolldown%2fpluginutils 48023ms (cache stale)
220 silly packumentCache full:https://registry.npmjs.org/@rolldown%2fpluginutils set size:300388 disposed:false
221 silly fetch manifest lightningcss@^1.33.0
222 silly packumentCache full:https://registry.npmjs.org/lightningcss cache-miss
223 http fetch GET 200 https://registry.npmjs.org/picomatch 48050ms (cache stale)
224 silly packumentCache full:https://registry.npmjs.org/picomatch set size:134451 disposed:false
225 silly fetch manifest fsevents@~2.3.3
226 silly packumentCache full:https://registry.npmjs.org/fsevents cache-miss
227 http fetch GET 200 https://registry.npmjs.org/tinyglobby 1141ms (cache stale)
228 silly packumentCache full:https://registry.npmjs.org/tinyglobby set size:54291 disposed:false
229 silly fetch manifest scheduler@^0.27.0
230 silly packumentCache full:https://registry.npmjs.org/scheduler cache-miss
231 http fetch GET 200 https://registry.npmjs.org/lightningcss 398ms (cache stale)
232 silly packumentCache full:https://registry.npmjs.org/lightningcss set size:191065 disposed:false
233 silly fetch manifest fsevents@~2.3.3
234 silly packumentCache full:https://registry.npmjs.org/fsevents cache-miss
235 http fetch GET 200 https://registry.npmjs.org/fsevents 403ms (cache stale)
236 silly packumentCache full:https://registry.npmjs.org/fsevents set size:182472 disposed:false
237 http fetch GET 200 https://registry.npmjs.org/fsevents 4980ms (cache stale)
238 silly packumentCache full:https://registry.npmjs.org/fsevents set size:182472 disposed:false
239 silly packumentCache full:https://registry.npmjs.org/fsevents dispose
240 http fetch GET 200 https://registry.npmjs.org/scheduler 5270ms (cache stale)
241 silly packumentCache full:https://registry.npmjs.org/scheduler set size:5726953 disposed:false
242 silly placeDep ROOT @rolldown/pluginutils@1.0.1 OK for: @vitejs/plugin-react@6.1.1 want: ^1.0.1
243 silly placeDep ROOT scheduler@0.27.0 OK for: react-dom@19.2.8 want: ^0.27.0
244 silly placeDep ROOT fsevents@2.3.3 OK for: vite@8.2.2 want: ~2.3.3
245 silly placeDep ROOT lightningcss@1.33.0 OK for: vite@8.2.2 want: ^1.33.0
246 silly placeDep ROOT picomatch@4.0.7 OK for: vite@8.2.2 want: ^4.0.5
247 silly placeDep ROOT postcss@8.5.26 OK for: vite@8.2.2 want: ^8.5.26
248 silly placeDep ROOT rolldown@1.2.6 OK for: vite@8.2.2 want: ~1.2.4
249 silly placeDep ROOT tinyglobby@0.2.17 OK for: vite@8.2.2 want: ^0.2.17
250 silly fetch manifest detect-libc@^2.0.3
251 silly packumentCache full:https://registry.npmjs.org/detect-libc cache-miss
252 silly fetch manifest lightningcss-darwin-x64@1.33.0
253 silly packumentCache full:https://registry.npmjs.org/lightningcss-darwin-x64 cache-miss
254 silly fetch manifest lightningcss-linux-x64-gnu@1.33.0
255 silly packumentCache full:https://registry.npmjs.org/lightningcss-linux-x64-gnu cache-miss
256 http fetch GET 200 https://registry.npmjs.org/detect-libc 260ms (cache stale)
257 silly packumentCache full:https://registry.npmjs.org/detect-libc set size:47861 disposed:false
258 silly fetch manifest lightningcss-win32-x64-msvc@1.33.0
259 silly packumentCache full:https://registry.npmjs.org/lightningcss-win32-x64-msvc cache-miss
260 http fetch GET 200 https://registry.npmjs.org/lightningcss-linux-x64-gnu 298ms (cache stale)
261 silly packumentCache full:https://registry.npmjs.org/lightningcss-linux-x64-gnu set size:81819 disposed:false
262 silly fetch manifest lightningcss-win32-arm64-msvc@1.33.0
263 silly packumentCache full:https://registry.npmjs.org/lightningcss-win32-arm64-msvc cache-miss
264 http fetch GET 200 https://registry.npmjs.org/lightningcss-darwin-x64 335ms (cache stale)
265 silly packumentCache full:https://registry.npmjs.org/lightningcss-darwin-x64 set size:80374 disposed:false
266 silly fetch manifest lightningcss-darwin-arm64@1.33.0
267 silly packumentCache full:https://registry.npmjs.org/lightningcss-darwin-arm64 cache-miss
268 http fetch GET 200 https://registry.npmjs.org/lightningcss-win32-arm64-msvc 59ms (cache stale)
269 silly packumentCache full:https://registry.npmjs.org/lightningcss-win32-arm64-msvc set size:28346 disposed:false
270 silly fetch manifest lightningcss-linux-arm64-gnu@1.33.0
271 silly packumentCache full:https://registry.npmjs.org/lightningcss-linux-arm64-gnu cache-miss
272 http fetch GET 200 https://registry.npmjs.org/lightningcss-win32-x64-msvc 81ms (cache stale)
273 silly packumentCache full:https://registry.npmjs.org/lightningcss-win32-x64-msvc set size:81347 disposed:false
274 silly fetch manifest lightningcss-linux-arm-gnueabihf@1.33.0
275 silly packumentCache full:https://registry.npmjs.org/lightningcss-linux-arm-gnueabihf cache-miss
276 http fetch GET 200 https://registry.npmjs.org/lightningcss-darwin-arm64 52ms (cache stale)
277 silly packumentCache full:https://registry.npmjs.org/lightningcss-darwin-arm64 set size:80970 disposed:false
278 silly fetch manifest lightningcss-linux-arm64-musl@1.33.0
279 silly packumentCache full:https://registry.npmjs.org/lightningcss-linux-arm64-musl cache-miss
280 http fetch GET 200 https://registry.npmjs.org/lightningcss-linux-arm-gnueabihf 69ms (cache stale)
281 silly packumentCache full:https://registry.npmjs.org/lightningcss-linux-arm-gnueabihf set size:82635 disposed:false
282 silly fetch manifest lightningcss-linux-x64-musl@1.33.0
283 silly packumentCache full:https://registry.npmjs.org/lightningcss-linux-x64-musl cache-miss
284 http fetch GET 200 https://registry.npmjs.org/lightningcss-linux-arm64-gnu 84ms (cache stale)
285 silly packumentCache full:https://registry.npmjs.org/lightningcss-linux-arm64-gnu set size:82397 disposed:false
286 silly fetch manifest lightningcss-freebsd-x64@1.33.0
287 silly packumentCache full:https://registry.npmjs.org/lightningcss-freebsd-x64 cache-miss
288 http fetch GET 200 https://registry.npmjs.org/lightningcss-linux-arm64-musl 30ms (cache stale)
289 silly packumentCache full:https://registry.npmjs.org/lightningcss-linux-arm64-musl set size:82617 disposed:false
290 silly fetch manifest lightningcss-android-arm64@1.33.0
291 silly packumentCache full:https://registry.npmjs.org/lightningcss-android-arm64 cache-miss
292 http fetch GET 200 https://registry.npmjs.org/lightningcss-linux-x64-musl 25ms (cache stale)
293 silly packumentCache full:https://registry.npmjs.org/lightningcss-linux-x64-musl set size:82032 disposed:false
294 silly fetch manifest nanoid@^3.3.17
295 silly packumentCache full:https://registry.npmjs.org/nanoid cache-miss
296 http fetch GET 200 https://registry.npmjs.org/lightningcss-freebsd-x64 71ms (cache stale)
297 silly packumentCache full:https://registry.npmjs.org/lightningcss-freebsd-x64 set size:44564 disposed:false
298 silly fetch manifest picocolors@^1.1.1
299 silly packumentCache full:https://registry.npmjs.org/picocolors cache-miss
300 http fetch GET 200 https://registry.npmjs.org/lightningcss-android-arm64 72ms (cache stale)
301 silly packumentCache full:https://registry.npmjs.org/lightningcss-android-arm64 set size:9371 disposed:false
302 silly fetch manifest source-map-js@^1.2.1
303 silly packumentCache full:https://registry.npmjs.org/source-map-js cache-miss
304 http fetch GET 200 https://registry.npmjs.org/nanoid 78ms (cache stale)
305 silly packumentCache full:https://registry.npmjs.org/nanoid set size:342705 disposed:false
306 silly fetch manifest @oxc-project/types@=0.147.0
307 silly packumentCache full:https://registry.npmjs.org/@oxc-project%2ftypes cache-miss
308 http fetch GET 200 https://registry.npmjs.org/picocolors 47ms (cache stale)
309 silly packumentCache full:https://registry.npmjs.org/picocolors set size:16648 disposed:false
310 silly fetch manifest @rolldown/binding-darwin-x64@1.2.6
311 silly packumentCache full:https://registry.npmjs.org/@rolldown%2fbinding-darwin-x64 cache-miss
312 http fetch GET 200 https://registry.npmjs.org/source-map-js 301ms (cache stale)
313 silly packumentCache full:https://registry.npmjs.org/source-map-js set size:62640 disposed:false
314 silly fetch manifest @rolldown/binding-freebsd-x64@1.2.6
315 silly packumentCache full:https://registry.npmjs.org/@rolldown%2fbinding-freebsd-x64 cache-miss
316 http fetch GET 200 https://registry.npmjs.org/@oxc-project%2ftypes 289ms (cache stale)
317 silly packumentCache full:https://registry.npmjs.org/@oxc-project%2ftypes set size:253335 disposed:false
318 silly fetch manifest @rolldown/binding-darwin-arm64@1.2.6
319 silly packumentCache full:https://registry.npmjs.org/@rolldown%2fbinding-darwin-arm64 cache-miss
320 http fetch GET 200 https://registry.npmjs.org/@rolldown%2fbinding-darwin-x64 333ms (cache stale)
321 silly packumentCache full:https://registry.npmjs.org/@rolldown%2fbinding-darwin-x64 set size:1391472 disposed:false
322 silly fetch manifest @rolldown/binding-android-arm64@1.2.6
323 silly packumentCache full:https://registry.npmjs.org/@rolldown%2fbinding-android-arm64 cache-miss
324 http fetch GET 200 https://registry.npmjs.org/@rolldown%2fbinding-freebsd-x64 368ms (cache stale)
325 silly packumentCache full:https://registry.npmjs.org/@rolldown%2fbinding-freebsd-x64 set size:1071221 disposed:false
326 silly fetch manifest @rolldown/binding-linux-x64-gnu@1.2.6
327 silly packumentCache full:https://registry.npmjs.org/@rolldown%2fbinding-linux-x64-gnu cache-miss
328 http fetch GET 200 https://registry.npmjs.org/@rolldown%2fbinding-android-arm64 142ms (cache stale)
329 silly packumentCache full:https://registry.npmjs.org/@rolldown%2fbinding-android-arm64 set size:177845 disposed:false
330 silly fetch manifest @rolldown/binding-linux-x64-musl@1.2.6
331 silly packumentCache full:https://registry.npmjs.org/@rolldown%2fbinding-linux-x64-musl cache-miss
332 http fetch GET 200 https://registry.npmjs.org/@rolldown%2fbinding-darwin-arm64 464ms (cache stale)
333 silly packumentCache full:https://registry.npmjs.org/@rolldown%2fbinding-darwin-arm64 set size:1403297 disposed:false
334 silly fetch manifest @rolldown/binding-win32-x64-msvc@1.2.6
335 silly packumentCache full:https://registry.npmjs.org/@rolldown%2fbinding-win32-x64-msvc cache-miss
336 http fetch GET 200 https://registry.npmjs.org/@rolldown%2fbinding-linux-x64-gnu 117ms (cache stale)
337 silly packumentCache full:https://registry.npmjs.org/@rolldown%2fbinding-linux-x64-gnu set size:1417124 disposed:false
338 silly fetch manifest @rolldown/binding-linux-arm64-gnu@1.2.6
339 silly packumentCache full:https://registry.npmjs.org/@rolldown%2fbinding-linux-arm64-gnu cache-miss
340 http fetch GET 200 https://registry.npmjs.org/@rolldown%2fbinding-linux-x64-musl 380ms (cache stale)
341 silly packumentCache full:https://registry.npmjs.org/@rolldown%2fbinding-linux-x64-musl set size:1421827 disposed:false
342 silly fetch manifest @rolldown/binding-linux-ppc64-gnu@1.2.6
343 silly packumentCache full:https://registry.npmjs.org/@rolldown%2fbinding-linux-ppc64-gnu cache-miss
344 http fetch GET 200 https://registry.npmjs.org/@rolldown%2fbinding-linux-arm64-gnu 372ms (cache stale)
345 silly packumentCache full:https://registry.npmjs.org/@rolldown%2fbinding-linux-arm64-gnu set size:1428983 disposed:false
346 silly fetch manifest @rolldown/binding-linux-s390x-gnu@1.2.6
347 silly packumentCache full:https://registry.npmjs.org/@rolldown%2fbinding-linux-s390x-gnu cache-miss
348 http fetch GET 200 https://registry.npmjs.org/@rolldown%2fbinding-win32-x64-msvc 626ms (cache stale)
349 silly packumentCache full:https://registry.npmjs.org/@rolldown%2fbinding-win32-x64-msvc set size:1409718 disposed:false
350 silly fetch manifest @rolldown/binding-android-arm-eabi@1.2.6
351 silly packumentCache full:https://registry.npmjs.org/@rolldown%2fbinding-android-arm-eabi cache-miss
352 http fetch GET 200 https://registry.npmjs.org/@rolldown%2fbinding-linux-ppc64-gnu 248ms (cache stale)
353 silly packumentCache full:https://registry.npmjs.org/@rolldown%2fbinding-linux-ppc64-gnu set size:65570 disposed:false
354 silly fetch manifest @rolldown/binding-linux-arm64-musl@1.2.6
355 silly packumentCache full:https://registry.npmjs.org/@rolldown%2fbinding-linux-arm64-musl cache-miss
356 http fetch GET 200 https://registry.npmjs.org/@rolldown%2fbinding-linux-s390x-gnu 140ms (cache stale)
357 silly packumentCache full:https://registry.npmjs.org/@rolldown%2fbinding-linux-s390x-gnu set size:65567 disposed:false
358 silly fetch manifest @rolldown/binding-win32-arm64-msvc@1.2.6
359 silly packumentCache full:https://registry.npmjs.org/@rolldown%2fbinding-win32-arm64-msvc cache-miss
360 http fetch GET 200 https://registry.npmjs.org/@rolldown%2fbinding-android-arm-eabi 102ms (cache stale)
361 silly packumentCache full:https://registry.npmjs.org/@rolldown%2fbinding-android-arm-eabi set size:13866 disposed:false
362 silly fetch manifest @rolldown/binding-openharmony-arm64@1.2.6
363 silly packumentCache full:https://registry.npmjs.org/@rolldown%2fbinding-openharmony-arm64 cache-miss
364 http fetch GET 200 https://registry.npmjs.org/@rolldown%2fbinding-linux-arm64-musl 206ms (cache stale)
365 silly packumentCache full:https://registry.npmjs.org/@rolldown%2fbinding-linux-arm64-musl set size:1433652 disposed:false
366 silly fetch manifest @rolldown/binding-linux-arm-gnueabihf@1.2.6
367 silly packumentCache full:https://registry.npmjs.org/@rolldown%2fbinding-linux-arm-gnueabihf cache-miss
368 http fetch GET 200 https://registry.npmjs.org/@rolldown%2fbinding-win32-arm64-msvc 240ms (cache stale)
369 silly packumentCache full:https://registry.npmjs.org/@rolldown%2fbinding-win32-arm64-msvc set size:1423920 disposed:false
370 silly fetch manifest fdir@^6.5.0
371 silly packumentCache full:https://registry.npmjs.org/fdir cache-miss
372 http fetch GET 200 https://registry.npmjs.org/@rolldown%2fbinding-openharmony-arm64 308ms (cache stale)
373 silly packumentCache full:https://registry.npmjs.org/@rolldown%2fbinding-openharmony-arm64 set size:139947 disposed:false
374 http fetch GET 200 https://registry.npmjs.org/fdir 60ms (cache stale)
375 silly packumentCache full:https://registry.npmjs.org/fdir set size:136182 disposed:false
376 http fetch GET 200 https://registry.npmjs.org/@rolldown%2fbinding-linux-arm-gnueabihf 211ms (cache stale)
377 silly packumentCache full:https://registry.npmjs.org/@rolldown%2fbinding-linux-arm-gnueabihf set size:1438601 disposed:false
378 silly placeDep ROOT detect-libc@2.1.2 OK for: lightningcss@1.33.0 want: ^2.0.3
379 silly placeDep ROOT lightningcss-android-arm64@1.33.0 OK for: lightningcss@1.33.0 want: 1.33.0
380 silly placeDep ROOT lightningcss-darwin-arm64@1.33.0 OK for: lightningcss@1.33.0 want: 1.33.0
381 silly placeDep ROOT lightningcss-darwin-x64@1.33.0 OK for: lightningcss@1.33.0 want: 1.33.0
382 silly placeDep ROOT lightningcss-freebsd-x64@1.33.0 OK for: lightningcss@1.33.0 want: 1.33.0
383 silly placeDep ROOT lightningcss-linux-arm-gnueabihf@1.33.0 OK for: lightningcss@1.33.0 want: 1.33.0
384 silly placeDep ROOT lightningcss-linux-arm64-gnu@1.33.0 OK for: lightningcss@1.33.0 want: 1.33.0
385 silly placeDep ROOT lightningcss-linux-arm64-musl@1.33.0 OK for: lightningcss@1.33.0 want: 1.33.0
386 silly placeDep ROOT lightningcss-linux-x64-gnu@1.33.0 OK for: lightningcss@1.33.0 want: 1.33.0
387 silly placeDep ROOT lightningcss-linux-x64-musl@1.33.0 OK for: lightningcss@1.33.0 want: 1.33.0
388 silly placeDep ROOT lightningcss-win32-arm64-msvc@1.33.0 OK for: lightningcss@1.33.0 want: 1.33.0
389 silly placeDep ROOT lightningcss-win32-x64-msvc@1.33.0 OK for: lightningcss@1.33.0 want: 1.33.0
390 silly placeDep ROOT nanoid@3.3.18 OK for: postcss@8.5.26 want: ^3.3.17
391 silly placeDep ROOT picocolors@1.1.1 OK for: postcss@8.5.26 want: ^1.1.1
392 silly placeDep ROOT source-map-js@1.2.1 OK for: postcss@8.5.26 want: ^1.2.1
393 silly placeDep ROOT @oxc-project/types@0.147.0 OK for: rolldown@1.2.6 want: =0.147.0
394 silly placeDep ROOT @rolldown/binding-android-arm-eabi@1.2.6 OK for: rolldown@1.2.6 want: 1.2.6
395 silly placeDep ROOT @rolldown/binding-android-arm64@1.2.6 OK for: rolldown@1.2.6 want: 1.2.6
396 silly placeDep ROOT @rolldown/binding-darwin-arm64@1.2.6 OK for: rolldown@1.2.6 want: 1.2.6
397 silly placeDep ROOT @rolldown/binding-darwin-x64@1.2.6 OK for: rolldown@1.2.6 want: 1.2.6
398 silly placeDep ROOT @rolldown/binding-freebsd-x64@1.2.6 OK for: rolldown@1.2.6 want: 1.2.6
399 silly placeDep ROOT @rolldown/binding-linux-arm-gnueabihf@1.2.6 OK for: rolldown@1.2.6 want: 1.2.6
400 silly placeDep ROOT @rolldown/binding-linux-arm64-gnu@1.2.6 OK for: rolldown@1.2.6 want: 1.2.6
401 silly placeDep ROOT @rolldown/binding-linux-arm64-musl@1.2.6 OK for: rolldown@1.2.6 want: 1.2.6
402 silly placeDep ROOT @rolldown/binding-linux-ppc64-gnu@1.2.6 OK for: rolldown@1.2.6 want: 1.2.6
403 silly placeDep ROOT @rolldown/binding-linux-s390x-gnu@1.2.6 OK for: rolldown@1.2.6 want: 1.2.6
404 silly placeDep ROOT @rolldown/binding-linux-x64-gnu@1.2.6 OK for: rolldown@1.2.6 want: 1.2.6
405 silly placeDep ROOT @rolldown/binding-linux-x64-musl@1.2.6 OK for: rolldown@1.2.6 want: 1.2.6
406 silly placeDep ROOT @rolldown/binding-openharmony-arm64@1.2.6 OK for: rolldown@1.2.6 want: 1.2.6
407 silly placeDep ROOT @rolldown/binding-win32-arm64-msvc@1.2.6 OK for: rolldown@1.2.6 want: 1.2.6
408 silly placeDep ROOT @rolldown/binding-win32-x64-msvc@1.2.6 OK for: rolldown@1.2.6 want: 1.2.6
409 silly fetch manifest picomatch@^4.0.4
410 silly packumentCache full:https://registry.npmjs.org/picomatch cache-hit
411 silly placeDep ROOT fdir@6.5.0 OK for: tinyglobby@0.2.17 want: ^6.5.0
412 silly reify mark retired [
412 silly reify   'C:\\Users\\G E N O\\Downloads\\dody-birth\\node_modules\\@babel\\code-frame'
412 silly reify ]
413 silly reify mark retired [
413 silly reify   'C:\\Users\\G E N O\\Downloads\\dody-birth\\node_modules\\@babel\\compat-data'
413 silly reify ]
414 silly reify mark retired [
414 silly reify   'C:\\Users\\G E N O\\Downloads\\dody-birth\\node_modules\\@babel\\core'
414 silly reify ]
415 silly reify mark retired [
415 silly reify   'C:\\Users\\G E N O\\Downloads\\dody-birth\\node_modules\\@babel\\generator'
415 silly reify ]
416 silly reify mark retired [
416 silly reify   'C:\\Users\\G E N O\\Downloads\\dody-birth\\node_modules\\@babel\\helper-compilation-targets'
416 silly reify ]
417 silly reify mark retired [
417 silly reify   'C:\\Users\\G E N O\\Downloads\\dody-birth\\node_modules\\@babel\\helper-globals'
417 silly reify ]
418 silly reify mark retired [
418 silly reify   'C:\\Users\\G E N O\\Downloads\\dody-birth\\node_modules\\@babel\\helper-module-imports'
418 silly reify ]
419 silly reify mark retired [
419 silly reify   'C:\\Users\\G E N O\\Downloads\\dody-birth\\node_modules\\@babel\\helper-module-transforms'
419 silly reify ]
420 silly reify mark retired [
420 silly reify   'C:\\Users\\G E N O\\Downloads\\dody-birth\\node_modules\\@babel\\helper-plugin-utils'
420 silly reify ]
421 silly reify mark retired [
421 silly reify   'C:\\Users\\G E N O\\Downloads\\dody-birth\\node_modules\\@babel\\helper-string-parser'
421 silly reify ]
422 silly reify mark retired [
422 silly reify   'C:\\Users\\G E N O\\Downloads\\dody-birth\\node_modules\\@babel\\helper-validator-identifier'
422 silly reify ]
423 silly reify mark retired [
423 silly reify   'C:\\Users\\G E N O\\Downloads\\dody-birth\\node_modules\\@babel\\helper-validator-option'
423 silly reify ]
424 silly reify mark retired [
424 silly reify   'C:\\Users\\G E N O\\Downloads\\dody-birth\\node_modules\\@babel\\helpers'
424 silly reify ]
425 silly reify mark retired [
425 silly reify   'C:\\Users\\G E N O\\Downloads\\dody-birth\\node_modules\\@babel\\parser',
425 silly reify   'C:\\Users\\G E N O\\Downloads\\dody-birth\\node_modules\\.bin\\parser',
425 silly reify   'C:\\Users\\G E N O\\Downloads\\dody-birth\\node_modules\\.bin\\parser.cmd',
425 silly reify   'C:\\Users\\G E N O\\Downloads\\dody-birth\\node_modules\\.bin\\parser.ps1'
425 silly reify ]
426 silly reify mark retired [
426 silly reify   'C:\\Users\\G E N O\\Downloads\\dody-birth\\node_modules\\@babel\\plugin-transform-react-jsx-self'
426 silly reify ]
427 silly reify mark retired [
427 silly reify   'C:\\Users\\G E N O\\Downloads\\dody-birth\\node_modules\\@babel\\plugin-transform-react-jsx-source'
427 silly reify ]
428 silly reify mark retired [
428 silly reify   'C:\\Users\\G E N O\\Downloads\\dody-birth\\node_modules\\@babel\\template'
428 silly reify ]
429 silly reify mark retired [
429 silly reify   'C:\\Users\\G E N O\\Downloads\\dody-birth\\node_modules\\@babel\\traverse'
429 silly reify ]
430 silly reify mark retired [
430 silly reify   'C:\\Users\\G E N O\\Downloads\\dody-birth\\node_modules\\@babel\\types'
430 silly reify ]
431 silly reify mark retired [
431 silly reify   'C:\\Users\\G E N O\\Downloads\\dody-birth\\node_modules\\@esbuild\\win32-x64'
431 silly reify ]
432 silly reify mark retired [
432 silly reify   'C:\\Users\\G E N O\\Downloads\\dody-birth\\node_modules\\@jridgewell\\gen-mapping'
432 silly reify ]
433 silly reify mark retired [
433 silly reify   'C:\\Users\\G E N O\\Downloads\\dody-birth\\node_modules\\@jridgewell\\remapping'
433 silly reify ]
434 silly reify mark retired [
434 silly reify   'C:\\Users\\G E N O\\Downloads\\dody-birth\\node_modules\\@jridgewell\\resolve-uri'
434 silly reify ]
435 silly reify mark retired [
435 silly reify   'C:\\Users\\G E N O\\Downloads\\dody-birth\\node_modules\\@jridgewell\\sourcemap-codec'
435 silly reify ]
436 silly reify mark retired [
436 silly reify   'C:\\Users\\G E N O\\Downloads\\dody-birth\\node_modules\\@jridgewell\\trace-mapping'
436 silly reify ]
437 silly reify mark retired [
437 silly reify   'C:\\Users\\G E N O\\Downloads\\dody-birth\\node_modules\\@rollup\\rollup-win32-x64-gnu'
437 silly reify ]
438 silly reify mark retired [
438 silly reify   'C:\\Users\\G E N O\\Downloads\\dody-birth\\node_modules\\@rollup\\rollup-win32-x64-msvc'
438 silly reify ]
439 silly reify mark retired [
439 silly reify   'C:\\Users\\G E N O\\Downloads\\dody-birth\\node_modules\\@types\\babel__core'
439 silly reify ]
440 silly reify mark retired [
440 silly reify   'C:\\Users\\G E N O\\Downloads\\dody-birth\\node_modules\\@types\\babel__generator'
440 silly reify ]
441 silly reify mark retired [
441 silly reify   'C:\\Users\\G E N O\\Downloads\\dody-birth\\node_modules\\@types\\babel__template'
441 silly reify ]
442 silly reify mark retired [
442 silly reify   'C:\\Users\\G E N O\\Downloads\\dody-birth\\node_modules\\@types\\babel__traverse'
442 silly reify ]
443 silly reify mark retired [
443 silly reify   'C:\\Users\\G E N O\\Downloads\\dody-birth\\node_modules\\@types\\estree'
443 silly reify ]
444 silly reify mark retired [
444 silly reify   'C:\\Users\\G E N O\\Downloads\\dody-birth\\node_modules\\@vitejs\\plugin-react'
444 silly reify ]
445 silly reify mark retired [
445 silly reify   'C:\\Users\\G E N O\\Downloads\\dody-birth\\node_modules\\baseline-browser-mapping',
445 silly reify   'C:\\Users\\G E N O\\Downloads\\dody-birth\\node_modules\\.bin\\baseline-browser-mapping',
445 silly reify   'C:\\Users\\G E N O\\Downloads\\dody-birth\\node_modules\\.bin\\baseline-browser-mapping.cmd',
445 silly reify   'C:\\Users\\G E N O\\Downloads\\dody-birth\\node_modules\\.bin\\baseline-browser-mapping.ps1'
445 silly reify ]
446 silly reify mark retired [
446 silly reify   'C:\\Users\\G E N O\\Downloads\\dody-birth\\node_modules\\browserslist',
446 silly reify   'C:\\Users\\G E N O\\Downloads\\dody-birth\\node_modules\\.bin\\browserslist',
446 silly reify   'C:\\Users\\G E N O\\Downloads\\dody-birth\\node_modules\\.bin\\browserslist.cmd',
446 silly reify   'C:\\Users\\G E N O\\Downloads\\dody-birth\\node_modules\\.bin\\browserslist.ps1'
446 silly reify ]
447 silly reify mark retired [
447 silly reify   'C:\\Users\\G E N O\\Downloads\\dody-birth\\node_modules\\caniuse-lite'
447 silly reify ]
448 silly reify mark retired [
448 silly reify   'C:\\Users\\G E N O\\Downloads\\dody-birth\\node_modules\\convert-source-map'
448 silly reify ]
449 silly reify mark retired [ 'C:\\Users\\G E N O\\Downloads\\dody-birth\\node_modules\\debug' ]
450 silly reify mark retired [
450 silly reify   'C:\\Users\\G E N O\\Downloads\\dody-birth\\node_modules\\electron-to-chromium'
450 silly reify ]
451 silly reify mark retired [
451 silly reify   'C:\\Users\\G E N O\\Downloads\\dody-birth\\node_modules\\esbuild',
451 silly reify   'C:\\Users\\G E N O\\Downloads\\dody-birth\\node_modules\\.bin\\esbuild',
451 silly reify   'C:\\Users\\G E N O\\Downloads\\dody-birth\\node_modules\\.bin\\esbuild.cmd',
451 silly reify   'C:\\Users\\G E N O\\Downloads\\dody-birth\\node_modules\\.bin\\esbuild.ps1'
451 silly reify ]
452 silly reify mark retired [ 'C:\\Users\\G E N O\\Downloads\\dody-birth\\node_modules\\escalade' ]
453 silly reify mark retired [ 'C:\\Users\\G E N O\\Downloads\\dody-birth\\node_modules\\gensync' ]
454 silly reify mark retired [
454 silly reify   'C:\\Users\\G E N O\\Downloads\\dody-birth\\node_modules\\js-tokens'
454 silly reify ]
455 silly reify mark retired [
455 silly reify   'C:\\Users\\G E N O\\Downloads\\dody-birth\\node_modules\\jsesc',
455 silly reify   'C:\\Users\\G E N O\\Downloads\\dody-birth\\node_modules\\.bin\\jsesc',
455 silly reify   'C:\\Users\\G E N O\\Downloads\\dody-birth\\node_modules\\.bin\\jsesc.cmd',
455 silly reify   'C:\\Users\\G E N O\\Downloads\\dody-birth\\node_modules\\.bin\\jsesc.ps1'
455 silly reify ]
456 silly reify mark retired [
456 silly reify   'C:\\Users\\G E N O\\Downloads\\dody-birth\\node_modules\\json5',
456 silly reify   'C:\\Users\\G E N O\\Downloads\\dody-birth\\node_modules\\.bin\\json5',
456 silly reify   'C:\\Users\\G E N O\\Downloads\\dody-birth\\node_modules\\.bin\\json5.cmd',
456 silly reify   'C:\\Users\\G E N O\\Downloads\\dody-birth\\node_modules\\.bin\\json5.ps1'
456 silly reify ]
457 silly reify mark retired [
457 silly reify   'C:\\Users\\G E N O\\Downloads\\dody-birth\\node_modules\\loose-envify',
457 silly reify   'C:\\Users\\G E N O\\Downloads\\dody-birth\\node_modules\\.bin\\loose-envify',
457 silly reify   'C:\\Users\\G E N O\\Downloads\\dody-birth\\node_modules\\.bin\\loose-envify.cmd',
457 silly reify   'C:\\Users\\G E N O\\Downloads\\dody-birth\\node_modules\\.bin\\loose-envify.ps1'
457 silly reify ]
458 silly reify mark retired [
458 silly reify   'C:\\Users\\G E N O\\Downloads\\dody-birth\\node_modules\\lru-cache'
458 silly reify ]
459 silly reify mark retired [ 'C:\\Users\\G E N O\\Downloads\\dody-birth\\node_modules\\ms' ]
460 silly reify mark retired [
460 silly reify   'C:\\Users\\G E N O\\Downloads\\dody-birth\\node_modules\\node-releases'
460 silly reify ]
461 silly reify mark retired [ 'C:\\Users\\G E N O\\Downloads\\dody-birth\\node_modules\\react' ]
462 silly reify mark retired [
462 silly reify   'C:\\Users\\G E N O\\Downloads\\dody-birth\\node_modules\\react-dom'
462 silly reify ]
463 silly reify mark retired [
463 silly reify   'C:\\Users\\G E N O\\Downloads\\dody-birth\\node_modules\\react-refresh'
463 silly reify ]
464 silly reify mark retired [
464 silly reify   'C:\\Users\\G E N O\\Downloads\\dody-birth\\node_modules\\rollup',
464 silly reify   'C:\\Users\\G E N O\\Downloads\\dody-birth\\node_modules\\.bin\\rollup',
464 silly reify   'C:\\Users\\G E N O\\Downloads\\dody-birth\\node_modules\\.bin\\rollup.cmd',
464 silly reify   'C:\\Users\\G E N O\\Downloads\\dody-birth\\node_modules\\.bin\\rollup.ps1'
464 silly reify ]
465 silly reify mark retired [
465 silly reify   'C:\\Users\\G E N O\\Downloads\\dody-birth\\node_modules\\scheduler'
465 silly reify ]
466 silly reify mark retired [
466 silly reify   'C:\\Users\\G E N O\\Downloads\\dody-birth\\node_modules\\semver',
466 silly reify   'C:\\Users\\G E N O\\Downloads\\dody-birth\\node_modules\\.bin\\semver',
466 silly reify   'C:\\Users\\G E N O\\Downloads\\dody-birth\\node_modules\\.bin\\semver.cmd',
466 silly reify   'C:\\Users\\G E N O\\Downloads\\dody-birth\\node_modules\\.bin\\semver.ps1'
466 silly reify ]
467 silly reify mark retired [
467 silly reify   'C:\\Users\\G E N O\\Downloads\\dody-birth\\node_modules\\update-browserslist-db',
467 silly reify   'C:\\Users\\G E N O\\Downloads\\dody-birth\\node_modules\\.bin\\update-browserslist-db',
467 silly reify   'C:\\Users\\G E N O\\Downloads\\dody-birth\\node_modules\\.bin\\update-browserslist-db.cmd',
467 silly reify   'C:\\Users\\G E N O\\Downloads\\dody-birth\\node_modules\\.bin\\update-browserslist-db.ps1'
467 silly reify ]
468 silly reify mark retired [
468 silly reify   'C:\\Users\\G E N O\\Downloads\\dody-birth\\node_modules\\vite',
468 silly reify   'C:\\Users\\G E N O\\Downloads\\dody-birth\\node_modules\\.bin\\vite',
468 silly reify   'C:\\Users\\G E N O\\Downloads\\dody-birth\\node_modules\\.bin\\vite.cmd',
468 silly reify   'C:\\Users\\G E N O\\Downloads\\dody-birth\\node_modules\\.bin\\vite.ps1'
468 silly reify ]
469 silly reify mark retired [ 'C:\\Users\\G E N O\\Downloads\\dody-birth\\node_modules\\yallist' ]
470 silly reify moves {
470 silly reify   'C:\\Users\\G E N O\\Downloads\\dody-birth\\node_modules\\@babel\\code-frame': 'C:\\Users\\G E N O\\Downloads\\dody-birth\\node_modules\\@babel\\.code-frame-ZW5KOkQp',
470 silly reify   'C:\\Users\\G E N O\\Downloads\\dody-birth\\node_modules\\@babel\\compat-data': 'C:\\Users\\G E N O\\Downloads\\dody-birth\\node_modules\\@babel\\.compat-data-OoOsrF5Z',
470 silly reify   'C:\\Users\\G E N O\\Downloads\\dody-birth\\node_modules\\@babel\\core': 'C:\\Users\\G E N O\\Downloads\\dody-birth\\node_modules\\@babel\\.core-uk8YbgZh',
470 silly reify   'C:\\Users\\G E N O\\Downloads\\dody-birth\\node_modules\\@babel\\generator': 'C:\\Users\\G E N O\\Downloads\\dody-birth\\node_modules\\@babel\\.generator-LAOlRY0k',
470 silly reify   'C:\\Users\\G E N O\\Downloads\\dody-birth\\node_modules\\@babel\\helper-compilation-targets': 'C:\\Users\\G E N O\\Downloads\\dody-birth\\node_modules\\@babel\\.helper-compilation-targets-IrOG5kUY',
470 silly reify   'C:\\Users\\G E N O\\Downloads\\dody-birth\\node_modules\\@babel\\helper-globals': 'C:\\Users\\G E N O\\Downloads\\dody-birth\\node_modules\\@babel\\.helper-globals-klHrVZrK',
470 silly reify   'C:\\Users\\G E N O\\Downloads\\dody-birth\\node_modules\\@babel\\helper-module-imports': 'C:\\Users\\G E N O\\Downloads\\dody-birth\\node_modules\\@babel\\.helper-module-imports-yOxrc60u',
470 silly reify   'C:\\Users\\G E N O\\Downloads\\dody-birth\\node_modules\\@babel\\helper-module-transforms': 'C:\\Users\\G E N O\\Downloads\\dody-birth\\node_modules\\@babel\\.helper-module-transforms-HsWiHLAD',
470 silly reify   'C:\\Users\\G E N O\\Downloads\\dody-birth\\node_modules\\@babel\\helper-plugin-utils': 'C:\\Users\\G E N O\\Downloads\\dody-birth\\node_modules\\@babel\\.helper-plugin-utils-FlL2CU86',
470 silly reify   'C:\\Users\\G E N O\\Downloads\\dody-birth\\node_modules\\@babel\\helper-string-parser': 'C:\\Users\\G E N O\\Downloads\\dody-birth\\node_modules\\@babel\\.helper-string-parser-kp7jd2sN',
470 silly reify   'C:\\Users\\G E N O\\Downloads\\dody-birth\\node_modules\\@babel\\helper-validator-identifier': 'C:\\Users\\G E N O\\Downloads\\dody-birth\\node_modules\\@babel\\.helper-validator-identifier-RT1V2cRk',
470 silly reify   'C:\\Users\\G E N O\\Downloads\\dody-birth\\node_modules\\@babel\\helper-validator-option': 'C:\\Users\\G E N O\\Downloads\\dody-birth\\node_modules\\@babel\\.helper-validator-option-qfIM3GMd',
470 silly reify   'C:\\Users\\G E N O\\Downloads\\dody-birth\\node_modules\\@babel\\helpers': 'C:\\Users\\G E N O\\Downloads\\dody-birth\\node_modules\\@babel\\.helpers-JYr4m9Ln',
470 silly reify   'C:\\Users\\G E N O\\Downloads\\dody-birth\\node_modules\\@babel\\parser': 'C:\\Users\\G E N O\\Downloads\\dody-birth\\node_modules\\@babel\\.parser-g8DqbGMJ',
470 silly reify   'C:\\Users\\G E N O\\Downloads\\dody-birth\\node_modules\\.bin\\parser': 'C:\\Users\\G E N O\\Downloads\\dody-birth\\node_modules\\.bin\\.parser-5hZQfIhJ',
470 silly reify   'C:\\Users\\G E N O\\Downloads\\dody-birth\\node_modules\\.bin\\parser.cmd': 'C:\\Users\\G E N O\\Downloads\\dody-birth\\node_modules\\.bin\\.parser.cmd-BuEmNym0',
470 silly reify   'C:\\Users\\G E N O\\Downloads\\dody-birth\\node_modules\\.bin\\parser.ps1': 'C:\\Users\\G E N O\\Downloads\\dody-birth\\node_modules\\.bin\\.parser.ps1-1JCUlTif',
470 silly reify   'C:\\Users\\G E N O\\Downloads\\dody-birth\\node_modules\\@babel\\plugin-transform-react-jsx-self': 'C:\\Users\\G E N O\\Downloads\\dody-birth\\node_modules\\@babel\\.plugin-transform-react-jsx-self-natLjNjs',
470 silly reify   'C:\\Users\\G E N O\\Downloads\\dody-birth\\node_modules\\@babel\\plugin-transform-react-jsx-source': 'C:\\Users\\G E N O\\Downloads\\dody-birth\\node_modules\\@babel\\.plugin-transform-react-jsx-source-H76zOYhh',
470 silly reify   'C:\\Users\\G E N O\\Downloads\\dody-birth\\node_modules\\@babel\\template': 'C:\\Users\\G E N O\\Downloads\\dody-birth\\node_modules\\@babel\\.template-IUMxFH7k',
470 silly reify   'C:\\Users\\G E N O\\Downloads\\dody-birth\\node_modules\\@babel\\traverse': 'C:\\Users\\G E N O\\Downloads\\dody-birth\\node_modules\\@babel\\.traverse-STlJj3ap',
470 silly reify   'C:\\Users\\G E N O\\Downloads\\dody-birth\\node_modules\\@babel\\types': 'C:\\Users\\G E N O\\Downloads\\dody-birth\\node_modules\\@babel\\.types-u1jpvt6F',
470 silly reify   'C:\\Users\\G E N O\\Downloads\\dody-birth\\node_modules\\@esbuild\\win32-x64': 'C:\\Users\\G E N O\\Downloads\\dody-birth\\node_modules\\@esbuild\\.win32-x64-7LvotSVk',
470 silly reify   'C:\\Users\\G E N O\\Downloads\\dody-birth\\node_modules\\@jridgewell\\gen-mapping': 'C:\\Users\\G E N O\\Downloads\\dody-birth\\node_modules\\@jridgewell\\.gen-mapping-T6ZMtQua',
470 silly reify   'C:\\Users\\G E N O\\Downloads\\dody-birth\\node_modules\\@jridgewell\\remapping': 'C:\\Users\\G E N O\\Downloads\\dody-birth\\node_modules\\@jridgewell\\.remapping-bRSKPt35',
470 silly reify   'C:\\Users\\G E N O\\Downloads\\dody-birth\\node_modules\\@jridgewell\\resolve-uri': 'C:\\Users\\G E N O\\Downloads\\dody-birth\\node_modules\\@jridgewell\\.resolve-uri-Ja9j2VCT',
470 silly reify   'C:\\Users\\G E N O\\Downloads\\dody-birth\\node_modules\\@jridgewell\\sourcemap-codec': 'C:\\Users\\G E N O\\Downloads\\dody-birth\\node_modules\\@jridgewell\\.sourcemap-codec-lySp3bPg',
470 silly reify   'C:\\Users\\G E N O\\Downloads\\dody-birth\\node_modules\\@jridgewell\\trace-mapping': 'C:\\Users\\G E N O\\Downloads\\dody-birth\\node_modules\\@jridgewell\\.trace-mapping-smetRjFi',
470 silly reify   'C:\\Users\\G E N O\\Downloads\\dody-birth\\node_modules\\@rollup\\rollup-win32-x64-gnu': 'C:\\Users\\G E N O\\Downloads\\dody-birth\\node_modules\\@rollup\\.rollup-win32-x64-gnu-ptvXRF4l',
470 silly reify   'C:\\Users\\G E N O\\Downloads\\dody-birth\\node_modules\\@rollup\\rollup-win32-x64-msvc': 'C:\\Users\\G E N O\\Downloads\\dody-birth\\node_modules\\@rollup\\.rollup-win32-x64-msvc-Duow18T3',
470 silly reify   'C:\\Users\\G E N O\\Downloads\\dody-birth\\node_modules\\@types\\babel__core': 'C:\\Users\\G E N O\\Downloads\\dody-birth\\node_modules\\@types\\.babel__core-zWl5bVfN',
470 silly reify   'C:\\Users\\G E N O\\Downloads\\dody-birth\\node_modules\\@types\\babel__generator': 'C:\\Users\\G E N O\\Downloads\\dody-birth\\node_modules\\@types\\.babel__generator-tGlsOQWu',
470 silly reify   'C:\\Users\\G E N O\\Downloads\\dody-birth\\node_modules\\@types\\babel__template': 'C:\\Users\\G E N O\\Downloads\\dody-birth\\node_modules\\@types\\.babel__template-Gu8jenfU',
470 silly reify   'C:\\Users\\G E N O\\Downloads\\dody-birth\\node_modules\\@types\\babel__traverse': 'C:\\Users\\G E N O\\Downloads\\dody-birth\\node_modules\\@types\\.babel__traverse-QKHZQALC',
470 silly reify   'C:\\Users\\G E N O\\Downloads\\dody-birth\\node_modules\\@types\\estree': 'C:\\Users\\G E N O\\Downloads\\dody-birth\\node_modules\\@types\\.estree-e8nOHMHF',
470 silly reify   'C:\\Users\\G E N O\\Downloads\\dody-birth\\node_modules\\@vitejs\\plugin-react': 'C:\\Users\\G E N O\\Downloads\\dody-birth\\node_modules\\@vitejs\\.plugin-react-Tuft69uo',
470 silly reify   'C:\\Users\\G E N O\\Downloads\\dody-birth\\node_modules\\baseline-browser-mapping': 'C:\\Users\\G E N O\\Downloads\\dody-birth\\node_modules\\.baseline-browser-mapping-aq3JimFo',
470 silly reify   'C:\\Users\\G E N O\\Downloads\\dody-birth\\node_modules\\.bin\\baseline-browser-mapping': 'C:\\Users\\G E N O\\Downloads\\dody-birth\\node_modules\\.bin\\.baseline-browser-mapping-kwR049Ss',
470 silly reify   'C:\\Users\\G E N O\\Downloads\\dody-birth\\node_modules\\.bin\\baseline-browser-mapping.cmd': 'C:\\Users\\G E N O\\Downloads\\dody-birth\\node_modules\\.bin\\.baseline-browser-mapping.cmd-N3RVYLSn',
470 silly reify   'C:\\Users\\G E N O\\Downloads\\dody-birth\\node_modules\\.bin\\baseline-browser-mapping.ps1': 'C:\\Users\\G E N O\\Downloads\\dody-birth\\node_modules\\.bin\\.baseline-browser-mapping.ps1-AQzan41r',
470 silly reify   'C:\\Users\\G E N O\\Downloads\\dody-birth\\node_modules\\browserslist': 'C:\\Users\\G E N O\\Downloads\\dody-birth\\node_modules\\.browserslist-2Pofl5FX',
470 silly reify   'C:\\Users\\G E N O\\Downloads\\dody-birth\\node_modules\\.bin\\browserslist': 'C:\\Users\\G E N O\\Downloads\\dody-birth\\node_modules\\.bin\\.browserslist-IOw7r4NT',
470 silly reify   'C:\\Users\\G E N O\\Downloads\\dody-birth\\node_modules\\.bin\\browserslist.cmd': 'C:\\Users\\G E N O\\Downloads\\dody-birth\\node_modules\\.bin\\.browserslist.cmd-ktZjwYPy',
470 silly reify   'C:\\Users\\G E N O\\Downloads\\dody-birth\\node_modules\\.bin\\browserslist.ps1': 'C:\\Users\\G E N O\\Downloads\\dody-birth\\node_modules\\.bin\\.browserslist.ps1-qydtUos9',
470 silly reify   'C:\\Users\\G E N O\\Downloads\\dody-birth\\node_modules\\caniuse-lite': 'C:\\Users\\G E N O\\Downloads\\dody-birth\\node_modules\\.caniuse-lite-UlNx3zGu',
470 silly reify   'C:\\Users\\G E N O\\Downloads\\dody-birth\\node_modules\\convert-source-map': 'C:\\Users\\G E N O\\Downloads\\dody-birth\\node_modules\\.convert-source-map-smlmtIq7',
470 silly reify   'C:\\Users\\G E N O\\Downloads\\dody-birth\\node_modules\\debug': 'C:\\Users\\G E N O\\Downloads\\dody-birth\\node_modules\\.debug-hQAXbMYU',
470 silly reify   'C:\\Users\\G E N O\\Downloads\\dody-birth\\node_modules\\electron-to-chromium': 'C:\\Users\\G E N O\\Downloads\\dody-birth\\node_modules\\.electron-to-chromium-yjhY6iSr',
470 silly reify   'C:\\Users\\G E N O\\Downloads\\dody-birth\\node_modules\\esbuild': 'C:\\Users\\G E N O\\Downloads\\dody-birth\\node_modules\\.esbuild-dBjNC2op',
470 silly reify   'C:\\Users\\G E N O\\Downloads\\dody-birth\\node_modules\\.bin\\esbuild': 'C:\\Users\\G E N O\\Downloads\\dody-birth\\node_modules\\.bin\\.esbuild-if4UK2Ee',
470 silly reify   'C:\\Users\\G E N O\\Downloads\\dody-birth\\node_modules\\.bin\\esbuild.cmd': 'C:\\Users\\G E N O\\Downloads\\dody-birth\\node_modules\\.bin\\.esbuild.cmd-7eQrJm80',
470 silly reify   'C:\\Users\\G E N O\\Downloads\\dody-birth\\node_modules\\.bin\\esbuild.ps1': 'C:\\Users\\G E N O\\Downloads\\dody-birth\\node_modules\\.bin\\.esbuild.ps1-EZQQR7k2',
470 silly reify   'C:\\Users\\G E N O\\Downloads\\dody-birth\\node_modules\\escalade': 'C:\\Users\\G E N O\\Downloads\\dody-birth\\node_modules\\.escalade-9cIILMGk',
470 silly reify   'C:\\Users\\G E N O\\Downloads\\dody-birth\\node_modules\\gensync': 'C:\\Users\\G E N O\\Downloads\\dody-birth\\node_modules\\.gensync-gK1xTYTY',
470 silly reify   'C:\\Users\\G E N O\\Downloads\\dody-birth\\node_modules\\js-tokens': 'C:\\Users\\G E N O\\Downloads\\dody-birth\\node_modules\\.js-tokens-PqxVpSnR',
470 silly reify   'C:\\Users\\G E N O\\Downloads\\dody-birth\\node_modules\\jsesc': 'C:\\Users\\G E N O\\Downloads\\dody-birth\\node_modules\\.jsesc-nYNiEFDd',
470 silly reify   'C:\\Users\\G E N O\\Downloads\\dody-birth\\node_modules\\.bin\\jsesc': 'C:\\Users\\G E N O\\Downloads\\dody-birth\\node_modules\\.bin\\.jsesc-EpxAiHMG',
470 silly reify   'C:\\Users\\G E N O\\Downloads\\dody-birth\\node_modules\\.bin\\jsesc.cmd': 'C:\\Users\\G E N O\\Downloads\\dody-birth\\node_modules\\.bin\\.jsesc.cmd-QCdNpGaw',
470 silly reify   'C:\\Users\\G E N O\\Downloads\\dody-birth\\node_modules\\.bin\\jsesc.ps1': 'C:\\Users\\G E N O\\Downloads\\dody-birth\\node_modules\\.bin\\.jsesc.ps1-VC68SSQS',
470 silly reify   'C:\\Users\\G E N O\\Downloads\\dody-birth\\node_modules\\json5': 'C:\\Users\\G E N O\\Downloads\\dody-birth\\node_modules\\.json5-7hdZ7HYg',
470 silly reify   'C:\\Users\\G E N O\\Downloads\\dody-birth\\node_modules\\.bin\\json5': 'C:\\Users\\G E N O\\Downloads\\dody-birth\\node_modules\\.bin\\.json5-wlSLNTiM',
470 silly reify   'C:\\Users\\G E N O\\Downloads\\dody-birth\\node_modules\\.bin\\json5.cmd': 'C:\\Users\\G E N O\\Downloads\\dody-birth\\node_modules\\.bin\\.json5.cmd-Ui5O9n7y',
470 silly reify   'C:\\Users\\G E N O\\Downloads\\dody-birth\\node_modules\\.bin\\json5.ps1': 'C:\\Users\\G E N O\\Downloads\\dody-birth\\node_modules\\.bin\\.json5.ps1-YDTv8MeJ',
470 silly reify   'C:\\Users\\G E N O\\Downloads\\dody-birth\\node_modules\\loose-envify': 'C:\\Users\\G E N O\\Downloads\\dody-birth\\node_modules\\.loose-envify-kNu9mfNB',
470 silly reify   'C:\\Users\\G E N O\\Downloads\\dody-birth\\node_modules\\.bin\\loose-envify': 'C:\\Users\\G E N O\\Downloads\\dody-birth\\node_modules\\.bin\\.loose-envify-fYtRZVEg',
470 silly reify   'C:\\Users\\G E N O\\Downloads\\dody-birth\\node_modules\\.bin\\loose-envify.cmd': 'C:\\Users\\G E N O\\Downloads\\dody-birth\\node_modules\\.bin\\.loose-envify.cmd-d511Ptih',
470 silly reify   'C:\\Users\\G E N O\\Downloads\\dody-birth\\node_modules\\.bin\\loose-envify.ps1': 'C:\\Users\\G E N O\\Downloads\\dody-birth\\node_modules\\.bin\\.loose-envify.ps1-5HvLy83J',
470 silly reify   'C:\\Users\\G E N O\\Downloads\\dody-birth\\node_modules\\lru-cache': 'C:\\Users\\G E N O\\Downloads\\dody-birth\\node_modules\\.lru-cache-W7gliqG2',
470 silly reify   'C:\\Users\\G E N O\\Downloads\\dody-birth\\node_modules\\ms': 'C:\\Users\\G E N O\\Downloads\\dody-birth\\node_modules\\.ms-WF66xO5Z',
470 silly reify   'C:\\Users\\G E N O\\Downloads\\dody-birth\\node_modules\\node-releases': 'C:\\Users\\G E N O\\Downloads\\dody-birth\\node_modules\\.node-releases-Kb1yhuhc',
470 silly reify   'C:\\Users\\G E N O\\Downloads\\dody-birth\\node_modules\\react': 'C:\\Users\\G E N O\\Downloads\\dody-birth\\node_modules\\.react-rhP1PvkP',
470 silly reify   'C:\\Users\\G E N O\\Downloads\\dody-birth\\node_modules\\react-dom': 'C:\\Users\\G E N O\\Downloads\\dody-birth\\node_modules\\.react-dom-XQgbJU5M',
470 silly reify   'C:\\Users\\G E N O\\Downloads\\dody-birth\\node_modules\\react-refresh': 'C:\\Users\\G E N O\\Downloads\\dody-birth\\node_modules\\.react-refresh-xJtYVDWR',
470 silly reify   'C:\\Users\\G E N O\\Downloads\\dody-birth\\node_modules\\rollup': 'C:\\Users\\G E N O\\Downloads\\dody-birth\\node_modules\\.rollup-MvFsH9wx',
470 silly reify   'C:\\Users\\G E N O\\Downloads\\dody-birth\\node_modules\\.bin\\rollup': 'C:\\Users\\G E N O\\Downloads\\dody-birth\\node_modules\\.bin\\.rollup-HKFCwDE8',
470 silly reify   'C:\\Users\\G E N O\\Downloads\\dody-birth\\node_modules\\.bin\\rollup.cmd': 'C:\\Users\\G E N O\\Downloads\\dody-birth\\node_modules\\.bin\\.rollup.cmd-56JIbrHy',
470 silly reify   'C:\\Users\\G E N O\\Downloads\\dody-birth\\node_modules\\.bin\\rollup.ps1': 'C:\\Users\\G E N O\\Downloads\\dody-birth\\node_modules\\.bin\\.rollup.ps1-73AKF0s5',
470 silly reify   'C:\\Users\\G E N O\\Downloads\\dody-birth\\node_modules\\scheduler': 'C:\\Users\\G E N O\\Downloads\\dody-birth\\node_modules\\.scheduler-Fmow9kDW',
470 silly reify   'C:\\Users\\G E N O\\Downloads\\dody-birth\\node_modules\\semver': 'C:\\Users\\G E N O\\Downloads\\dody-birth\\node_modules\\.semver-Bdbq5Egv',
470 silly reify   'C:\\Users\\G E N O\\Downloads\\dody-birth\\node_modules\\.bin\\semver': 'C:\\Users\\G E N O\\Downloads\\dody-birth\\node_modules\\.bin\\.semver-vEK9s3Dv',
470 silly reify   'C:\\Users\\G E N O\\Downloads\\dody-birth\\node_modules\\.bin\\semver.cmd': 'C:\\Users\\G E N O\\Downloads\\dody-birth\\node_modules\\.bin\\.semver.cmd-GlWHQ5cc',
470 silly reify   'C:\\Users\\G E N O\\Downloads\\dody-birth\\node_modules\\.bin\\semver.ps1': 'C:\\Users\\G E N O\\Downloads\\dody-birth\\node_modules\\.bin\\.semver.ps1-K66M8S6B',
470 silly reify   'C:\\Users\\G E N O\\Downloads\\dody-birth\\node_modules\\update-browserslist-db': 'C:\\Users\\G E N O\\Downloads\\dody-birth\\node_modules\\.update-browserslist-db-tn66OkxM',
470 silly reify   'C:\\Users\\G E N O\\Downloads\\dody-birth\\node_modules\\.bin\\update-browserslist-db': 'C:\\Users\\G E N O\\Downloads\\dody-birth\\node_modules\\.bin\\.update-browserslist-db-KqJqscao',
470 silly reify   'C:\\Users\\G E N O\\Downloads\\dody-birth\\node_modules\\.bin\\update-browserslist-db.cmd': 'C:\\Users\\G E N O\\Downloads\\dody-birth\\node_modules\\.bin\\.update-browserslist-db.cmd-p5RhP5P4',
470 silly reify   'C:\\Users\\G E N O\\Downloads\\dody-birth\\node_modules\\.bin\\update-browserslist-db.ps1': 'C:\\Users\\G E N O\\Downloads\\dody-birth\\node_modules\\.bin\\.update-browserslist-db.ps1-m9EZ9Ztm',
470 silly reify   'C:\\Users\\G E N O\\Downloads\\dody-birth\\node_modules\\vite': 'C:\\Users\\G E N O\\Downloads\\dody-birth\\node_modules\\.vite-mk2xi7o6',
470 silly reify   'C:\\Users\\G E N O\\Downloads\\dody-birth\\node_modules\\.bin\\vite': 'C:\\Users\\G E N O\\Downloads\\dody-birth\\node_modules\\.bin\\.vite-jdYxYPRS',
470 silly reify   'C:\\Users\\G E N O\\Downloads\\dody-birth\\node_modules\\.bin\\vite.cmd': 'C:\\Users\\G E N O\\Downloads\\dody-birth\\node_modules\\.bin\\.vite.cmd-WR1m7YBf',
470 silly reify   'C:\\Users\\G E N O\\Downloads\\dody-birth\\node_modules\\.bin\\vite.ps1': 'C:\\Users\\G E N O\\Downloads\\dody-birth\\node_modules\\.bin\\.vite.ps1-6SnCPjza',
470 silly reify   'C:\\Users\\G E N O\\Downloads\\dody-birth\\node_modules\\yallist': 'C:\\Users\\G E N O\\Downloads\\dody-birth\\node_modules\\.yallist-cfXA9FYB'
470 silly reify }
471 silly audit bulk request {
471 silly audit   '@vitejs/plugin-react': [ '6.1.1' ],
471 silly audit   react: [ '19.2.8' ],
471 silly audit   'react-dom': [ '19.2.8' ],
471 silly audit   vite: [ '8.2.2' ],
471 silly audit   '@rolldown/pluginutils': [ '1.0.1' ],
471 silly audit   scheduler: [ '0.27.0' ],
471 silly audit   fsevents: [ '2.3.3' ],
471 silly audit   lightningcss: [ '1.33.0' ],
471 silly audit   picomatch: [ '4.0.7' ],
471 silly audit   postcss: [ '8.5.26' ],
471 silly audit   rolldown: [ '1.2.6' ],
471 silly audit   tinyglobby: [ '0.2.17' ],
471 silly audit   'detect-libc': [ '2.1.2' ],
471 silly audit   'lightningcss-android-arm64': [ '1.33.0' ],
471 silly audit   'lightningcss-darwin-arm64': [ '1.33.0' ],
471 silly audit   'lightningcss-darwin-x64': [ '1.33.0' ],
471 silly audit   'lightningcss-freebsd-x64': [ '1.33.0' ],
471 silly audit   'lightningcss-linux-arm-gnueabihf': [ '1.33.0' ],
471 silly audit   'lightningcss-linux-arm64-gnu': [ '1.33.0' ],
471 silly audit   'lightningcss-linux-arm64-musl': [ '1.33.0' ],
471 silly audit   'lightningcss-linux-x64-gnu': [ '1.33.0' ],
471 silly audit   'lightningcss-linux-x64-musl': [ '1.33.0' ],
471 silly audit   'lightningcss-win32-arm64-msvc': [ '1.33.0' ],
471 silly audit   'lightningcss-win32-x64-msvc': [ '1.33.0' ],
471 silly audit   nanoid: [ '3.3.18' ],
471 silly audit   picocolors: [ '1.1.1' ],
471 silly audit   'source-map-js': [ '1.2.1' ],
471 silly audit   '@oxc-project/types': [ '0.147.0' ],
471 silly audit   '@rolldown/binding-android-arm-eabi': [ '1.2.6' ],
471 silly audit   '@rolldown/binding-android-arm64': [ '1.2.6' ],
471 silly audit   '@rolldown/binding-darwin-arm64': [ '1.2.6' ],
471 silly audit   '@rolldown/binding-darwin-x64': [ '1.2.6' ],
471 silly audit   '@rolldown/binding-freebsd-x64': [ '1.2.6' ],
471 silly audit   '@rolldown/binding-linux-arm-gnueabihf': [ '1.2.6' ],
471 silly audit   '@rolldown/binding-linux-arm64-gnu': [ '1.2.6' ],
471 silly audit   '@rolldown/binding-linux-arm64-musl': [ '1.2.6' ],
471 silly audit   '@rolldown/binding-linux-ppc64-gnu': [ '1.2.6' ],
471 silly audit   '@rolldown/binding-linux-s390x-gnu': [ '1.2.6' ],
471 silly audit   '@rolldown/binding-linux-x64-gnu': [ '1.2.6' ],
471 silly audit   '@rolldown/binding-linux-x64-musl': [ '1.2.6' ],
471 silly audit   '@rolldown/binding-openharmony-arm64': [ '1.2.6' ],
471 silly audit   '@rolldown/binding-win32-arm64-msvc': [ '1.2.6' ],
471 silly audit   '@rolldown/binding-win32-x64-msvc': [ '1.2.6' ],
471 silly audit   fdir: [ '6.5.0' ]
471 silly audit }
472 http cache @rolldown/binding-win32-x64-msvc@https://registry.npmjs.org/@rolldown/binding-win32-x64-msvc/-/binding-win32-x64-msvc-1.2.6.tgz 1ms (cache hit)
473 http cache @oxc-project/types@https://registry.npmjs.org/@oxc-project/types/-/types-0.147.0.tgz 0ms (cache hit)
474 http cache fdir@https://registry.npmjs.org/fdir/-/fdir-6.5.0.tgz 0ms (cache hit)
475 http cache lightningcss-win32-x64-msvc@https://registry.npmjs.org/lightningcss-win32-x64-msvc/-/lightningcss-win32-x64-msvc-1.33.0.tgz 0ms (cache hit)
476 http cache detect-libc@https://registry.npmjs.org/detect-libc/-/detect-libc-2.1.2.tgz 0ms (cache hit)
477 http cache tinyglobby@https://registry.npmjs.org/tinyglobby/-/tinyglobby-0.2.17.tgz 0ms (cache hit)
478 http cache picomatch@https://registry.npmjs.org/picomatch/-/picomatch-4.0.7.tgz 0ms (cache hit)
479 http cache rolldown@https://registry.npmjs.org/rolldown/-/rolldown-1.2.6.tgz 0ms (cache hit)
480 http cache @rolldown/pluginutils@https://registry.npmjs.org/@rolldown/pluginutils/-/pluginutils-1.0.1.tgz 0ms (cache hit)
481 http cache scheduler@https://registry.npmjs.org/scheduler/-/scheduler-0.27.0.tgz 0ms (cache hit)
482 http cache lightningcss@https://registry.npmjs.org/lightningcss/-/lightningcss-1.33.0.tgz 0ms (cache hit)
483 http cache react-dom@https://registry.npmjs.org/react-dom/-/react-dom-19.2.8.tgz 0ms (cache hit)
484 http cache react@https://registry.npmjs.org/react/-/react-19.2.8.tgz 0ms (cache hit)
485 http cache vite@https://registry.npmjs.org/vite/-/vite-8.2.2.tgz 0ms (cache hit)
486 http cache @vitejs/plugin-react@https://registry.npmjs.org/@vitejs/plugin-react/-/plugin-react-6.1.1.tgz 0ms (cache hit)
487 http fetch POST 200 https://registry.npmjs.org/-/npm/v1/security/advisories/bulk 2690ms
488 silly audit report {}
489 silly ADD node_modules/fdir
490 silly ADD node_modules/@rolldown/binding-win32-x64-msvc
491 silly ADD node_modules/@oxc-project/types
492 silly ADD node_modules/lightningcss-win32-x64-msvc
493 silly ADD node_modules/detect-libc
494 silly ADD node_modules/tinyglobby
495 silly ADD node_modules/rolldown
496 silly ADD node_modules/picomatch
497 silly ADD node_modules/lightningcss
498 silly ADD node_modules/@rolldown/pluginutils
499 silly REMOVE node_modules/yallist
500 silly CHANGE node_modules/vite
501 silly REMOVE node_modules/update-browserslist-db
502 silly REMOVE node_modules/semver
503 silly CHANGE node_modules/scheduler
504 silly REMOVE node_modules/rollup
505 silly REMOVE node_modules/react-refresh
506 silly CHANGE node_modules/react-dom
507 silly CHANGE node_modules/react
508 silly REMOVE node_modules/node-releases
509 silly REMOVE node_modules/ms
510 silly REMOVE node_modules/lru-cache
511 silly REMOVE node_modules/loose-envify
512 silly REMOVE node_modules/json5
513 silly REMOVE node_modules/jsesc
514 silly REMOVE node_modules/js-tokens
515 silly REMOVE node_modules/gensync
516 silly REMOVE node_modules/escalade
517 silly REMOVE node_modules/esbuild
518 silly REMOVE node_modules/electron-to-chromium
519 silly REMOVE node_modules/debug
520 silly REMOVE node_modules/convert-source-map
521 silly REMOVE node_modules/caniuse-lite
522 silly REMOVE node_modules/browserslist
523 silly REMOVE node_modules/baseline-browser-mapping
524 silly CHANGE node_modules/@vitejs/plugin-react
525 silly REMOVE node_modules/@types/estree
526 silly REMOVE node_modules/@types/babel__traverse
527 silly REMOVE node_modules/@types/babel__template
528 silly REMOVE node_modules/@types/babel__generator
529 silly REMOVE node_modules/@types/babel__core
530 silly REMOVE node_modules/@rollup/rollup-win32-x64-msvc
531 silly REMOVE node_modules/@rollup/rollup-win32-x64-gnu
532 silly REMOVE node_modules/@jridgewell/trace-mapping
533 silly REMOVE node_modules/@jridgewell/sourcemap-codec
534 silly REMOVE node_modules/@jridgewell/resolve-uri
535 silly REMOVE node_modules/@jridgewell/remapping
536 silly REMOVE node_modules/@jridgewell/gen-mapping
537 silly REMOVE node_modules/@esbuild/win32-x64
538 silly REMOVE node_modules/@babel/types
539 silly REMOVE node_modules/@babel/traverse
540 silly REMOVE node_modules/@babel/template
541 silly REMOVE node_modules/@babel/plugin-transform-react-jsx-source
542 silly REMOVE node_modules/@babel/plugin-transform-react-jsx-self
543 silly REMOVE node_modules/@babel/parser
544 silly REMOVE node_modules/@babel/helpers
545 silly REMOVE node_modules/@babel/helper-validator-option
546 silly REMOVE node_modules/@babel/helper-validator-identifier
547 silly REMOVE node_modules/@babel/helper-string-parser
548 silly REMOVE node_modules/@babel/helper-plugin-utils
549 silly REMOVE node_modules/@babel/helper-module-transforms
550 silly REMOVE node_modules/@babel/helper-module-imports
551 silly REMOVE node_modules/@babel/helper-globals
552 silly REMOVE node_modules/@babel/helper-compilation-targets
553 silly REMOVE node_modules/@babel/generator
554 silly REMOVE node_modules/@babel/core
555 silly REMOVE node_modules/@babel/compat-data
556 silly REMOVE node_modules/@babel/code-frame
557 verbose cwd C:\Users\G E N O\Downloads\dody-birth
558 verbose os Windows_NT 10.0.19045
559 verbose node v26.7.0
560 verbose npm  v11.19.0
561 verbose exit 0
562 info ok
