0 verbose cli C:\Program Files\nodejs\node.exe C:\Program Files\nodejs\node_modules\npm\bin\npm-cli.js
1 info using npm@11.19.0
2 info using node@v26.7.0
3 silly config load:file:C:\Program Files\nodejs\node_modules\npm\npmrc
4 silly config load:file:C:\Users\G E N O\Downloads\dody-birth\.npmrc
5 silly config load:file:C:\Users\G E N O\.npmrc
6 silly config load:file:C:\Users\G E N O\AppData\Roaming\npm\etc\npmrc
7 verbose title npm install
8 verbose argv "install" "--cache" ".npm-cache" "--loglevel" "verbose"
9 verbose logfile logs-max:10 dir:C:\Users\G E N O\Downloads\dody-birth\.npm-cache\_logs\2026-09-01T20_06_55_968Z-
10 verbose logfile C:\Users\G E N O\Downloads\dody-birth\.npm-cache\_logs\2026-09-01T20_06_55_968Z-debug-0.log
11 silly logfile done cleaning log files
12 silly packumentCache heap:2248146944 maxSize:562036736 maxEntrySize:281018368
13 silly idealTree buildDeps
14 silly fetch manifest @vitejs/plugin-react@latest
15 silly packumentCache full:https://registry.npmjs.org/@vitejs%2fplugin-react cache-miss
16 http cache https://registry.npmjs.org/@vitejs%2fplugin-react 195ms (cache hit)
17 silly packumentCache full:https://registry.npmjs.org/@vitejs%2fplugin-react set size:284195 disposed:false
18 silly fetch manifest @rolldown/plugin-babel@^0.1.7 || ^0.2.0
19 silly packumentCache full:https://registry.npmjs.org/@rolldown%2fplugin-babel cache-miss
20 http cache https://registry.npmjs.org/@rolldown%2fplugin-babel 220ms (cache hit)
21 silly packumentCache full:https://registry.npmjs.org/@rolldown%2fplugin-babel set size:42135 disposed:false
22 silly fetch manifest @babel/core@^7.29.0 || ^8.0.0-rc.1
23 silly packumentCache full:https://registry.npmjs.org/@babel%2fcore cache-miss
24 http cache https://registry.npmjs.org/@babel%2fcore 1343ms (cache hit)
25 silly packumentCache full:https://registry.npmjs.org/@babel%2fcore set size:788273 disposed:false
26 silly fetch manifest @babel/plugin-transform-runtime@^7.29.0 || ^8.0.0-rc.1
27 silly packumentCache full:https://registry.npmjs.org/@babel%2fplugin-transform-runtime cache-miss
28 http cache https://registry.npmjs.org/@babel%2fplugin-transform-runtime 1118ms (cache hit)
29 silly packumentCache full:https://registry.npmjs.org/@babel%2fplugin-transform-runtime set size:468058 disposed:false
30 silly fetch manifest @babel/runtime@^7.27.0 || ^8.0.0-rc.1
31 silly packumentCache full:https://registry.npmjs.org/@babel%2fruntime cache-miss
32 http cache https://registry.npmjs.org/@babel%2fruntime 1348ms (cache hit)
33 silly packumentCache full:https://registry.npmjs.org/@babel%2fruntime set size:3471810 disposed:false
34 silly fetch manifest rolldown@^1.0.0-rc.5
35 silly packumentCache full:https://registry.npmjs.org/rolldown cache-miss
36 http cache https://registry.npmjs.org/rolldown 345ms (cache hit)
37 silly packumentCache full:https://registry.npmjs.org/rolldown set size:3801673 disposed:false
38 silly fetch manifest vite@latest
39 silly packumentCache full:https://registry.npmjs.org/vite cache-miss
40 http fetch GET 200 https://registry.npmjs.org/vite 59851ms (cache miss)
41 silly packumentCache full:https://registry.npmjs.org/vite set size:undefined disposed:false
42 silly fetch manifest @types/node@^20.19.0 || >=22.12.0
43 silly packumentCache full:https://registry.npmjs.org/@types%2fnode cache-miss
44 http fetch GET 200 https://registry.npmjs.org/@types%2fnode 10744ms (cache miss)
45 silly packumentCache full:https://registry.npmjs.org/@types%2fnode set size:undefined disposed:false
46 silly fetch manifest @vitejs/devtools@^0.4.0 || ^0.5.0
47 silly packumentCache full:https://registry.npmjs.org/@vitejs%2fdevtools cache-miss
48 http fetch GET 200 https://registry.npmjs.org/@vitejs%2fdevtools 1000ms (cache miss)
49 silly packumentCache full:https://registry.npmjs.org/@vitejs%2fdevtools set size:undefined disposed:false
50 silly fetch manifest @vitejs/devtools-oxc@^0.5.2
51 silly packumentCache full:https://registry.npmjs.org/@vitejs%2fdevtools-oxc cache-miss
52 http fetch GET 200 https://registry.npmjs.org/@vitejs%2fdevtools-oxc 942ms (cache miss)
53 silly packumentCache full:https://registry.npmjs.org/@vitejs%2fdevtools-oxc set size:undefined disposed:false
54 silly fetch manifest @vitejs/devtools-rolldown@^0.5.2
55 silly packumentCache full:https://registry.npmjs.org/@vitejs%2fdevtools-rolldown cache-miss
56 http fetch GET 200 https://registry.npmjs.org/@vitejs%2fdevtools-rolldown 798ms (cache miss)
57 silly packumentCache full:https://registry.npmjs.org/@vitejs%2fdevtools-rolldown set size:undefined disposed:false
58 silly fetch manifest @vitejs/devtools-vite@^0.5.2
59 silly packumentCache full:https://registry.npmjs.org/@vitejs%2fdevtools-vite cache-miss
60 http fetch GET 200 https://registry.npmjs.org/@vitejs%2fdevtools-vite 1358ms (cache miss)
61 silly packumentCache full:https://registry.npmjs.org/@vitejs%2fdevtools-vite set size:undefined disposed:false
62 silly fetch manifest @vitejs/devtools-vitest@^0.5.2
63 silly packumentCache full:https://registry.npmjs.org/@vitejs%2fdevtools-vitest cache-miss
64 http fetch GET 200 https://registry.npmjs.org/@vitejs%2fdevtools-vitest 513ms (cache miss)
65 silly packumentCache full:https://registry.npmjs.org/@vitejs%2fdevtools-vitest set size:undefined disposed:false
66 silly fetch manifest vitest@*
67 silly packumentCache full:https://registry.npmjs.org/vitest cache-miss
68 http fetch GET 200 https://registry.npmjs.org/vitest 5275ms (cache miss)
69 silly packumentCache full:https://registry.npmjs.org/vitest set size:undefined disposed:false
70 silly fetch manifest @edge-runtime/vm@*
71 silly packumentCache full:https://registry.npmjs.org/@edge-runtime%2fvm cache-miss
72 http fetch GET 200 https://registry.npmjs.org/@edge-runtime%2fvm 1729ms (cache miss)
73 silly packumentCache full:https://registry.npmjs.org/@edge-runtime%2fvm set size:undefined disposed:false
74 silly fetch manifest @opentelemetry/api@^1.9.0
75 silly packumentCache full:https://registry.npmjs.org/@opentelemetry%2fapi cache-miss
76 http fetch GET 200 https://registry.npmjs.org/@opentelemetry%2fapi 2663ms (cache miss)
77 silly packumentCache full:https://registry.npmjs.org/@opentelemetry%2fapi set size:undefined disposed:false
78 silly fetch manifest @vitest/browser-playwright@4.1.11
79 silly packumentCache full:https://registry.npmjs.org/@vitest%2fbrowser-playwright cache-miss
80 http fetch GET 200 https://registry.npmjs.org/@vitest%2fbrowser-playwright 1168ms (cache miss)
81 silly packumentCache full:https://registry.npmjs.org/@vitest%2fbrowser-playwright set size:undefined disposed:false
82 silly fetch manifest playwright@*
83 silly packumentCache full:https://registry.npmjs.org/playwright cache-miss
84 http fetch GET 200 https://registry.npmjs.org/playwright 36601ms (cache miss)
85 silly packumentCache full:https://registry.npmjs.org/playwright set size:undefined disposed:false
86 silly fetch manifest @vitest/browser-preview@4.1.11
87 silly packumentCache full:https://registry.npmjs.org/@vitest%2fbrowser-preview cache-miss
88 http cache https://registry.npmjs.org/@vitest%2fbrowser-preview 15ms (cache hit)
89 silly packumentCache full:https://registry.npmjs.org/@vitest%2fbrowser-preview set size:144828 disposed:false
90 silly fetch manifest @vitest/browser-webdriverio@4.1.11
91 silly packumentCache full:https://registry.npmjs.org/@vitest%2fbrowser-webdriverio cache-miss
92 http cache https://registry.npmjs.org/@vitest%2fbrowser-webdriverio 8ms (cache hit)
93 silly packumentCache full:https://registry.npmjs.org/@vitest%2fbrowser-webdriverio set size:140979 disposed:false
94 silly fetch manifest webdriverio@*
95 silly packumentCache full:https://registry.npmjs.org/webdriverio cache-miss
96 http cache https://registry.npmjs.org/webdriverio 26ms (cache hit)
97 silly packumentCache full:https://registry.npmjs.org/webdriverio set size:3166662 disposed:false
98 silly fetch manifest puppeteer-core@>=22.x <=24.x
99 silly packumentCache full:https://registry.npmjs.org/puppeteer-core cache-miss
100 http cache https://registry.npmjs.org/puppeteer-core 13ms (cache hit)
101 silly packumentCache full:https://registry.npmjs.org/puppeteer-core set size:1576304 disposed:false
102 silly fetch manifest @vitest/coverage-istanbul@4.1.11
103 silly packumentCache full:https://registry.npmjs.org/@vitest%2fcoverage-istanbul cache-miss
104 http cache https://registry.npmjs.org/@vitest%2fcoverage-istanbul 12ms (cache hit)
105 silly packumentCache full:https://registry.npmjs.org/@vitest%2fcoverage-istanbul set size:706429 disposed:false
106 silly fetch manifest @vitest/coverage-v8@4.1.11
107 silly packumentCache full:https://registry.npmjs.org/@vitest%2fcoverage-v8 cache-miss
108 http cache https://registry.npmjs.org/@vitest%2fcoverage-v8 9ms (cache hit)
109 silly packumentCache full:https://registry.npmjs.org/@vitest%2fcoverage-v8 set size:542743 disposed:false
110 silly fetch manifest @vitest/browser@4.1.11
111 silly packumentCache full:https://registry.npmjs.org/@vitest%2fbrowser cache-miss
112 http cache https://registry.npmjs.org/@vitest%2fbrowser 15ms (cache hit)
113 silly packumentCache full:https://registry.npmjs.org/@vitest%2fbrowser set size:804518 disposed:false
114 silly fetch manifest @vitest/ui@4.1.11
115 silly packumentCache full:https://registry.npmjs.org/@vitest%2fui cache-miss
116 http cache https://registry.npmjs.org/@vitest%2fui 64ms (cache hit)
117 silly packumentCache full:https://registry.npmjs.org/@vitest%2fui set size:1292367 disposed:false
118 silly fetch manifest happy-dom@*
119 silly packumentCache full:https://registry.npmjs.org/happy-dom cache-miss
120 http fetch GET 200 https://registry.npmjs.org/happy-dom 4334ms (cache miss)
121 silly packumentCache full:https://registry.npmjs.org/happy-dom set size:undefined disposed:false
122 silly fetch manifest jsdom@*
123 silly packumentCache full:https://registry.npmjs.org/jsdom cache-miss
124 http fetch GET 200 https://registry.npmjs.org/jsdom 1181ms (cache miss)
125 silly packumentCache full:https://registry.npmjs.org/jsdom set size:undefined disposed:false
126 silly fetch manifest canvas@^3.2.3
127 silly packumentCache full:https://registry.npmjs.org/canvas cache-miss
128 http fetch GET 200 https://registry.npmjs.org/canvas 493ms (cache miss)
129 silly packumentCache full:https://registry.npmjs.org/canvas set size:undefined disposed:false
130 silly fetch manifest esbuild@^0.27.0 || ^0.28.0
131 silly packumentCache full:https://registry.npmjs.org/esbuild cache-miss
132 http fetch GET 200 https://registry.npmjs.org/esbuild 1987ms (cache miss)
133 silly packumentCache full:https://registry.npmjs.org/esbuild set size:undefined disposed:false
134 silly fetch manifest jiti@>=1.21.0
135 silly packumentCache full:https://registry.npmjs.org/jiti cache-miss
136 http fetch GET 200 https://registry.npmjs.org/jiti 551ms (cache miss)
137 silly packumentCache full:https://registry.npmjs.org/jiti set size:undefined disposed:false
138 silly fetch manifest less@^4.0.0
139 silly packumentCache full:https://registry.npmjs.org/less cache-miss
140 http fetch GET 200 https://registry.npmjs.org/less 497ms (cache miss)
141 silly packumentCache full:https://registry.npmjs.org/less set size:undefined disposed:false
142 silly fetch manifest sass@^1.70.0
143 silly packumentCache full:https://registry.npmjs.org/sass cache-miss
144 http fetch GET 200 https://registry.npmjs.org/sass 1309ms (cache miss)
145 silly packumentCache full:https://registry.npmjs.org/sass set size:undefined disposed:false
146 silly fetch manifest sass-embedded@^1.70.0
147 silly packumentCache full:https://registry.npmjs.org/sass-embedded cache-miss
148 http fetch GET 200 https://registry.npmjs.org/sass-embedded 413ms (cache miss)
149 silly packumentCache full:https://registry.npmjs.org/sass-embedded set size:undefined disposed:false
150 silly fetch manifest stylus@>=0.54.8
151 silly packumentCache full:https://registry.npmjs.org/stylus cache-miss
152 http fetch GET 200 https://registry.npmjs.org/stylus 391ms (cache miss)
153 silly packumentCache full:https://registry.npmjs.org/stylus set size:undefined disposed:false
154 silly fetch manifest sugarss@^5.0.0
155 silly packumentCache full:https://registry.npmjs.org/sugarss cache-miss
156 http fetch GET 200 https://registry.npmjs.org/sugarss 235ms (cache miss)
157 silly packumentCache full:https://registry.npmjs.org/sugarss set size:undefined disposed:false
158 silly fetch manifest postcss@^8.3.3
159 silly packumentCache full:https://registry.npmjs.org/postcss cache-miss
160 http fetch GET 200 https://registry.npmjs.org/postcss 740ms (cache miss)
161 silly packumentCache full:https://registry.npmjs.org/postcss set size:undefined disposed:false
162 silly fetch manifest terser@^5.16.0
163 silly packumentCache full:https://registry.npmjs.org/terser cache-miss
164 http fetch GET 200 https://registry.npmjs.org/terser 985ms (cache miss)
165 silly packumentCache full:https://registry.npmjs.org/terser set size:undefined disposed:false
166 silly fetch manifest tsx@^4.8.1
167 silly packumentCache full:https://registry.npmjs.org/tsx cache-miss
168 http fetch GET 200 https://registry.npmjs.org/tsx 692ms (cache miss)
169 silly packumentCache full:https://registry.npmjs.org/tsx set size:undefined disposed:false
170 silly fetch manifest yaml@^2.4.2
171 silly packumentCache full:https://registry.npmjs.org/yaml cache-miss
172 http fetch GET 200 https://registry.npmjs.org/yaml 792ms (cache miss)
173 silly packumentCache full:https://registry.npmjs.org/yaml set size:undefined disposed:false
174 silly fetch manifest babel-plugin-react-compiler@^1.0.0
175 silly packumentCache full:https://registry.npmjs.org/babel-plugin-react-compiler cache-miss
176 http fetch GET 200 https://registry.npmjs.org/babel-plugin-react-compiler 1132ms (cache miss)
177 silly packumentCache full:https://registry.npmjs.org/babel-plugin-react-compiler set size:undefined disposed:false
178 silly fetch manifest oxc-transform-react@^0.145.0
179 silly packumentCache full:https://registry.npmjs.org/oxc-transform-react cache-miss
180 http fetch GET 200 https://registry.npmjs.org/oxc-transform-react 341ms (cache miss)
181 silly packumentCache full:https://registry.npmjs.org/oxc-transform-react set size:undefined disposed:false
182 silly fetch manifest react@latest
183 silly packumentCache full:https://registry.npmjs.org/react cache-miss
184 http fetch GET 200 https://registry.npmjs.org/react 10411ms (cache miss)
185 silly packumentCache full:https://registry.npmjs.org/react set size:undefined disposed:false
186 silly fetch manifest react-dom@latest
187 silly packumentCache full:https://registry.npmjs.org/react-dom cache-miss
188 http fetch GET 200 https://registry.npmjs.org/react-dom 13556ms (cache miss)
189 silly packumentCache full:https://registry.npmjs.org/react-dom set size:undefined disposed:false
190 silly placeDep ROOT @vitejs/plugin-react@6.1.1 OK for: mawada-memories@1.0.0 want: latest
191 silly placeDep ROOT vite@8.2.2 OK for: @vitejs/plugin-react@6.1.1 want: ^8.0.0
192 silly placeDep ROOT react@19.2.8 OK for: mawada-memories@1.0.0 want: latest
193 silly placeDep ROOT react-dom@19.2.8 OK for: mawada-memories@1.0.0 want: latest
194 silly fetch manifest @rolldown/pluginutils@^1.0.1
195 silly packumentCache full:https://registry.npmjs.org/@rolldown%2fpluginutils cache-miss
196 silly fetch manifest postcss@^8.5.26
197 silly packumentCache full:https://registry.npmjs.org/postcss cache-miss
198 silly fetch manifest rolldown@~1.2.4
199 silly packumentCache full:https://registry.npmjs.org/rolldown cache-miss
200 http cache https://registry.npmjs.org/@rolldown%2fpluginutils 30ms (cache hit)
201 silly packumentCache full:https://registry.npmjs.org/@rolldown%2fpluginutils set size:300388 disposed:false
202 silly fetch manifest picomatch@^4.0.5
203 silly packumentCache full:https://registry.npmjs.org/picomatch cache-miss
204 http cache https://registry.npmjs.org/rolldown 52ms (cache hit)
205 silly packumentCache full:https://registry.npmjs.org/rolldown set size:3801673 disposed:false
206 silly fetch manifest tinyglobby@^0.2.17
207 silly packumentCache full:https://registry.npmjs.org/tinyglobby cache-miss
208 http cache https://registry.npmjs.org/postcss 161ms (cache hit)
209 silly packumentCache full:https://registry.npmjs.org/postcss set size:760024 disposed:false
210 silly fetch manifest lightningcss@^1.33.0
211 silly packumentCache full:https://registry.npmjs.org/lightningcss cache-miss
212 http cache https://registry.npmjs.org/picomatch 156ms (cache hit)
213 silly packumentCache full:https://registry.npmjs.org/picomatch set size:134451 disposed:false
214 silly fetch manifest fsevents@~2.3.3
215 silly packumentCache full:https://registry.npmjs.org/fsevents cache-miss
216 http cache https://registry.npmjs.org/tinyglobby 52ms (cache hit)
217 silly packumentCache full:https://registry.npmjs.org/tinyglobby set size:54291 disposed:false
218 silly fetch manifest scheduler@^0.27.0
219 silly packumentCache full:https://registry.npmjs.org/scheduler cache-miss
220 http cache https://registry.npmjs.org/lightningcss 29ms (cache hit)
221 silly packumentCache full:https://registry.npmjs.org/lightningcss set size:191065 disposed:false
222 http cache https://registry.npmjs.org/fsevents 24ms (cache hit)
223 silly packumentCache full:https://registry.npmjs.org/fsevents set size:182472 disposed:false
224 http cache https://registry.npmjs.org/scheduler 45ms (cache hit)
225 silly packumentCache full:https://registry.npmjs.org/scheduler set size:5726953 disposed:false
226 silly placeDep ROOT @rolldown/pluginutils@1.0.1 OK for: @vitejs/plugin-react@6.1.1 want: ^1.0.1
227 silly placeDep ROOT scheduler@0.27.0 OK for: react-dom@19.2.8 want: ^0.27.0
228 silly placeDep ROOT fsevents@2.3.3 OK for: vite@8.2.2 want: ~2.3.3
229 silly placeDep ROOT lightningcss@1.33.0 OK for: vite@8.2.2 want: ^1.33.0
230 silly placeDep ROOT picomatch@4.0.7 OK for: vite@8.2.2 want: ^4.0.5
231 silly placeDep ROOT postcss@8.5.26 OK for: vite@8.2.2 want: ^8.5.26
232 silly placeDep ROOT rolldown@1.2.6 OK for: vite@8.2.2 want: ~1.2.4
233 silly placeDep ROOT tinyglobby@0.2.17 OK for: vite@8.2.2 want: ^0.2.17
234 silly fetch manifest detect-libc@^2.0.3
235 silly packumentCache full:https://registry.npmjs.org/detect-libc cache-miss
236 silly fetch manifest lightningcss-darwin-x64@1.33.0
237 silly packumentCache full:https://registry.npmjs.org/lightningcss-darwin-x64 cache-miss
238 silly fetch manifest lightningcss-linux-x64-gnu@1.33.0
239 silly packumentCache full:https://registry.npmjs.org/lightningcss-linux-x64-gnu cache-miss
240 http cache https://registry.npmjs.org/lightningcss-darwin-x64 17ms (cache hit)
241 silly packumentCache full:https://registry.npmjs.org/lightningcss-darwin-x64 set size:80374 disposed:false
242 silly fetch manifest lightningcss-win32-x64-msvc@1.33.0
243 silly packumentCache full:https://registry.npmjs.org/lightningcss-win32-x64-msvc cache-miss
244 http cache https://registry.npmjs.org/detect-libc 26ms (cache hit)
245 silly packumentCache full:https://registry.npmjs.org/detect-libc set size:47861 disposed:false
246 silly fetch manifest lightningcss-win32-arm64-msvc@1.33.0
247 silly packumentCache full:https://registry.npmjs.org/lightningcss-win32-arm64-msvc cache-miss
248 http cache https://registry.npmjs.org/lightningcss-linux-x64-gnu 28ms (cache hit)
249 silly packumentCache full:https://registry.npmjs.org/lightningcss-linux-x64-gnu set size:81819 disposed:false
250 silly fetch manifest lightningcss-darwin-arm64@1.33.0
251 silly packumentCache full:https://registry.npmjs.org/lightningcss-darwin-arm64 cache-miss
252 http cache https://registry.npmjs.org/lightningcss-win32-arm64-msvc 52ms (cache hit)
253 silly packumentCache full:https://registry.npmjs.org/lightningcss-win32-arm64-msvc set size:28346 disposed:false
254 silly fetch manifest lightningcss-linux-arm64-gnu@1.33.0
255 silly packumentCache full:https://registry.npmjs.org/lightningcss-linux-arm64-gnu cache-miss
256 http cache https://registry.npmjs.org/lightningcss-darwin-arm64 56ms (cache hit)
257 silly packumentCache full:https://registry.npmjs.org/lightningcss-darwin-arm64 set size:80970 disposed:false
258 silly fetch manifest lightningcss-linux-arm-gnueabihf@1.33.0
259 silly packumentCache full:https://registry.npmjs.org/lightningcss-linux-arm-gnueabihf cache-miss
260 http cache https://registry.npmjs.org/lightningcss-win32-x64-msvc 72ms (cache hit)
261 silly packumentCache full:https://registry.npmjs.org/lightningcss-win32-x64-msvc set size:81347 disposed:false
262 silly fetch manifest lightningcss-linux-arm64-musl@1.33.0
263 silly packumentCache full:https://registry.npmjs.org/lightningcss-linux-arm64-musl cache-miss
264 http cache https://registry.npmjs.org/lightningcss-linux-arm64-gnu 61ms (cache hit)
265 silly packumentCache full:https://registry.npmjs.org/lightningcss-linux-arm64-gnu set size:82397 disposed:false
266 silly fetch manifest lightningcss-linux-x64-musl@1.33.0
267 silly packumentCache full:https://registry.npmjs.org/lightningcss-linux-x64-musl cache-miss
268 http cache https://registry.npmjs.org/lightningcss-linux-arm-gnueabihf 57ms (cache hit)
269 silly packumentCache full:https://registry.npmjs.org/lightningcss-linux-arm-gnueabihf set size:82635 disposed:false
270 silly fetch manifest lightningcss-freebsd-x64@1.33.0
271 silly packumentCache full:https://registry.npmjs.org/lightningcss-freebsd-x64 cache-miss
272 http cache https://registry.npmjs.org/lightningcss-linux-arm64-musl 60ms (cache hit)
273 silly packumentCache full:https://registry.npmjs.org/lightningcss-linux-arm64-musl set size:82617 disposed:false
274 silly fetch manifest lightningcss-android-arm64@1.33.0
275 silly packumentCache full:https://registry.npmjs.org/lightningcss-android-arm64 cache-miss
276 http cache https://registry.npmjs.org/lightningcss-linux-x64-musl 64ms (cache hit)
277 silly packumentCache full:https://registry.npmjs.org/lightningcss-linux-x64-musl set size:82032 disposed:false
278 silly fetch manifest nanoid@^3.3.17
279 silly packumentCache full:https://registry.npmjs.org/nanoid cache-miss
280 http cache https://registry.npmjs.org/lightningcss-freebsd-x64 67ms (cache hit)
281 silly packumentCache full:https://registry.npmjs.org/lightningcss-freebsd-x64 set size:44564 disposed:false
282 silly fetch manifest picocolors@^1.1.1
283 silly packumentCache full:https://registry.npmjs.org/picocolors cache-miss
284 http cache https://registry.npmjs.org/lightningcss-android-arm64 95ms (cache hit)
285 silly packumentCache full:https://registry.npmjs.org/lightningcss-android-arm64 set size:9371 disposed:false
286 silly fetch manifest source-map-js@^1.2.1
287 silly packumentCache full:https://registry.npmjs.org/source-map-js cache-miss
288 http cache https://registry.npmjs.org/picocolors 70ms (cache hit)
289 silly packumentCache full:https://registry.npmjs.org/picocolors set size:16648 disposed:false
290 silly fetch manifest @oxc-project/types@=0.147.0
291 silly packumentCache full:https://registry.npmjs.org/@oxc-project%2ftypes cache-miss
292 http cache https://registry.npmjs.org/nanoid 144ms (cache hit)
293 silly packumentCache full:https://registry.npmjs.org/nanoid set size:342705 disposed:false
294 silly fetch manifest @rolldown/binding-darwin-x64@1.2.6
295 silly packumentCache full:https://registry.npmjs.org/@rolldown%2fbinding-darwin-x64 cache-miss
296 http cache https://registry.npmjs.org/source-map-js 127ms (cache hit)
297 silly packumentCache full:https://registry.npmjs.org/source-map-js set size:62640 disposed:false
298 silly fetch manifest @rolldown/binding-freebsd-x64@1.2.6
299 silly packumentCache full:https://registry.npmjs.org/@rolldown%2fbinding-freebsd-x64 cache-miss
300 http cache https://registry.npmjs.org/@oxc-project%2ftypes 151ms (cache hit)
301 silly packumentCache full:https://registry.npmjs.org/@oxc-project%2ftypes set size:253335 disposed:false
302 silly fetch manifest @rolldown/binding-darwin-arm64@1.2.6
303 silly packumentCache full:https://registry.npmjs.org/@rolldown%2fbinding-darwin-arm64 cache-miss
304 http cache https://registry.npmjs.org/@rolldown%2fbinding-freebsd-x64 102ms (cache hit)
305 silly packumentCache full:https://registry.npmjs.org/@rolldown%2fbinding-freebsd-x64 set size:1071221 disposed:false
306 silly fetch manifest @rolldown/binding-android-arm64@1.2.6
307 silly packumentCache full:https://registry.npmjs.org/@rolldown%2fbinding-android-arm64 cache-miss
308 http fetch GET 200 https://registry.npmjs.org/@rolldown%2fbinding-android-arm64 1347ms (cache miss)
309 silly packumentCache full:https://registry.npmjs.org/@rolldown%2fbinding-android-arm64 set size:undefined disposed:false
310 silly fetch manifest @rolldown/binding-linux-x64-gnu@1.2.6
311 silly packumentCache full:https://registry.npmjs.org/@rolldown%2fbinding-linux-x64-gnu cache-miss
312 http fetch GET 200 https://registry.npmjs.org/@rolldown%2fbinding-darwin-x64 1653ms (cache miss)
313 silly packumentCache full:https://registry.npmjs.org/@rolldown%2fbinding-darwin-x64 set size:undefined disposed:false
314 silly fetch manifest @rolldown/binding-linux-x64-musl@1.2.6
315 silly packumentCache full:https://registry.npmjs.org/@rolldown%2fbinding-linux-x64-musl cache-miss
316 http cache https://registry.npmjs.org/@rolldown%2fbinding-linux-x64-gnu 343ms (cache hit)
317 silly packumentCache full:https://registry.npmjs.org/@rolldown%2fbinding-linux-x64-gnu set size:1417124 disposed:false
318 silly fetch manifest @rolldown/binding-win32-x64-msvc@1.2.6
319 silly packumentCache full:https://registry.npmjs.org/@rolldown%2fbinding-win32-x64-msvc cache-miss
320 http cache https://registry.npmjs.org/@rolldown%2fbinding-linux-x64-musl 177ms (cache hit)
321 silly packumentCache full:https://registry.npmjs.org/@rolldown%2fbinding-linux-x64-musl set size:1421827 disposed:false
322 silly fetch manifest @rolldown/binding-linux-arm64-gnu@1.2.6
323 silly packumentCache full:https://registry.npmjs.org/@rolldown%2fbinding-linux-arm64-gnu cache-miss
324 http fetch GET 200 https://registry.npmjs.org/@rolldown%2fbinding-darwin-arm64 2087ms (cache miss)
325 silly packumentCache full:https://registry.npmjs.org/@rolldown%2fbinding-darwin-arm64 set size:undefined disposed:false
326 silly fetch manifest @rolldown/binding-linux-ppc64-gnu@1.2.6
327 silly packumentCache full:https://registry.npmjs.org/@rolldown%2fbinding-linux-ppc64-gnu cache-miss
328 http cache https://registry.npmjs.org/@rolldown%2fbinding-linux-ppc64-gnu 262ms (cache hit)
329 silly packumentCache full:https://registry.npmjs.org/@rolldown%2fbinding-linux-ppc64-gnu set size:65570 disposed:false
330 silly fetch manifest @rolldown/binding-linux-s390x-gnu@1.2.6
331 silly packumentCache full:https://registry.npmjs.org/@rolldown%2fbinding-linux-s390x-gnu cache-miss
332 http fetch GET 200 https://registry.npmjs.org/@rolldown%2fbinding-linux-s390x-gnu 344ms (cache miss)
333 silly packumentCache full:https://registry.npmjs.org/@rolldown%2fbinding-linux-s390x-gnu set size:undefined disposed:false
334 silly fetch manifest @rolldown/binding-android-arm-eabi@1.2.6
335 silly packumentCache full:https://registry.npmjs.org/@rolldown%2fbinding-android-arm-eabi cache-miss
336 http cache https://registry.npmjs.org/@rolldown%2fbinding-android-arm-eabi 37ms (cache hit)
337 silly packumentCache full:https://registry.npmjs.org/@rolldown%2fbinding-android-arm-eabi set size:13866 disposed:false
338 silly fetch manifest @rolldown/binding-linux-arm64-musl@1.2.6
339 silly packumentCache full:https://registry.npmjs.org/@rolldown%2fbinding-linux-arm64-musl cache-miss
340 http fetch GET 200 https://registry.npmjs.org/@rolldown%2fbinding-win32-x64-msvc 1198ms (cache miss)
341 silly packumentCache full:https://registry.npmjs.org/@rolldown%2fbinding-win32-x64-msvc set size:undefined disposed:false
342 silly fetch manifest @rolldown/binding-win32-arm64-msvc@1.2.6
343 silly packumentCache full:https://registry.npmjs.org/@rolldown%2fbinding-win32-arm64-msvc cache-miss
344 http fetch GET 200 https://registry.npmjs.org/@rolldown%2fbinding-linux-arm64-gnu 1608ms (cache miss)
345 silly packumentCache full:https://registry.npmjs.org/@rolldown%2fbinding-linux-arm64-gnu set size:undefined disposed:false
346 silly fetch manifest @rolldown/binding-openharmony-arm64@1.2.6
347 silly packumentCache full:https://registry.npmjs.org/@rolldown%2fbinding-openharmony-arm64 cache-miss
348 http cache https://registry.npmjs.org/@rolldown%2fbinding-openharmony-arm64 76ms (cache hit)
349 silly packumentCache full:https://registry.npmjs.org/@rolldown%2fbinding-openharmony-arm64 set size:139947 disposed:false
350 silly fetch manifest @rolldown/binding-linux-arm-gnueabihf@1.2.6
351 silly packumentCache full:https://registry.npmjs.org/@rolldown%2fbinding-linux-arm-gnueabihf cache-miss
352 http fetch GET 200 https://registry.npmjs.org/@rolldown%2fbinding-linux-arm64-musl 1141ms (cache miss)
353 silly packumentCache full:https://registry.npmjs.org/@rolldown%2fbinding-linux-arm64-musl set size:undefined disposed:false
354 silly fetch manifest fdir@^6.5.0
355 silly packumentCache full:https://registry.npmjs.org/fdir cache-miss
356 http fetch GET 200 https://registry.npmjs.org/@rolldown%2fbinding-win32-arm64-msvc 1129ms (cache miss)
357 silly packumentCache full:https://registry.npmjs.org/@rolldown%2fbinding-win32-arm64-msvc set size:undefined disposed:false
358 http fetch GET 200 https://registry.npmjs.org/fdir 406ms (cache miss)
359 silly packumentCache full:https://registry.npmjs.org/fdir set size:undefined disposed:false
360 http fetch GET 200 https://registry.npmjs.org/@rolldown%2fbinding-linux-arm-gnueabihf 1637ms (cache miss)
361 silly packumentCache full:https://registry.npmjs.org/@rolldown%2fbinding-linux-arm-gnueabihf set size:undefined disposed:false
362 silly placeDep ROOT detect-libc@2.1.2 OK for: lightningcss@1.33.0 want: ^2.0.3
363 silly placeDep ROOT lightningcss-android-arm64@1.33.0 OK for: lightningcss@1.33.0 want: 1.33.0
364 silly placeDep ROOT lightningcss-darwin-arm64@1.33.0 OK for: lightningcss@1.33.0 want: 1.33.0
365 silly placeDep ROOT lightningcss-darwin-x64@1.33.0 OK for: lightningcss@1.33.0 want: 1.33.0
366 silly placeDep ROOT lightningcss-freebsd-x64@1.33.0 OK for: lightningcss@1.33.0 want: 1.33.0
367 silly placeDep ROOT lightningcss-linux-arm-gnueabihf@1.33.0 OK for: lightningcss@1.33.0 want: 1.33.0
368 silly placeDep ROOT lightningcss-linux-arm64-gnu@1.33.0 OK for: lightningcss@1.33.0 want: 1.33.0
369 silly placeDep ROOT lightningcss-linux-arm64-musl@1.33.0 OK for: lightningcss@1.33.0 want: 1.33.0
370 silly placeDep ROOT lightningcss-linux-x64-gnu@1.33.0 OK for: lightningcss@1.33.0 want: 1.33.0
371 silly placeDep ROOT lightningcss-linux-x64-musl@1.33.0 OK for: lightningcss@1.33.0 want: 1.33.0
372 silly placeDep ROOT lightningcss-win32-arm64-msvc@1.33.0 OK for: lightningcss@1.33.0 want: 1.33.0
373 silly placeDep ROOT lightningcss-win32-x64-msvc@1.33.0 OK for: lightningcss@1.33.0 want: 1.33.0
374 silly placeDep ROOT nanoid@3.3.18 OK for: postcss@8.5.26 want: ^3.3.17
375 silly placeDep ROOT picocolors@1.1.1 OK for: postcss@8.5.26 want: ^1.1.1
376 silly placeDep ROOT source-map-js@1.2.1 OK for: postcss@8.5.26 want: ^1.2.1
377 silly placeDep ROOT @oxc-project/types@0.147.0 OK for: rolldown@1.2.6 want: =0.147.0
378 silly placeDep ROOT @rolldown/binding-android-arm-eabi@1.2.6 OK for: rolldown@1.2.6 want: 1.2.6
379 silly placeDep ROOT @rolldown/binding-android-arm64@1.2.6 OK for: rolldown@1.2.6 want: 1.2.6
380 silly placeDep ROOT @rolldown/binding-darwin-arm64@1.2.6 OK for: rolldown@1.2.6 want: 1.2.6
381 silly placeDep ROOT @rolldown/binding-darwin-x64@1.2.6 OK for: rolldown@1.2.6 want: 1.2.6
382 silly placeDep ROOT @rolldown/binding-freebsd-x64@1.2.6 OK for: rolldown@1.2.6 want: 1.2.6
383 silly placeDep ROOT @rolldown/binding-linux-arm-gnueabihf@1.2.6 OK for: rolldown@1.2.6 want: 1.2.6
384 silly placeDep ROOT @rolldown/binding-linux-arm64-gnu@1.2.6 OK for: rolldown@1.2.6 want: 1.2.6
385 silly placeDep ROOT @rolldown/binding-linux-arm64-musl@1.2.6 OK for: rolldown@1.2.6 want: 1.2.6
386 silly placeDep ROOT @rolldown/binding-linux-ppc64-gnu@1.2.6 OK for: rolldown@1.2.6 want: 1.2.6
387 silly placeDep ROOT @rolldown/binding-linux-s390x-gnu@1.2.6 OK for: rolldown@1.2.6 want: 1.2.6
388 silly placeDep ROOT @rolldown/binding-linux-x64-gnu@1.2.6 OK for: rolldown@1.2.6 want: 1.2.6
389 silly placeDep ROOT @rolldown/binding-linux-x64-musl@1.2.6 OK for: rolldown@1.2.6 want: 1.2.6
390 silly placeDep ROOT @rolldown/binding-openharmony-arm64@1.2.6 OK for: rolldown@1.2.6 want: 1.2.6
391 silly placeDep ROOT @rolldown/binding-win32-arm64-msvc@1.2.6 OK for: rolldown@1.2.6 want: 1.2.6
392 silly placeDep ROOT @rolldown/binding-win32-x64-msvc@1.2.6 OK for: rolldown@1.2.6 want: 1.2.6
393 silly fetch manifest picomatch@^4.0.4
394 silly packumentCache full:https://registry.npmjs.org/picomatch cache-hit
395 silly placeDep ROOT fdir@6.5.0 OK for: tinyglobby@0.2.17 want: ^6.5.0
396 silly reify moves {}
397 silly audit bulk request {
397 silly audit   '@vitejs/plugin-react': [ '6.1.1' ],
397 silly audit   vite: [ '8.2.2' ],
397 silly audit   react: [ '19.2.8' ],
397 silly audit   'react-dom': [ '19.2.8' ],
397 silly audit   '@rolldown/pluginutils': [ '1.0.1' ],
397 silly audit   scheduler: [ '0.27.0' ],
397 silly audit   fsevents: [ '2.3.3' ],
397 silly audit   lightningcss: [ '1.33.0' ],
397 silly audit   picomatch: [ '4.0.7' ],
397 silly audit   postcss: [ '8.5.26' ],
397 silly audit   rolldown: [ '1.2.6' ],
397 silly audit   tinyglobby: [ '0.2.17' ],
397 silly audit   'detect-libc': [ '2.1.2' ],
397 silly audit   'lightningcss-android-arm64': [ '1.33.0' ],
397 silly audit   'lightningcss-darwin-arm64': [ '1.33.0' ],
397 silly audit   'lightningcss-darwin-x64': [ '1.33.0' ],
397 silly audit   'lightningcss-freebsd-x64': [ '1.33.0' ],
397 silly audit   'lightningcss-linux-arm-gnueabihf': [ '1.33.0' ],
397 silly audit   'lightningcss-linux-arm64-gnu': [ '1.33.0' ],
397 silly audit   'lightningcss-linux-arm64-musl': [ '1.33.0' ],
397 silly audit   'lightningcss-linux-x64-gnu': [ '1.33.0' ],
397 silly audit   'lightningcss-linux-x64-musl': [ '1.33.0' ],
397 silly audit   'lightningcss-win32-arm64-msvc': [ '1.33.0' ],
397 silly audit   'lightningcss-win32-x64-msvc': [ '1.33.0' ],
397 silly audit   nanoid: [ '3.3.18' ],
397 silly audit   picocolors: [ '1.1.1' ],
397 silly audit   'source-map-js': [ '1.2.1' ],
397 silly audit   '@oxc-project/types': [ '0.147.0' ],
397 silly audit   '@rolldown/binding-android-arm-eabi': [ '1.2.6' ],
397 silly audit   '@rolldown/binding-android-arm64': [ '1.2.6' ],
397 silly audit   '@rolldown/binding-darwin-arm64': [ '1.2.6' ],
397 silly audit   '@rolldown/binding-darwin-x64': [ '1.2.6' ],
397 silly audit   '@rolldown/binding-freebsd-x64': [ '1.2.6' ],
397 silly audit   '@rolldown/binding-linux-arm-gnueabihf': [ '1.2.6' ],
397 silly audit   '@rolldown/binding-linux-arm64-gnu': [ '1.2.6' ],
397 silly audit   '@rolldown/binding-linux-arm64-musl': [ '1.2.6' ],
397 silly audit   '@rolldown/binding-linux-ppc64-gnu': [ '1.2.6' ],
397 silly audit   '@rolldown/binding-linux-s390x-gnu': [ '1.2.6' ],
397 silly audit   '@rolldown/binding-linux-x64-gnu': [ '1.2.6' ],
397 silly audit   '@rolldown/binding-linux-x64-musl': [ '1.2.6' ],
397 silly audit   '@rolldown/binding-openharmony-arm64': [ '1.2.6' ],
397 silly audit   '@rolldown/binding-win32-arm64-msvc': [ '1.2.6' ],
397 silly audit   '@rolldown/binding-win32-x64-msvc': [ '1.2.6' ],
397 silly audit   fdir: [ '6.5.0' ]
397 silly audit }
398 http cache fdir@https://registry.npmjs.org/fdir/-/fdir-6.5.0.tgz 0ms (cache hit)
399 http cache @oxc-project/types@https://registry.npmjs.org/@oxc-project/types/-/types-0.147.0.tgz 0ms (cache hit)
400 http cache @rolldown/binding-win32-x64-msvc@https://registry.npmjs.org/@rolldown/binding-win32-x64-msvc/-/binding-win32-x64-msvc-1.2.6.tgz 0ms (cache hit)
401 http cache source-map-js@https://registry.npmjs.org/source-map-js/-/source-map-js-1.2.1.tgz 0ms (cache hit)
402 http cache picocolors@https://registry.npmjs.org/picocolors/-/picocolors-1.1.1.tgz 0ms (cache hit)
403 http cache nanoid@https://registry.npmjs.org/nanoid/-/nanoid-3.3.18.tgz 0ms (cache hit)
404 http cache detect-libc@https://registry.npmjs.org/detect-libc/-/detect-libc-2.1.2.tgz 0ms (cache hit)
405 http cache lightningcss-win32-x64-msvc@https://registry.npmjs.org/lightningcss-win32-x64-msvc/-/lightningcss-win32-x64-msvc-1.33.0.tgz 0ms (cache hit)
406 http cache tinyglobby@https://registry.npmjs.org/tinyglobby/-/tinyglobby-0.2.17.tgz 0ms (cache hit)
407 http cache rolldown@https://registry.npmjs.org/rolldown/-/rolldown-1.2.6.tgz 0ms (cache hit)
408 http cache postcss@https://registry.npmjs.org/postcss/-/postcss-8.5.26.tgz 0ms (cache hit)
409 http cache picomatch@https://registry.npmjs.org/picomatch/-/picomatch-4.0.7.tgz 0ms (cache hit)
410 http cache lightningcss@https://registry.npmjs.org/lightningcss/-/lightningcss-1.33.0.tgz 0ms (cache hit)
411 http cache @rolldown/pluginutils@https://registry.npmjs.org/@rolldown/pluginutils/-/pluginutils-1.0.1.tgz 0ms (cache hit)
412 http cache scheduler@https://registry.npmjs.org/scheduler/-/scheduler-0.27.0.tgz 1ms (cache hit)
413 http cache react@https://registry.npmjs.org/react/-/react-19.2.8.tgz 0ms (cache hit)
414 http cache react-dom@https://registry.npmjs.org/react-dom/-/react-dom-19.2.8.tgz 0ms (cache hit)
415 http cache vite@https://registry.npmjs.org/vite/-/vite-8.2.2.tgz 1ms (cache hit)
416 http cache @vitejs/plugin-react@https://registry.npmjs.org/@vitejs/plugin-react/-/plugin-react-6.1.1.tgz 0ms (cache hit)
417 silly tarball no local data for fdir@https://registry.npmjs.org/fdir/-/fdir-6.5.0.tgz. Extracting by manifest.
418 silly tarball no local data for @oxc-project/types@https://registry.npmjs.org/@oxc-project/types/-/types-0.147.0.tgz. Extracting by manifest.
419 silly tarball no local data for @rolldown/binding-win32-x64-msvc@https://registry.npmjs.org/@rolldown/binding-win32-x64-msvc/-/binding-win32-x64-msvc-1.2.6.tgz. Extracting by manifest.
420 silly tarball no local data for source-map-js@https://registry.npmjs.org/source-map-js/-/source-map-js-1.2.1.tgz. Extracting by manifest.
421 silly tarball no local data for picocolors@https://registry.npmjs.org/picocolors/-/picocolors-1.1.1.tgz. Extracting by manifest.
422 silly tarball no local data for nanoid@https://registry.npmjs.org/nanoid/-/nanoid-3.3.18.tgz. Extracting by manifest.
423 silly tarball no local data for detect-libc@https://registry.npmjs.org/detect-libc/-/detect-libc-2.1.2.tgz. Extracting by manifest.
424 silly tarball no local data for lightningcss-win32-x64-msvc@https://registry.npmjs.org/lightningcss-win32-x64-msvc/-/lightningcss-win32-x64-msvc-1.33.0.tgz. Extracting by manifest.
425 silly tarball no local data for tinyglobby@https://registry.npmjs.org/tinyglobby/-/tinyglobby-0.2.17.tgz. Extracting by manifest.
426 silly tarball no local data for rolldown@https://registry.npmjs.org/rolldown/-/rolldown-1.2.6.tgz. Extracting by manifest.
427 silly tarball no local data for postcss@https://registry.npmjs.org/postcss/-/postcss-8.5.26.tgz. Extracting by manifest.
428 silly tarball no local data for picomatch@https://registry.npmjs.org/picomatch/-/picomatch-4.0.7.tgz. Extracting by manifest.
429 silly tarball no local data for lightningcss@https://registry.npmjs.org/lightningcss/-/lightningcss-1.33.0.tgz. Extracting by manifest.
430 silly tarball no local data for @rolldown/pluginutils@https://registry.npmjs.org/@rolldown/pluginutils/-/pluginutils-1.0.1.tgz. Extracting by manifest.
431 silly tarball no local data for scheduler@https://registry.npmjs.org/scheduler/-/scheduler-0.27.0.tgz. Extracting by manifest.
432 silly tarball no local data for react@https://registry.npmjs.org/react/-/react-19.2.8.tgz. Extracting by manifest.
433 silly tarball no local data for react-dom@https://registry.npmjs.org/react-dom/-/react-dom-19.2.8.tgz. Extracting by manifest.
434 silly tarball no local data for vite@https://registry.npmjs.org/vite/-/vite-8.2.2.tgz. Extracting by manifest.
435 silly tarball no local data for @vitejs/plugin-react@https://registry.npmjs.org/@vitejs/plugin-react/-/plugin-react-6.1.1.tgz. Extracting by manifest.
436 http fetch POST 200 https://registry.npmjs.org/-/npm/v1/security/advisories/bulk 328ms
437 silly audit report {}
438 http fetch GET 200 https://registry.npmjs.org/fdir/-/fdir-6.5.0.tgz 430ms (cache miss)
439 http fetch GET 200 https://registry.npmjs.org/scheduler/-/scheduler-0.27.0.tgz 573ms (cache miss)
440 http fetch GET 200 https://registry.npmjs.org/@oxc-project/types/-/types-0.147.0.tgz 807ms (cache miss)
441 http fetch GET 200 https://registry.npmjs.org/react/-/react-19.2.8.tgz 795ms (cache miss)
442 http fetch GET 200 https://registry.npmjs.org/@vitejs/plugin-react/-/plugin-react-6.1.1.tgz 1424ms (cache miss)
443 http fetch GET 200 https://registry.npmjs.org/detect-libc/-/detect-libc-2.1.2.tgz 2527ms (cache miss)
444 http fetch GET 200 https://registry.npmjs.org/picocolors/-/picocolors-1.1.1.tgz 2546ms (cache miss)
445 http fetch GET 200 https://registry.npmjs.org/tinyglobby/-/tinyglobby-0.2.17.tgz 2653ms (cache miss)
446 http fetch GET 200 https://registry.npmjs.org/source-map-js/-/source-map-js-1.2.1.tgz 2678ms (cache miss)
447 http fetch GET 200 https://registry.npmjs.org/nanoid/-/nanoid-3.3.18.tgz 2691ms (cache miss)
448 http fetch GET 200 https://registry.npmjs.org/@rolldown/pluginutils/-/pluginutils-1.0.1.tgz 2861ms (cache miss)
449 http fetch GET 200 https://registry.npmjs.org/postcss/-/postcss-8.5.26.tgz 3315ms (cache miss)
450 http fetch GET 200 https://registry.npmjs.org/lightningcss/-/lightningcss-1.33.0.tgz 3611ms (cache miss)
451 http fetch GET 200 https://registry.npmjs.org/picomatch/-/picomatch-4.0.7.tgz 3913ms (cache miss)
452 http fetch GET 200 https://registry.npmjs.org/rolldown/-/rolldown-1.2.6.tgz 4598ms (cache miss)
453 http fetch GET 200 https://registry.npmjs.org/vite/-/vite-8.2.2.tgz 4719ms (cache miss)
454 http fetch GET 200 https://registry.npmjs.org/react-dom/-/react-dom-19.2.8.tgz 12917ms (cache miss)
455 http fetch GET 200 https://registry.npmjs.org/lightningcss-win32-x64-msvc/-/lightningcss-win32-x64-msvc-1.33.0.tgz 16804ms (cache miss)
456 http fetch GET 200 https://registry.npmjs.org/@rolldown/binding-win32-x64-msvc/-/binding-win32-x64-msvc-1.2.6.tgz 78548ms (cache miss)
457 silly ADD node_modules/fdir
458 silly ADD node_modules/@rolldown/binding-win32-x64-msvc
459 silly ADD node_modules/@oxc-project/types
460 silly ADD node_modules/source-map-js
461 silly ADD node_modules/picocolors
462 silly ADD node_modules/nanoid
463 silly ADD node_modules/lightningcss-win32-x64-msvc
464 silly ADD node_modules/detect-libc
465 silly ADD node_modules/tinyglobby
466 silly ADD node_modules/rolldown
467 silly ADD node_modules/postcss
468 silly ADD node_modules/picomatch
469 silly ADD node_modules/lightningcss
470 silly ADD node_modules/scheduler
471 silly ADD node_modules/@rolldown/pluginutils
472 silly ADD node_modules/react-dom
473 silly ADD node_modules/react
474 silly ADD node_modules/vite
475 silly ADD node_modules/@vitejs/plugin-react
476 verbose cwd C:\Users\G E N O\Downloads\dody-birth
477 verbose os Windows_NT 10.0.19045
478 verbose node v26.7.0
479 verbose npm  v11.19.0
480 verbose exit 0
481 info ok
