0 verbose cli C:\Program Files\nodejs\node.exe C:\Program Files\nodejs\node_modules\npm\bin\npm-cli.js
1 info using npm@11.19.0
2 info using node@v26.7.0
3 silly config load:file:C:\Program Files\nodejs\node_modules\npm\npmrc
4 silly config load:file:C:\Users\G E N O\Downloads\dody-birth\.npmrc
5 silly config load:file:C:\Users\G E N O\.npmrc
6 silly config load:file:C:\Users\G E N O\AppData\Roaming\npm\etc\npmrc
7 verbose title npm install
8 verbose argv "install" "--cache" ".npm-cache" "--prefer-offline"
9 verbose logfile logs-max:10 dir:C:\Users\G E N O\Downloads\dody-birth\.npm-cache\_logs\2026-09-01T20_26_57_616Z-
10 verbose logfile C:\Users\G E N O\Downloads\dody-birth\.npm-cache\_logs\2026-09-01T20_26_57_616Z-debug-0.log
11 silly logfile done cleaning log files
12 silly packumentCache heap:2248146944 maxSize:562036736 maxEntrySize:281018368
13 silly idealTree buildDeps
14 silly reify moves {}
15 silly audit bulk request {
15 silly audit   '@babel/code-frame': [ '7.29.7' ],
15 silly audit   '@babel/compat-data': [ '7.29.7' ],
15 silly audit   '@babel/core': [ '7.29.7' ],
15 silly audit   '@babel/generator': [ '7.29.8' ],
15 silly audit   '@babel/helper-compilation-targets': [ '7.29.7' ],
15 silly audit   '@babel/helper-globals': [ '7.29.7' ],
15 silly audit   '@babel/helper-module-imports': [ '7.29.7' ],
15 silly audit   '@babel/helper-module-transforms': [ '7.29.7' ],
15 silly audit   '@babel/helper-plugin-utils': [ '7.29.7' ],
15 silly audit   '@babel/helper-string-parser': [ '7.29.7' ],
15 silly audit   '@babel/helper-validator-identifier': [ '7.29.7' ],
15 silly audit   '@babel/helper-validator-option': [ '7.29.7' ],
15 silly audit   '@babel/helpers': [ '7.29.7' ],
15 silly audit   '@babel/parser': [ '7.29.8' ],
15 silly audit   '@babel/plugin-transform-react-jsx-self': [ '7.29.7' ],
15 silly audit   '@babel/plugin-transform-react-jsx-source': [ '7.29.7' ],
15 silly audit   '@babel/template': [ '7.29.7' ],
15 silly audit   '@babel/traverse': [ '7.29.8' ],
15 silly audit   '@babel/types': [ '7.29.8' ],
15 silly audit   '@esbuild/aix-ppc64': [ '0.21.5' ],
15 silly audit   '@esbuild/android-arm': [ '0.21.5' ],
15 silly audit   '@esbuild/android-arm64': [ '0.21.5' ],
15 silly audit   '@esbuild/android-x64': [ '0.21.5' ],
15 silly audit   '@esbuild/darwin-arm64': [ '0.21.5' ],
15 silly audit   '@esbuild/darwin-x64': [ '0.21.5' ],
15 silly audit   '@esbuild/freebsd-arm64': [ '0.21.5' ],
15 silly audit   '@esbuild/freebsd-x64': [ '0.21.5' ],
15 silly audit   '@esbuild/linux-arm': [ '0.21.5' ],
15 silly audit   '@esbuild/linux-arm64': [ '0.21.5' ],
15 silly audit   '@esbuild/linux-ia32': [ '0.21.5' ],
15 silly audit   '@esbuild/linux-loong64': [ '0.21.5' ],
15 silly audit   '@esbuild/linux-mips64el': [ '0.21.5' ],
15 silly audit   '@esbuild/linux-ppc64': [ '0.21.5' ],
15 silly audit   '@esbuild/linux-riscv64': [ '0.21.5' ],
15 silly audit   '@esbuild/linux-s390x': [ '0.21.5' ],
15 silly audit   '@esbuild/linux-x64': [ '0.21.5' ],
15 silly audit   '@esbuild/netbsd-x64': [ '0.21.5' ],
15 silly audit   '@esbuild/openbsd-x64': [ '0.21.5' ],
15 silly audit   '@esbuild/sunos-x64': [ '0.21.5' ],
15 silly audit   '@esbuild/win32-arm64': [ '0.21.5' ],
15 silly audit   '@esbuild/win32-ia32': [ '0.21.5' ],
15 silly audit   '@esbuild/win32-x64': [ '0.21.5' ],
15 silly audit   '@jridgewell/gen-mapping': [ '0.3.13' ],
15 silly audit   '@jridgewell/remapping': [ '2.3.5' ],
15 silly audit   '@jridgewell/resolve-uri': [ '3.1.2' ],
15 silly audit   '@jridgewell/sourcemap-codec': [ '1.6.0' ],
15 silly audit   '@jridgewell/trace-mapping': [ '0.3.31' ],
15 silly audit   '@napi-rs/lzma-linux-x64-gnu': [ '1.5.1' ],
15 silly audit   '@rollup/rollup-android-arm-eabi': [ '4.63.1' ],
15 silly audit   '@rollup/rollup-android-arm64': [ '4.63.1' ],
15 silly audit   '@rollup/rollup-darwin-arm64': [ '4.63.1' ],
15 silly audit   '@rollup/rollup-darwin-x64': [ '4.63.1' ],
15 silly audit   '@rollup/rollup-freebsd-arm64': [ '4.63.1' ],
15 silly audit   '@rollup/rollup-freebsd-x64': [ '4.63.1' ],
15 silly audit   '@rollup/rollup-linux-arm-gnueabihf': [ '4.63.1' ],
15 silly audit   '@rollup/rollup-linux-arm-musleabihf': [ '4.63.1' ],
15 silly audit   '@rollup/rollup-linux-arm64-gnu': [ '4.63.1' ],
15 silly audit   '@rollup/rollup-linux-arm64-musl': [ '4.63.1' ],
15 silly audit   '@rollup/rollup-linux-loong64-gnu': [ '4.63.1' ],
15 silly audit   '@rollup/rollup-linux-loong64-musl': [ '4.63.1' ],
15 silly audit   '@rollup/rollup-linux-ppc64-gnu': [ '4.63.1' ],
15 silly audit   '@rollup/rollup-linux-ppc64-musl': [ '4.63.1' ],
15 silly audit   '@rollup/rollup-linux-riscv64-gnu': [ '4.63.1' ],
15 silly audit   '@rollup/rollup-linux-riscv64-musl': [ '4.63.1' ],
15 silly audit   '@rollup/rollup-linux-s390x-gnu': [ '4.63.1' ],
15 silly audit   '@rollup/rollup-linux-x64-gnu': [ '4.63.1' ],
15 silly audit   '@rollup/rollup-linux-x64-musl': [ '4.63.1' ],
15 silly audit   '@rollup/rollup-openbsd-x64': [ '4.63.1' ],
15 silly audit   '@rollup/rollup-openharmony-arm64': [ '4.63.1' ],
15 silly audit   '@rollup/rollup-win32-arm64-msvc': [ '4.63.1' ],
15 silly audit   '@rollup/rollup-win32-ia32-msvc': [ '4.63.1' ],
15 silly audit   '@rollup/rollup-win32-x64-gnu': [ '4.63.1' ],
15 silly audit   '@rollup/rollup-win32-x64-msvc': [ '4.63.1' ],
15 silly audit   '@types/babel__core': [ '7.20.5' ],
15 silly audit   '@types/babel__generator': [ '7.27.0' ],
15 silly audit   '@types/babel__template': [ '7.4.4' ],
15 silly audit   '@types/babel__traverse': [ '7.28.0' ],
15 silly audit   '@types/estree': [ '1.0.9' ],
15 silly audit   '@vitejs/plugin-react': [ '4.3.4' ],
15 silly audit   'baseline-browser-mapping': [ '2.11.20' ],
15 silly audit   browserslist: [ '4.28.8' ],
15 silly audit   'caniuse-lite': [ '1.0.30001810' ],
15 silly audit   'convert-source-map': [ '2.0.0' ],
15 silly audit   debug: [ '4.4.3' ],
15 silly audit   'electron-to-chromium': [ '1.5.419' ],
15 silly audit   esbuild: [ '0.21.5' ],
15 silly audit   escalade: [ '3.2.0' ],
15 silly audit   fsevents: [ '2.3.3' ],
15 silly audit   gensync: [ '1.0.0-beta.2' ],
15 silly audit   'js-tokens': [ '4.0.0' ],
15 silly audit   jsesc: [ '3.1.0' ],
15 silly audit   json5: [ '2.2.3' ],
15 silly audit   'loose-envify': [ '1.4.0' ],
15 silly audit   'lru-cache': [ '5.1.1' ],
15 silly audit   ms: [ '2.1.3' ],
15 silly audit   nanoid: [ '3.3.18' ],
15 silly audit   'node-releases': [ '2.0.54' ],
15 silly audit   picocolors: [ '1.1.1' ],
15 silly audit   postcss: [ '8.5.26' ],
15 silly audit   react: [ '18.3.1' ],
15 silly audit   'react-dom': [ '18.3.1' ],
15 silly audit   'react-refresh': [ '0.14.2' ],
15 silly audit   rollup: [ '4.63.1' ],
15 silly audit   scheduler: [ '0.23.2' ],
15 silly audit   semver: [ '6.3.1' ],
15 silly audit   'source-map-js': [ '1.2.1' ],
15 silly audit   'update-browserslist-db': [ '1.3.2' ],
15 silly audit   vite: [ '5.4.14' ],
15 silly audit   yallist: [ '3.1.1' ]
15 silly audit }
16 http fetch POST 200 https://registry.npmjs.org/-/npm/v1/security/advisories/bulk 3933ms
17 silly audit report {
17 silly audit report   esbuild: [
17 silly audit report     {
17 silly audit report       id: 1102341,
17 silly audit report       url: 'https://github.com/advisories/GHSA-67mh-4wv8-2f99',
17 silly audit report       title: 'esbuild enables any website to send any requests to the development server and read the response',
17 silly audit report       severity: 'moderate',
17 silly audit report       vulnerable_versions: '<=0.24.2',
17 silly audit report       cwe: [Array],
17 silly audit report       cvss: [Object]
17 silly audit report     }
17 silly audit report   ],
17 silly audit report   vite: [
17 silly audit report     {
17 silly audit report       id: 1103517,
17 silly audit report       url: 'https://github.com/advisories/GHSA-x574-m823-4x7w',
17 silly audit report       title: 'Vite bypasses server.fs.deny when using ?raw??',
17 silly audit report       severity: 'moderate',
17 silly audit report       vulnerable_versions: '>=5.0.0 <5.4.15',
17 silly audit report       cwe: [Array],
17 silly audit report       cvss: [Object]
17 silly audit report     },
17 silly audit report     {
17 silly audit report       id: 1103884,
17 silly audit report       url: 'https://github.com/advisories/GHSA-356w-63v5-8wf4',
17 silly audit report       title: 'Vite has an `server.fs.deny` bypass with an invalid `request-target`',
17 silly audit report       severity: 'moderate',
17 silly audit report       vulnerable_versions: '>=5.0.0 <5.4.18',
17 silly audit report       cwe: [Array],
17 silly audit report       cvss: [Object]
17 silly audit report     },
17 silly audit report     {
17 silly audit report       id: 1104173,
17 silly audit report       url: 'https://github.com/advisories/GHSA-859w-5945-r5v3',
17 silly audit report       title: "Vite's server.fs.deny bypassed with /. for files under project root",
17 silly audit report       severity: 'moderate',
17 silly audit report       vulnerable_versions: '>=5.0.0 <=5.4.18',
17 silly audit report       cwe: [Array],
17 silly audit report       cvss: [Object]
17 silly audit report     },
17 silly audit report     {
17 silly audit report       id: 1104202,
17 silly audit report       url: 'https://github.com/advisories/GHSA-xcj6-pq6g-qj4x',
17 silly audit report       title: 'Vite allows server.fs.deny to be bypassed with .svg or relative paths',
17 silly audit report       severity: 'moderate',
17 silly audit report       vulnerable_versions: '>=5.0.0 <5.4.17',
17 silly audit report       cwe: [Array],
17 silly audit report       cvss: [Object]
17 silly audit report     },
17 silly audit report     {
17 silly audit report       id: 1107323,
17 silly audit report       url: 'https://github.com/advisories/GHSA-g4jq-h2w9-997c',
17 silly audit report       title: 'Vite middleware may serve files starting with the same name with the public directory',
17 silly audit report       severity: 'low',
17 silly audit report       vulnerable_versions: '<=5.4.19',
17 silly audit report       cwe: [Array],
17 silly audit report       cvss: [Object]
17 silly audit report     },
17 silly audit report     {
17 silly audit report       id: 1107327,
17 silly audit report       url: 'https://github.com/advisories/GHSA-jqfw-vq24-v9c3',
17 silly audit report       title: "Vite's `server.fs` settings were not applied to HTML files",
17 silly audit report       severity: 'low',
17 silly audit report       vulnerable_versions: '<=5.4.19',
17 silly audit report       cwe: [Array],
17 silly audit report       cvss: [Object]
17 silly audit report     },
17 silly audit report     {
17 silly audit report       id: 1109131,
17 silly audit report       url: 'https://github.com/advisories/GHSA-93m4-6634-74q7',
17 silly audit report       title: 'vite allows server.fs.deny bypass via backslash on Windows',
17 silly audit report       severity: 'moderate',
17 silly audit report       vulnerable_versions: '>=5.2.6 <=5.4.20',
17 silly audit report       cwe: [Array],
17 silly audit report       cvss: [Object]
17 silly audit report     },
17 silly audit report     {
17 silly audit report       id: 1112511,
17 silly audit report       url: 'https://github.com/advisories/GHSA-4r4m-qw57-chr8',
17 silly audit report       title: 'Vite has a `server.fs.deny` bypassed for `inline` and `raw` with `?import` query',
17 silly audit report       severity: 'moderate',
17 silly audit report       vulnerable_versions: '>=5.0.0 <5.4.16',
17 silly audit report       cwe: [Array],
17 silly audit report       cvss: [Object]
17 silly audit report     },
17 silly audit report     {
17 silly audit report       id: 1120784,
17 silly audit report       url: 'https://github.com/advisories/GHSA-v6wh-96g9-6wx3',
17 silly audit report       title: 'launch-editor: NTLMv2 hash disclosure via UNC path handling on Windows',
17 silly audit report       severity: 'moderate',
17 silly audit report       vulnerable_versions: '<=6.4.2',
17 silly audit report       cwe: [Array],
17 silly audit report       cvss: [Object]
17 silly audit report     },
17 silly audit report     {
17 silly audit report       id: 1116229,
17 silly audit report       url: 'https://github.com/advisories/GHSA-4w7w-66w2-5vf9',
17 silly audit report       title: 'Vite Vulnerable to Path Traversal in Optimized Deps `.map` Handling',
17 silly audit report       severity: 'moderate',
17 silly audit report       vulnerable_versions: '<=6.4.1',
17 silly audit report       cwe: [Array],
17 silly audit report       cvss: [Object]
17 silly audit report     },
17 silly audit report     {
17 silly audit report       id: 1123525,
17 silly audit report       url: 'https://github.com/advisories/GHSA-fx2h-pf6j-xcff',
17 silly audit report       title: 'vite: `server.fs.deny` bypass on Windows alternate paths',
17 silly audit report       severity: 'high',
17 silly audit report       vulnerable_versions: '<=6.4.2',
17 silly audit report       cwe: [Array],
17 silly audit report       cvss: [Object]
17 silly audit report     }
17 silly audit report   ]
17 silly audit report }
18 silly packumentCache corgi:https://registry.npmjs.org/esbuild cache-miss
19 silly packumentCache corgi:https://registry.npmjs.org/vite cache-miss
20 http fetch GET 200 https://registry.npmjs.org/esbuild 1032ms (cache stale)
21 silly packumentCache corgi:https://registry.npmjs.org/esbuild set size:889133 disposed:false
22 http fetch GET 200 https://registry.npmjs.org/vite 1117ms (cache stale)
23 silly packumentCache corgi:https://registry.npmjs.org/vite set size:2298256 disposed:false
24 silly packumentCache corgi:https://registry.npmjs.org/@vitejs%2fplugin-react cache-miss
25 http fetch GET 200 https://registry.npmjs.org/@vitejs%2fplugin-react 66ms (cache stale)
26 silly packumentCache corgi:https://registry.npmjs.org/@vitejs%2fplugin-react set size:120851 disposed:false
27 warn install-scripts 1 package has install scripts not yet covered by allowScripts:
27 warn install-scripts   esbuild@0.21.5 (postinstall: node install.js)
27 warn install-scripts
27 warn install-scripts Run `npm install-scripts ls` to review, or `npm install-scripts approve <pkg>` to allow.
28 verbose cwd C:\Users\G E N O\Downloads\dody-birth
29 verbose os Windows_NT 10.0.19045
30 verbose node v26.7.0
31 verbose npm  v11.19.0
32 verbose exit 0
33 info ok
